===============================================================================
A5 CERTIFICATE -- p = 41
E : y^2 = x^3 - 56x   [0,0,0,-56,0]   conductor 12544 = 2^8 * 7^2
===============================================================================
date            : 2026-08-20 15:04:04 UTC
host            : laptop  Darwin 25.5.0 arm64
sage            : /usr/local/bin/sage  --  SageMath version 10.7, Release Date: 2025-08-09
gp              : /opt/homebrew/bin/gp  --  PARI/GP [2, 17, 2]
python3         : Python 3.14.2
generated by    : series/code/lpadic/run.sh 41 4 5 7200
commands run    : (scripts are series/code/lpadic/*, copied to a scratch dir)
    P=41 NPREC=14 gp -q regulator.gp
    sage regulator.sage 41 14
    sage certificates.sage 41 4 5 7200
    python3 check_agreement.py 41 cert_41.out ../data/lmfdb_iwasawa.txt
-------------------------------------------------------------------------------

=== STEP 1/4 : Reg_p, implementation 1 of 2 -- PARI/GP ellpadicregulator ===
  ***   Warning: new stack size = 1000000000 (953.674 Mbytes).
### PARI/GP height side
pari version      : [2, 17, 2]
p                 : 41
working precision : O(p^14)
curve             : y^2 = x^3 - 56x   [0,0,0,-56,0]
conductor         : 12544
discriminant      : 11239424
Tamagawa product  : [2, 8; 7, 2]
torsion order     : 2
MW basis          : [-7, 7], [9, 15]
on curve?         : 1 1
a_p               : -8
#Etilde(F_p)      : 50
p | #Etilde(F_p)? : 0   (0 = non-anomalous)
alpha (unit root) : 33 + 35*41 + 33*41^2 + 8*41^3 + 20*41^5 + 15*41^6 + 7*41^7 + 29*41^8 + 36*41^9 + 20*41^10 + 10*41^11 + 31*41^12 + 13*41^13 + O(41^14)
(1-alpha^-1)^2    : 16 + 15*41 + 19*41^2 + 37*41^3 + 40*41^4 + 7*41^5 + 2*41^6 + 24*41^7 + 35*41^8 + 2*41^9 + 25*41^10 + 8*41^11 + 25*41^12 + 10*41^13 + O(41^14)
v_p of that       : 0   (0 = non-anomalous)
Reg_p (PARI)      : 27*41^2 + 22*41^3 + 40*41^4 + 41^5 + 40*41^6 + 2*41^7 + 12*41^8 + 14*41^9 + 38*41^10 + 27*41^11 + 5*41^12 + 4*41^13 + 30*41^14 + 2*41^15 + O(41^16)
v_p(Reg_p)        : 2   (expected 2)
ellpadicregulator : 0.0070000000000000000000000000000000000000 s
log_p(1+p)        : 41 + 20*41^2 + 34*41^3 + 16*41^4 + 36*41^5 + 41^6 + 8*41^7 + 41^8 + 4*41^9 + 28*41^10 + 36*41^11 + 12*41^12 + 9*41^13 + O(41^14)
v_p(log_p(1+p))   : 1   (expected 1)
HEIGHT SIDE       : (1-alpha^-1)^2 * Reg_p / log_p(1+p)^2 , Sha-factor 1
height side       : 22 + 10*41 + 9*41^2 + 10*41^3 + 9*41^4 + 16*41^5 + 16*41^6 + 9*41^7 + 36*41^8 + 41^9 + 24*41^10 + 23*41^11 + 29*41^12 + O(41^13)
v_p(height side)  : 0   (expected 0)
MACHINE hs.pari v=0 prec=13 digits=[22, 10, 9, 10, 9, 16, 16, 9, 36, 1, 24, 23, 29]
MACHINE reg.pari v=2 prec=16 digits=[27, 22, 40, 1, 40, 2, 12, 14, 38, 27, 5, 4, 30, 2]
MACHINE ap.pari v=0 prec=0 digits=[-8]
exit status     : 0

=== STEP 2/4 : Reg_p, implementation 2 of 2 -- Sage padic_regulator ===
### Sage height side
sage version      : SageMath version 10.7, Release Date: 2025-08-09
p                 : 41
working precision : O(p^14)
curve             : Elliptic Curve defined by y^2 = x^3 - 56*x over Rational Field
conductor         : 12544
discriminant      : 11239424
Tamagawa product  : 4
torsion order     : 2
rank              : 2
a_p               : -8
#Etilde(F_p)      : 50
anomalous?        : False   (False = non-anomalous)
ordinary?         : True
good reduction?   : True
Reg_p (Sage)      : 27*41^2 + 22*41^3 + 40*41^4 + 41^5 + 40*41^6 + 2*41^7 + 12*41^8 + 14*41^9 + 38*41^10 + 27*41^11 + 5*41^12 + 4*41^13 + 30*41^14 + O(41^15)
v_p(Reg_p)        : 2   (expected 2)
padic_regulator   : 0.430 s
MW basis          : (-7, 7) , (9, 15)
h(P1)             : 5*41 + 27*41^2 + 6*41^3 + 27*41^4 + 7*41^5 + 12*41^6 + 39*41^7 + 30*41^8 + 6*41^9 + 27*41^10 + 37*41^11 + 35*41^12 + 15*41^13 + O(41^14)
h(P2)             : 29*41 + 34*41^2 + 19*41^3 + 5*41^4 + 20*41^5 + 7*41^6 + 36*41^7 + 6*41^8 + 21*41^9 + 10*41^10 + 39*41^11 + 22*41^12 + 31*41^13 + O(41^14)
<P1,P2>           : 35*41 + 34*41^2 + 14*41^3 + 33*41^4 + 16*41^5 + 20*41^6 + 36*41^8 + 16*41^9 + 15*41^10 + 4*41^11 + 3*41^12 + 35*41^13 + O(41^14)
Gram determinant  : 27*41^2 + 22*41^3 + 40*41^4 + 41^5 + 40*41^6 + 2*41^7 + 12*41^8 + 14*41^9 + 38*41^10 + 27*41^11 + 5*41^12 + 4*41^13 + 30*41^14 + O(41^15)
v_p(Gram det)     : 2
Gram det == Reg_p : True
alpha (unit root) : 33 + 35*41 + 33*41^2 + 8*41^3 + 20*41^5 + 15*41^6 + 7*41^7 + 29*41^8 + 36*41^9 + 20*41^10 + 10*41^11 + 31*41^12 + 13*41^13 + O(41^14)
(1-alpha^-1)^2    : 16 + 15*41 + 19*41^2 + 37*41^3 + 40*41^4 + 7*41^5 + 2*41^6 + 24*41^7 + 35*41^8 + 2*41^9 + 25*41^10 + 8*41^11 + 25*41^12 + 10*41^13 + O(41^14)
v_p of that       : 0   (0 = non-anomalous)
log_p(1+p)        : 41 + 20*41^2 + 34*41^3 + 16*41^4 + 36*41^5 + 41^6 + 8*41^7 + 41^8 + 4*41^9 + 28*41^10 + 36*41^11 + 12*41^12 + 9*41^13 + O(41^14)
v_p(log_p(1+p))   : 1   (expected 1)
HEIGHT SIDE       : (1-alpha^-1)^2 * Reg_p / log_p(1+p)^2 , Sha-factor 1
height side       : 22 + 10*41 + 9*41^2 + 10*41^3 + 9*41^4 + 16*41^5 + 16*41^6 + 9*41^7 + 36*41^8 + 41^9 + 24*41^10 + 23*41^11 + 29*41^12 + O(41^13)
v_p(height side)  : 0   (expected 0)
MACHINE hs.sage v=0 prec=13 digits=[22, 10, 9, 10, 9, 16, 16, 9, 36, 1, 24, 23, 29]
MACHINE reg.sage v=2 prec=15 digits=[27, 22, 40, 1, 40, 2, 12, 14, 38, 27, 5, 4, 30]
MACHINE gram.sage v=2 prec=15 digits=[27, 22, 40, 1, 40, 2, 12, 14, 38, 27, 5, 4, 30]
MACHINE ap.sage v=0 prec=0 digits=[-8]
exit status     : 0

=== STEP 3/4 : L-side, modular symbols at level 12544 (Stein-Wuthrich) ===
### A5 certificate, L-side by modular symbols at level 12544
sage version      : SageMath version 10.7, Release Date: 2025-08-09
p                 : 41
n (approx order)  : 4
prec_T            : 5
implementation    : eclib
hard cap (s)      : 7200
curve             : Elliptic Curve defined by y^2 = x^3 - 56*x over Rational Field
conductor         : 12544
Tamagawa product  : 4
torsion order     : 2
prod c_v/#tors^2  : 1   (eq:padicbsd normalising factor)
a_p               : -8
#Etilde(F_p)      : 50
good reduction    : True
ordinary          : True
p = 1 mod 4       : True   (split in K = Q(i))
anomalous         : False   (lem:noanomalous: never, for this curve)
rhobar irreducible: True   (lem: c_bound = 0 below)
Warning : Curve outside Cremona's table. Computations of modular symbol space might take very long !
Lp object         : 41-adic L-series of Elliptic Curve defined by y^2 = x^3 - 56*x over Rational Field
normalisation     : L_p(E,1) = (1-1/alpha)^2 L(E,1)/Omega_E   [Stein-Wuthrich]
_c_bound()        : 0   (denominator bound on the modular symbols)
_prec_bounds(n,precT): [+Infinity, 3, 3, 3, 3]
   => provable truncation: coeff j of L_p(E,T) is correct mod p^bounds[j]
summands in the Riemann sum: (p-1)*p^(n-1) = 2756840
series runtime    : 540.6 s
L_p(E,T)          : O(41^6) + O(41^3)*T + (22 + 10*41 + 9*41^2 + O(41^3))*T^2 + (28 + 28*41 + 20*41^2 + O(41^3))*T^3 + (22 + 36*41 + 7*41^2 + O(41^3))*T^4 + O(T^5)
c_0               : O(41^6)
c_1               : O(41^3)
c_2               : 22 + 10*41 + 9*41^2 + O(41^3)
c_3               : 28 + 28*41 + 20*41^2 + O(41^3)
c_0 precision     : O(p^6)   (lem:c0c1 gives c_0 = 0 exactly)
c_1 precision     : O(p^3)   (lem:c0c1 gives c_1 = 0 exactly)
c_2 precision     : O(p^3)   <-- the truncation bound achieved
c_0 is zero to that precision : True
c_1 is zero to that precision : True
v_p(c_2(p))       : 0
c_2 digits (p^0 first, up to O(p^3)) : [22, 10, 9]
MACHINE c2.modsym v=0 prec=3 digits=[22, 10, 9]
CERTIFICATE       : v_p(c_2(p)) = 0  -- leading digit 22, rigorous to O(p^3)
  => by lem:c0c1 (c_0 = c_1 = 0 exactly), L_p(E,T) = T^2 (c_2 + ...) with
     c_2 in Z_p^*, hence  mu_an(p) = 0  and  lambda_an(p) = 2.
LAMBDA_AN         : 2
MU_AN             : 0
MACHINE lambda_an v=0 prec=0 digits=[2]
MACHINE mu_an v=0 prec=0 digits=[0]
### height side (Sage), Sha-factor 1
alpha             : 33 + 35*41 + 33*41^2 + 8*41^3 + 20*41^5 + 15*41^6 + 7*41^7 + 29*41^8 + 36*41^9 + 20*41^10 + 10*41^11 + 31*41^12 + 13*41^13 + O(41^14)
(1-alpha^-1)^2    : 16 + 15*41 + 19*41^2 + 37*41^3 + 40*41^4 + 7*41^5 + 2*41^6 + 24*41^7 + 35*41^8 + 2*41^9 + 25*41^10 + 8*41^11 + 25*41^12 + 10*41^13 + O(41^14)
Reg_p             : 27*41^2 + 22*41^3 + 40*41^4 + 41^5 + 40*41^6 + 2*41^7 + 12*41^8 + 14*41^9 + 38*41^10 + 27*41^11 + 5*41^12 + 4*41^13 + 30*41^14 + O(41^15)
v_p(Reg_p)        : 2
log_p(1+p)        : 41 + 20*41^2 + 34*41^3 + 16*41^4 + 36*41^5 + 41^6 + 8*41^7 + 41^8 + 4*41^9 + 28*41^10 + 36*41^11 + 12*41^12 + 9*41^13 + O(41^14)
height side       : 22 + 10*41 + 9*41^2 + 10*41^3 + 9*41^4 + 16*41^5 + 16*41^6 + 9*41^7 + 36*41^8 + 41^9 + 24*41^10 + 23*41^11 + 29*41^12 + O(41^13)
v_p(height side)  : 0
height side digits (p^0 first, up to O(p^13)) : [22, 10, 9, 10, 9, 16, 16, 9, 36, 1, 24, 23, 29]
MACHINE hs.cert v=0 prec=13 digits=[22, 10, 9, 10, 9, 16, 16, 9, 36, 1, 24, 23, 29]
MACHINE reg.cert v=2 prec=15 digits=[27, 22, 40, 1, 40, 2, 12, 14, 38, 27, 5, 4, 30]
### eq:match5 comparison at p = 41
digits compared   : 3
height side       : [22, 10, 9]
L-side (mod syms) : [22, 10, 9]
valuations        : height 0 , L-side 0
MATCH             : YES, all 3 digits
exit status     : 0

=== STEP 4/4 : mechanical cross-checks (check_agreement.py) ===
### check_agreement.py -- mechanical cross-checks
p                 : 41
cert file         : /var/folders/k4/pkrxzk7d2rx_tdj2jfcdd80r0000gn/T//a5_p41_P7T2LG/cert_41.out
MACHINE tags found: ap.pari, ap.sage, c2.modsym, gram.sage, hs.cert, hs.pari, hs.sage, lambda_an, mu_an, reg.cert, reg.pari, reg.sage
C1a Reg_p  PARI vs Sage                        : PASS  v=2, 13 digits agree
C1b Reg_p  Sage vs certificates.sage           : PASS  v=2, 13 digits agree
C2  Reg_p  vs Gram det on (-7,7),(9,15)        : PASS  v=2, 13 digits agree
C3a height side  PARI vs Sage                  : PASS  v=0, 13 digits agree
C3b height side  Sage vs certificates.sage     : PASS  v=0, 13 digits agree
C4  a_p  PARI vs Sage                          : PASS  v=0, 1 digits agree
C5  eq:match5  height side vs L-side           : PASS  all 3 certified L-side digits
C6  certificate  v_p(c_2(p)) = 0               : PASS  leading digit 22, rigorous to O(41^3)
C6b in-house Iwasawa invariants                : lambda_an = 2 , mu_an = 0
C7  vs Appendix B (LMFDB, corroboration)       : PASS  LMFDB lambda=2 mu=0, in-house lambda=2 mu=0
-------------------------------------------------------------------------------
RESULT            : ALL CHECKS PASS
exit status     : 0

=== END p = 41 ===
