===============================================================================
eq:padicbsd CONTROL -- D = -33 , p = 13
E : y^2 = x^3 - -33x    Mordell-Weil basis [[4,14],[16,68]]
===============================================================================
date            : 2026-09-05 14:17:06 UTC
host            : Barinders-MacBook-Pro-2.local  Darwin 25.5.0 arm64
sage            : /usr/local/bin/sage  --  SageMath version 10.7, Release Date: 2025-08-09
gp              : /opt/homebrew/bin/gp  --  PARI/GP [2, 17, 2]
python3         : Python 3.14.2
generated by    : D=-33 EXPECT_V=0 code/sage/run.sh 13 4 5 3600
commands run    : (code/gp/regulator.gp and code/sage/*, copied to a scratch dir)
    P=13 NPREC=14 gp -q regulator.gp
    sage regulator.sage 13 14
    sage certificates.sage 13 4 5 3600
    python3 check_agreement.py 13 cert_13.out code/data/lmfdb_iwasawa_D-33.txt
-------------------------------------------------------------------------------

=== STEP 1/4 : Reg_p, implementation 1 of 2 -- PARI/GP ellpadicregulator ===
  ***   Warning: new stack size = 1000000000 (953.674 Mbytes).
### PARI/GP height side
pari version      : [2, 17, 2]
p                 : 13
working precision : O(p^14)
curve             : y^2 = x^3 - -33x   [0,0,0,33,0]
conductor         : 69696
discriminant      : -2299968
Tamagawa product  : 4
torsion order     : 2
MW basis          : [4, 14], [16, 68]
on curve?         : 1 1
a_p               : -4
#Etilde(F_p)      : 18
p | #Etilde(F_p)? : 0   (0 = non-anomalous, lem:noanomalous)
alpha (unit root) : 9 + 9*13 + 8*13^2 + 12*13^3 + 10*13^4 + 9*13^5 + 8*13^6 + 12*13^7 + 9*13^8 + 13^9 + 6*13^11 + 13^12 + 5*13^13 + O(13^14)
(1-alpha^-1)^2    : 4 + 3*13 + 4*13^2 + 9*13^3 + 2*13^4 + 3*13^5 + 13^7 + 4*13^8 + 11*13^9 + 4*13^10 + 10*13^11 + 6*13^12 + 13^13 + O(13^14)
v_p of that       : 0   (0 = non-anomalous)
Reg_p (PARI)      : 6*13^2 + 10*13^3 + 8*13^4 + 13^5 + 8*13^6 + 4*13^7 + 4*13^8 + 5*13^9 + 12*13^11 + 10*13^12 + 6*13^13 + 7*13^14 + 13^15 + O(13^16)
v_p(Reg_p)        : 2   (prop:scaneq: 2)
ellpadicregulator : 0.0020000000000000000000000000000000000000 s
log_p(1+p)        : 13 + 6*13^2 + 2*13^3 + 5*13^4 + 10*13^6 + 13^7 + 11*13^8 + 8*13^9 + 6*13^10 + 6*13^11 + 3*13^12 + 7*13^13 + O(13^14)
v_p(log_p(1+p))   : 1   (expected 1)
prod c_v/#tors^2  : 1   (eq:padicbsd normalising factor)
HEIGHT SIDE       : (1-alpha^-1)^2 * (prod c_v/#tors^2) * Reg_p / log_p(1+p)^2 , Sha-factor 1
height side       : 11 + 5*13 + 9*13^2 + 5*13^3 + 12*13^4 + 5*13^5 + 2*13^6 + 4*13^7 + 12*13^8 + 9*13^9 + 7*13^10 + 2*13^11 + 5*13^12 + O(13^13)
v_p(height side)  : 0   (expected 0)
MACHINE hs.pari v=0 prec=13 digits=[11, 5, 9, 5, 12, 5, 2, 4, 12, 9, 7, 2, 5]
MACHINE reg.pari v=2 prec=16 digits=[6, 10, 8, 1, 8, 4, 4, 5, 0, 12, 10, 6, 7, 1]
MACHINE ap.pari v=0 prec=0 digits=[-4]
exit status     : 0

=== STEP 2/4 : Reg_p, implementation 2 of 2 -- Sage padic_regulator ===
### Sage height side
sage version      : SageMath version 10.7, Release Date: 2025-08-09
p                 : 13
working precision : O(p^14)
curve             : Elliptic Curve defined by y^2 = x^3 + 33*x over Rational Field
conductor         : 69696
discriminant      : -2299968
Tamagawa product  : 4
torsion order     : 2
rank              : 2
a_p               : -4
#Etilde(F_p)      : 18
anomalous?        : False   (False = non-anomalous, lem:noanomalous)
ordinary?         : True
good reduction?   : True
Reg_p (Sage)      : 6*13^2 + 10*13^3 + 8*13^4 + 13^5 + 8*13^6 + 4*13^7 + 4*13^8 + 5*13^9 + 12*13^11 + 10*13^12 + 6*13^13 + 7*13^14 + O(13^15)
v_p(Reg_p)        : 2   (prop:scaneq: 2)
padic_regulator   : 0.457 s
MW basis          : (4, 14) , (16, 68)
h(P1)             : 2*13 + 2*13^2 + 3*13^3 + 10*13^4 + 13^5 + 4*13^7 + 13^8 + 8*13^9 + 13^10 + 11*13^11 + 5*13^12 + 5*13^13 + O(13^14)
h(P2)             : 3*13 + 2*13^2 + 11*13^3 + 10*13^4 + 2*13^5 + 5*13^6 + 9*13^7 + 12*13^11 + 12*13^12 + 8*13^13 + O(13^14)
<P1,P2>           : 12*13^2 + 5*13^3 + 11*13^4 + 7*13^5 + 5*13^6 + 9*13^7 + 12*13^8 + 10*13^9 + 2*13^11 + 8*13^12 + 4*13^13 + O(13^14)
Gram determinant  : 6*13^2 + 10*13^3 + 8*13^4 + 13^5 + 8*13^6 + 4*13^7 + 4*13^8 + 5*13^9 + 12*13^11 + 10*13^12 + 6*13^13 + 7*13^14 + O(13^15)
v_p(Gram det)     : 2
Gram det == Reg_p : True
alpha (unit root) : 9 + 9*13 + 8*13^2 + 12*13^3 + 10*13^4 + 9*13^5 + 8*13^6 + 12*13^7 + 9*13^8 + 13^9 + 6*13^11 + 13^12 + 5*13^13 + O(13^14)
(1-alpha^-1)^2    : 4 + 3*13 + 4*13^2 + 9*13^3 + 2*13^4 + 3*13^5 + 13^7 + 4*13^8 + 11*13^9 + 4*13^10 + 10*13^11 + 6*13^12 + 13^13 + O(13^14)
v_p of that       : 0   (0 = non-anomalous)
log_p(1+p)        : 13 + 6*13^2 + 2*13^3 + 5*13^4 + 10*13^6 + 13^7 + 11*13^8 + 8*13^9 + 6*13^10 + 6*13^11 + 3*13^12 + 7*13^13 + O(13^14)
v_p(log_p(1+p))   : 1   (expected 1)
prod c_v/#tors^2  : 1   (eq:padicbsd normalising factor)
HEIGHT SIDE       : (1-alpha^-1)^2 * (prod c_v/#tors^2) * Reg_p / log_p(1+p)^2 , Sha-factor 1
height side       : 11 + 5*13 + 9*13^2 + 5*13^3 + 12*13^4 + 5*13^5 + 2*13^6 + 4*13^7 + 12*13^8 + 9*13^9 + 7*13^10 + 2*13^11 + 5*13^12 + O(13^13)
v_p(height side)  : 0   (expected 0)
MACHINE hs.sage v=0 prec=13 digits=[11, 5, 9, 5, 12, 5, 2, 4, 12, 9, 7, 2, 5]
MACHINE reg.sage v=2 prec=15 digits=[6, 10, 8, 1, 8, 4, 4, 5, 0, 12, 10, 6, 7]
MACHINE gram.sage v=2 prec=15 digits=[6, 10, 8, 1, 8, 4, 4, 5, 0, 12, 10, 6, 7]
MACHINE ap.sage v=0 prec=0 digits=[-4]
exit status     : 0

=== STEP 3/4 : L-side, modular symbols by eclib (Stein-Wuthrich) ===
### L-side certificate, modular symbols by eclib
sage version      : SageMath version 10.7, Release Date: 2025-08-09
p                 : 13
n (approx order)  : 4
prec_T            : 5
implementation    : eclib
hard cap (s)      : 3600
curve             : Elliptic Curve defined by y^2 = x^3 + 33*x over Rational Field
conductor         : 69696
Tamagawa product  : 4
torsion order     : 2
prod c_v/#tors^2  : 1   (eq:padicbsd normalising factor)
a_p               : -4
#Etilde(F_p)      : 18
good reduction    : True
ordinary          : True
p = 1 mod 4       : True   (split in K = Q(i))
anomalous         : False   (lem:noanomalous: only p = 5 can be, and only when a_5 = -4)
rhobar irreducible: True   (gives _c_bound() = 0 below)
Warning : Curve outside Cremona's table. Computations of modular symbol space might take very long !
Lp object         : 13-adic L-series of Elliptic Curve defined by y^2 = x^3 + 33*x over Rational Field
normalisation     : L_p(E,1) = (1-1/alpha)^2 L(E,1)/Omega_E   [Stein-Wuthrich]
_c_bound()        : 0   (denominator bound on the modular symbols)
_prec_bounds(n,precT): [+Infinity, 3, 3, 3, 3]
   => provable truncation: coeff j of L_p(E,T) is correct mod p^bounds[j]
summands in the Riemann sum: (p-1)*p^(n-1) = 26364
series runtime    : 1.1 s
L_p(E,T)          : O(13^6) + O(13^3)*T + (11 + 5*13 + 9*13^2 + O(13^3))*T^2 + (13 + 7*13^2 + O(13^3))*T^3 + (12 + 4*13^2 + O(13^3))*T^4 + O(T^5)
c_0               : O(13^6)
c_1               : O(13^3)
c_2               : 11 + 5*13 + 9*13^2 + O(13^3)
c_3               : 13 + 7*13^2 + O(13^3)
c_0 precision     : O(p^6)   (lem:c0c1 gives c_0 = 0 exactly)
c_1 precision     : O(p^3)   (lem:c0c1 gives c_1 = 0 exactly)
c_2 precision     : O(p^3)   <-- the truncation bound achieved
c_0 is zero to that precision : True
c_1 is zero to that precision : True
v_p(c_2(p))       : 0
c_2 digits (p^0 first, up to O(p^3)) : [11, 5, 9]
MACHINE c2.modsym v=0 prec=3 digits=[11, 5, 9]
CERTIFICATE       : v_p(c_2(p)) = 0  -- leading digit 11, rigorous to O(p^3)
  => by lem:c0c1 (c_0 = c_1 = 0 exactly), L_p(E,T) = T^2 (c_2 + ...) with
     c_2 in Z_p^*, hence  mu_an(p) = 0  and  lambda_an(p) = 2.
LAMBDA_AN         : 2   (the least j with c_j a unit, over c_0..c_4)
MU_AN             : 0
MACHINE lambda_an v=0 prec=0 digits=[2]
MACHINE mu_an v=0 prec=0 digits=[0]
### height side (Sage), Sha-factor 1
prod c_v/#tors^2  : 1   (applied to the height side)
alpha             : 9 + 9*13 + 8*13^2 + 12*13^3 + 10*13^4 + 9*13^5 + 8*13^6 + 12*13^7 + 9*13^8 + 13^9 + 6*13^11 + 13^12 + 5*13^13 + O(13^14)
(1-alpha^-1)^2    : 4 + 3*13 + 4*13^2 + 9*13^3 + 2*13^4 + 3*13^5 + 13^7 + 4*13^8 + 11*13^9 + 4*13^10 + 10*13^11 + 6*13^12 + 13^13 + O(13^14)
Reg_p             : 6*13^2 + 10*13^3 + 8*13^4 + 13^5 + 8*13^6 + 4*13^7 + 4*13^8 + 5*13^9 + 12*13^11 + 10*13^12 + 6*13^13 + 7*13^14 + O(13^15)
v_p(Reg_p)        : 2
log_p(1+p)        : 13 + 6*13^2 + 2*13^3 + 5*13^4 + 10*13^6 + 13^7 + 11*13^8 + 8*13^9 + 6*13^10 + 6*13^11 + 3*13^12 + 7*13^13 + O(13^14)
height side       : 11 + 5*13 + 9*13^2 + 5*13^3 + 12*13^4 + 5*13^5 + 2*13^6 + 4*13^7 + 12*13^8 + 9*13^9 + 7*13^10 + 2*13^11 + 5*13^12 + O(13^13)
v_p(height side)  : 0
height side digits (p^0 first, up to O(p^13)) : [11, 5, 9, 5, 12, 5, 2, 4, 12, 9, 7, 2, 5]
MACHINE hs.cert v=0 prec=13 digits=[11, 5, 9, 5, 12, 5, 2, 4, 12, 9, 7, 2, 5]
MACHINE reg.cert v=2 prec=15 digits=[6, 10, 8, 1, 8, 4, 4, 5, 0, 12, 10, 6, 7]
### eq:padicbsd, two sides compared at p = 13
digits compared   : 3
height side       : [11, 5, 9]
L-side (mod syms) : [11, 5, 9]
valuations        : height 0 , L-side 0
MATCH             : YES, all 3 digits
exit status     : 0

=== STEP 4/4 : mechanical cross-checks (check_agreement.py) ===
### check_agreement.py -- mechanical cross-checks
p                 : 13
cert file         : /var/folders/k4/pkrxzk7d2rx_tdj2jfcdd80r0000gn/T//cert_D-33_p13_CBY0mT/cert_D-33_p13.out
MACHINE tags found: ap.pari, ap.sage, c2.modsym, gram.sage, hs.cert, hs.pari, hs.sage, lambda_an, mu_an, reg.cert, reg.pari, reg.sage
C1a Reg_p  PARI vs Sage                        : PASS  v=2, 13 digits agree
C1b Reg_p  Sage vs certificates.sage           : PASS  v=2, 13 digits agree
C2  Reg_p  vs Gram det on the MW basis         : PASS  v=2, 13 digits agree
C3a height side  PARI vs Sage                  : PASS  v=0, 13 digits agree
C3b height side  Sage vs certificates.sage     : PASS  v=0, 13 digits agree
C4  a_p  PARI vs Sage                          : PASS  v=0, 1 digits agree
C5  eq:padicbsd  height side vs L-side         : PASS  all 3 certified L-side digits
C6  certificate  v_p(c_2(p)) = 0               : PASS  leading digit 11, rigorous to O(13^3)
C6b in-house Iwasawa invariants                : lambda_an = 2 , mu_an = 0
C7  vs LMFDB table (corroboration)             : PASS  LMFDB lambda=2 mu=0, in-house lambda=2 mu=0
-------------------------------------------------------------------------------
RESULT            : ALL CHECKS PASS
exit status     : 0

=== END p = 13 ===
