===============================================================================
A5 CERTIFICATE -- p = 13
E : y^2 = x^3 - 56x   [0,0,0,-56,0]   conductor 12544 = 2^8 * 7^2
===============================================================================
date            : 2026-08-20 15:04:04 UTC
host            : laptop  Darwin 25.5.0 arm64
sage            : /usr/local/bin/sage  --  SageMath version 10.7, Release Date: 2025-08-09
gp              : /opt/homebrew/bin/gp  --  PARI/GP [2, 17, 2]
python3         : Python 3.14.2
generated by    : series/code/lpadic/run.sh 13 6 5 7200
commands run    : (scripts are series/code/lpadic/*, copied to a scratch dir)
    P=13 NPREC=14 gp -q regulator.gp
    sage regulator.sage 13 14
    sage certificates.sage 13 6 5 7200
    python3 check_agreement.py 13 cert_13.out ../data/lmfdb_iwasawa.txt
-------------------------------------------------------------------------------

=== STEP 1/4 : Reg_p, implementation 1 of 2 -- PARI/GP ellpadicregulator ===
  ***   Warning: new stack size = 1000000000 (953.674 Mbytes).
### PARI/GP height side
pari version      : [2, 17, 2]
p                 : 13
working precision : O(p^14)
curve             : y^2 = x^3 - 56x   [0,0,0,-56,0]
conductor         : 12544
discriminant      : 11239424
Tamagawa product  : [2, 8; 7, 2]
torsion order     : 2
MW basis          : [-7, 7], [9, 15]
on curve?         : 1 1
a_p               : -6
#Etilde(F_p)      : 20
p | #Etilde(F_p)? : 0   (0 = non-anomalous)
alpha (unit root) : 7 + 10*13 + 2*13^2 + 10*13^4 + 10*13^5 + 2*13^6 + 2*13^8 + 3*13^9 + 4*13^10 + 12*13^12 + O(13^14)
(1-alpha^-1)^2    : 1 + 7*13 + 8*13^2 + 6*13^3 + 12*13^4 + 6*13^5 + 12*13^6 + 9*13^7 + 5*13^8 + 10*13^9 + 7*13^10 + 3*13^11 + 5*13^12 + 4*13^13 + O(13^14)
v_p of that       : 0   (0 = non-anomalous)
Reg_p (PARI)      : 13^2 + 3*13^3 + 2*13^4 + 12*13^5 + 13^6 + 7*13^8 + 10*13^9 + 10*13^11 + 9*13^12 + 8*13^13 + 11*13^14 + 12*13^15 + O(13^16)
v_p(Reg_p)        : 2   (expected 2)
ellpadicregulator : 0.0020000000000000000000000000000000000000 s
log_p(1+p)        : 13 + 6*13^2 + 2*13^3 + 5*13^4 + 10*13^6 + 13^7 + 11*13^8 + 8*13^9 + 6*13^10 + 6*13^11 + 3*13^12 + 7*13^13 + O(13^14)
v_p(log_p(1+p))   : 1   (expected 1)
HEIGHT SIDE       : (1-alpha^-1)^2 * Reg_p / log_p(1+p)^2 , Sha-factor 1
height side       : 1 + 11*13 + 13^2 + 13^3 + 10*13^4 + 7*13^5 + 13^6 + 4*13^7 + 6*13^8 + 13^11 + 10*13^12 + O(13^13)
v_p(height side)  : 0   (expected 0)
MACHINE hs.pari v=0 prec=13 digits=[1, 11, 1, 1, 10, 7, 1, 4, 6, 0, 0, 1, 10]
MACHINE reg.pari v=2 prec=16 digits=[1, 3, 2, 12, 1, 0, 7, 10, 0, 10, 9, 8, 11, 12]
MACHINE ap.pari v=0 prec=0 digits=[-6]
exit status     : 0

=== STEP 2/4 : Reg_p, implementation 2 of 2 -- Sage padic_regulator ===
### Sage height side
sage version      : SageMath version 10.7, Release Date: 2025-08-09
p                 : 13
working precision : O(p^14)
curve             : Elliptic Curve defined by y^2 = x^3 - 56*x over Rational Field
conductor         : 12544
discriminant      : 11239424
Tamagawa product  : 4
torsion order     : 2
rank              : 2
a_p               : -6
#Etilde(F_p)      : 20
anomalous?        : False   (False = non-anomalous)
ordinary?         : True
good reduction?   : True
Reg_p (Sage)      : 13^2 + 3*13^3 + 2*13^4 + 12*13^5 + 13^6 + 7*13^8 + 10*13^9 + 10*13^11 + 9*13^12 + 8*13^13 + 11*13^14 + O(13^15)
v_p(Reg_p)        : 2   (expected 2)
padic_regulator   : 0.389 s
MW basis          : (-7, 7) , (9, 15)
h(P1)             : 2*13 + 8*13^2 + 4*13^3 + 10*13^4 + 8*13^5 + 5*13^6 + 6*13^7 + 2*13^8 + 7*13^9 + 9*13^11 + 9*13^12 + 11*13^13 + O(13^14)
h(P2)             : 5*13 + 7*13^2 + 3*13^3 + 4*13^4 + 9*13^5 + 7*13^6 + 9*13^7 + 6*13^8 + 2*13^9 + 4*13^10 + 8*13^11 + 5*13^13 + O(13^14)
<P1,P2>           : 10*13 + 10*13^2 + 13^3 + 5*13^4 + 6*13^5 + 2*13^6 + 4*13^7 + 7*13^8 + 7*13^9 + 7*13^10 + 7*13^11 + 11*13^12 + O(13^14)
Gram determinant  : 13^2 + 3*13^3 + 2*13^4 + 12*13^5 + 13^6 + 7*13^8 + 10*13^9 + 10*13^11 + 9*13^12 + 8*13^13 + 11*13^14 + O(13^15)
v_p(Gram det)     : 2
Gram det == Reg_p : True
alpha (unit root) : 7 + 10*13 + 2*13^2 + 10*13^4 + 10*13^5 + 2*13^6 + 2*13^8 + 3*13^9 + 4*13^10 + 12*13^12 + O(13^14)
(1-alpha^-1)^2    : 1 + 7*13 + 8*13^2 + 6*13^3 + 12*13^4 + 6*13^5 + 12*13^6 + 9*13^7 + 5*13^8 + 10*13^9 + 7*13^10 + 3*13^11 + 5*13^12 + 4*13^13 + O(13^14)
v_p of that       : 0   (0 = non-anomalous)
log_p(1+p)        : 13 + 6*13^2 + 2*13^3 + 5*13^4 + 10*13^6 + 13^7 + 11*13^8 + 8*13^9 + 6*13^10 + 6*13^11 + 3*13^12 + 7*13^13 + O(13^14)
v_p(log_p(1+p))   : 1   (expected 1)
HEIGHT SIDE       : (1-alpha^-1)^2 * Reg_p / log_p(1+p)^2 , Sha-factor 1
height side       : 1 + 11*13 + 13^2 + 13^3 + 10*13^4 + 7*13^5 + 13^6 + 4*13^7 + 6*13^8 + 13^11 + 10*13^12 + O(13^13)
v_p(height side)  : 0   (expected 0)
MACHINE hs.sage v=0 prec=13 digits=[1, 11, 1, 1, 10, 7, 1, 4, 6, 0, 0, 1, 10]
MACHINE reg.sage v=2 prec=15 digits=[1, 3, 2, 12, 1, 0, 7, 10, 0, 10, 9, 8, 11]
MACHINE gram.sage v=2 prec=15 digits=[1, 3, 2, 12, 1, 0, 7, 10, 0, 10, 9, 8, 11]
MACHINE ap.sage v=0 prec=0 digits=[-6]
exit status     : 0

=== STEP 3/4 : L-side, modular symbols at level 12544 (Stein-Wuthrich) ===
### A5 certificate, L-side by modular symbols at level 12544
sage version      : SageMath version 10.7, Release Date: 2025-08-09
p                 : 13
n (approx order)  : 6
prec_T            : 5
implementation    : eclib
hard cap (s)      : 7200
curve             : Elliptic Curve defined by y^2 = x^3 - 56*x over Rational Field
conductor         : 12544
Tamagawa product  : 4
torsion order     : 2
prod c_v/#tors^2  : 1   (eq:padicbsd normalising factor)
a_p               : -6
#Etilde(F_p)      : 20
good reduction    : True
ordinary          : True
p = 1 mod 4       : True   (split in K = Q(i))
anomalous         : False   (lem:noanomalous: never, for this curve)
rhobar irreducible: True   (lem: c_bound = 0 below)
Warning : Curve outside Cremona's table. Computations of modular symbol space might take very long !
Lp object         : 13-adic L-series of Elliptic Curve defined by y^2 = x^3 - 56*x over Rational Field
normalisation     : L_p(E,1) = (1-1/alpha)^2 L(E,1)/Omega_E   [Stein-Wuthrich]
_c_bound()        : 0   (denominator bound on the modular symbols)
_prec_bounds(n,precT): [+Infinity, 5, 5, 5, 5]
   => provable truncation: coeff j of L_p(E,T) is correct mod p^bounds[j]
summands in the Riemann sum: (p-1)*p^(n-1) = 4455516
series runtime    : 5778.1 s
L_p(E,T)          : O(13^8) + O(13^5)*T + (1 + 11*13 + 13^2 + 13^3 + 10*13^4 + O(13^5))*T^2 + (7 + 6*13 + 12*13^4 + O(13^5))*T^3 + (12 + 4*13 + 8*13^2 + 11*13^4 + O(13^5))*T^4 + O(T^5)
c_0               : O(13^8)
c_1               : O(13^5)
c_2               : 1 + 11*13 + 13^2 + 13^3 + 10*13^4 + O(13^5)
c_3               : 7 + 6*13 + 12*13^4 + O(13^5)
c_0 precision     : O(p^8)   (lem:c0c1 gives c_0 = 0 exactly)
c_1 precision     : O(p^5)   (lem:c0c1 gives c_1 = 0 exactly)
c_2 precision     : O(p^5)   <-- the truncation bound achieved
c_0 is zero to that precision : True
c_1 is zero to that precision : True
v_p(c_2(p))       : 0
c_2 digits (p^0 first, up to O(p^5)) : [1, 11, 1, 1, 10]
MACHINE c2.modsym v=0 prec=5 digits=[1, 11, 1, 1, 10]
CERTIFICATE       : v_p(c_2(p)) = 0  -- leading digit 1, rigorous to O(p^5)
  => by lem:c0c1 (c_0 = c_1 = 0 exactly), L_p(E,T) = T^2 (c_2 + ...) with
     c_2 in Z_p^*, hence  mu_an(p) = 0  and  lambda_an(p) = 2.
LAMBDA_AN         : 2
MU_AN             : 0
MACHINE lambda_an v=0 prec=0 digits=[2]
MACHINE mu_an v=0 prec=0 digits=[0]
### height side (Sage), Sha-factor 1
alpha             : 7 + 10*13 + 2*13^2 + 10*13^4 + 10*13^5 + 2*13^6 + 2*13^8 + 3*13^9 + 4*13^10 + 12*13^12 + O(13^14)
(1-alpha^-1)^2    : 1 + 7*13 + 8*13^2 + 6*13^3 + 12*13^4 + 6*13^5 + 12*13^6 + 9*13^7 + 5*13^8 + 10*13^9 + 7*13^10 + 3*13^11 + 5*13^12 + 4*13^13 + O(13^14)
Reg_p             : 13^2 + 3*13^3 + 2*13^4 + 12*13^5 + 13^6 + 7*13^8 + 10*13^9 + 10*13^11 + 9*13^12 + 8*13^13 + 11*13^14 + O(13^15)
v_p(Reg_p)        : 2
log_p(1+p)        : 13 + 6*13^2 + 2*13^3 + 5*13^4 + 10*13^6 + 13^7 + 11*13^8 + 8*13^9 + 6*13^10 + 6*13^11 + 3*13^12 + 7*13^13 + O(13^14)
height side       : 1 + 11*13 + 13^2 + 13^3 + 10*13^4 + 7*13^5 + 13^6 + 4*13^7 + 6*13^8 + 13^11 + 10*13^12 + O(13^13)
v_p(height side)  : 0
height side digits (p^0 first, up to O(p^13)) : [1, 11, 1, 1, 10, 7, 1, 4, 6, 0, 0, 1, 10]
MACHINE hs.cert v=0 prec=13 digits=[1, 11, 1, 1, 10, 7, 1, 4, 6, 0, 0, 1, 10]
MACHINE reg.cert v=2 prec=15 digits=[1, 3, 2, 12, 1, 0, 7, 10, 0, 10, 9, 8, 11]
### eq:match5 comparison at p = 13
digits compared   : 5
height side       : [1, 11, 1, 1, 10]
L-side (mod syms) : [1, 11, 1, 1, 10]
valuations        : height 0 , L-side 0
MATCH             : YES, all 5 digits
exit status     : 0

=== STEP 4/4 : mechanical cross-checks (check_agreement.py) ===
### check_agreement.py -- mechanical cross-checks
p                 : 13
cert file         : /var/folders/k4/pkrxzk7d2rx_tdj2jfcdd80r0000gn/T//a5_p13_CEBzrv/cert_13.out
MACHINE tags found: ap.pari, ap.sage, c2.modsym, gram.sage, hs.cert, hs.pari, hs.sage, lambda_an, mu_an, reg.cert, reg.pari, reg.sage
C1a Reg_p  PARI vs Sage                        : PASS  v=2, 13 digits agree
C1b Reg_p  Sage vs certificates.sage           : PASS  v=2, 13 digits agree
C2  Reg_p  vs Gram det on (-7,7),(9,15)        : PASS  v=2, 13 digits agree
C3a height side  PARI vs Sage                  : PASS  v=0, 13 digits agree
C3b height side  Sage vs certificates.sage     : PASS  v=0, 13 digits agree
C4  a_p  PARI vs Sage                          : PASS  v=0, 1 digits agree
C5  eq:match5  height side vs L-side           : PASS  all 5 certified L-side digits
C6  certificate  v_p(c_2(p)) = 0               : PASS  leading digit 1, rigorous to O(13^5)
C6b in-house Iwasawa invariants                : lambda_an = 2 , mu_an = 0
C7  vs Appendix B (LMFDB, corroboration)       : PASS  LMFDB lambda=2 mu=0, in-house lambda=2 mu=0
-------------------------------------------------------------------------------
RESULT            : ALL CHECKS PASS
exit status     : 0

=== END p = 13 ===
