===============================================================================
eq:padicbsd CONTROL -- D = 17 , p = 29
E : y^2 = x^3 - 17x    Mordell-Weil basis [[-1,4],[-4,-2]]
===============================================================================
date            : 2026-09-05 14:15:58 UTC
host            : Barinders-MacBook-Pro-2.local  Darwin 25.5.0 arm64
sage            : /usr/local/bin/sage  --  SageMath version 10.7, Release Date: 2025-08-09
gp              : /opt/homebrew/bin/gp  --  PARI/GP [2, 17, 2]
python3         : Python 3.14.2
generated by    : D=17 EXPECT_V=0 code/sage/run.sh 29 4 5 3600
commands run    : (code/gp/regulator.gp and code/sage/*, copied to a scratch dir)
    P=29 NPREC=14 gp -q regulator.gp
    sage regulator.sage 29 14
    sage certificates.sage 29 4 5 3600
    python3 check_agreement.py 29 cert_29.out code/data/lmfdb_iwasawa_D17.txt
-------------------------------------------------------------------------------

=== STEP 1/4 : Reg_p, implementation 1 of 2 -- PARI/GP ellpadicregulator ===
  ***   Warning: new stack size = 1000000000 (953.674 Mbytes).
### PARI/GP height side
pari version      : [2, 17, 2]
p                 : 29
working precision : O(p^14)
curve             : y^2 = x^3 - 17x   [0,0,0,-17,0]
conductor         : 9248
discriminant      : 314432
Tamagawa product  : 4
torsion order     : 2
MW basis          : [-1, 4], [-4, -2]
on curve?         : 1 1
a_p               : -4
#Etilde(F_p)      : 34
p | #Etilde(F_p)? : 0   (0 = non-anomalous, lem:noanomalous)
alpha (unit root) : 25 + 21*29 + 26*29^2 + 21*29^3 + 25*29^4 + 3*29^5 + 9*29^6 + 11*29^7 + 12*29^8 + 23*29^9 + 15*29^10 + 9*29^11 + 16*29^12 + 26*29^13 + O(29^14)
(1-alpha^-1)^2    : 7 + 25*29 + 29^2 + 9*29^3 + 15*29^4 + 5*29^5 + 14*29^6 + 2*29^7 + 23*29^8 + 11*29^9 + 26*29^10 + 22*29^11 + 5*29^12 + 15*29^13 + O(29^14)
v_p of that       : 0   (0 = non-anomalous)
Reg_p (PARI)      : 3*29^2 + 18*29^3 + 13*29^4 + 21*29^5 + 24*29^6 + 4*29^7 + 2*29^8 + 18*29^9 + 22*29^10 + 24*29^11 + 2*29^12 + 15*29^13 + 4*29^14 + 11*29^15 + O(29^16)
v_p(Reg_p)        : 2   (prop:scaneq: 2)
ellpadicregulator : 0.0040000000000000000000000000000000000000 s
log_p(1+p)        : 29 + 14*29^2 + 24*29^3 + 11*29^4 + 8*29^5 + 29^6 + 9*29^7 + 15*29^8 + 25*29^9 + 18*29^10 + 26*29^11 + 16*29^12 + 4*29^13 + O(29^14)
v_p(log_p(1+p))   : 1   (expected 1)
prod c_v/#tors^2  : 1   (eq:padicbsd normalising factor)
HEIGHT SIDE       : (1-alpha^-1)^2 * (prod c_v/#tors^2) * Reg_p / log_p(1+p)^2 , Sha-factor 1
height side       : 21 + 19*29 + 7*29^2 + 16*29^3 + 29^4 + 2*29^5 + 9*29^6 + 13*29^7 + 4*29^8 + 9*29^9 + 24*29^10 + 2*29^11 + 22*29^12 + O(29^13)
v_p(height side)  : 0   (expected 0)
MACHINE hs.pari v=0 prec=13 digits=[21, 19, 7, 16, 1, 2, 9, 13, 4, 9, 24, 2, 22]
MACHINE reg.pari v=2 prec=16 digits=[3, 18, 13, 21, 24, 4, 2, 18, 22, 24, 2, 15, 4, 11]
MACHINE ap.pari v=0 prec=0 digits=[-4]
exit status     : 0

=== STEP 2/4 : Reg_p, implementation 2 of 2 -- Sage padic_regulator ===
### Sage height side
sage version      : SageMath version 10.7, Release Date: 2025-08-09
p                 : 29
working precision : O(p^14)
curve             : Elliptic Curve defined by y^2 = x^3 - 17*x over Rational Field
conductor         : 9248
discriminant      : 314432
Tamagawa product  : 4
torsion order     : 2
rank              : 2
a_p               : -4
#Etilde(F_p)      : 34
anomalous?        : False   (False = non-anomalous, lem:noanomalous)
ordinary?         : True
good reduction?   : True
Reg_p (Sage)      : 3*29^2 + 18*29^3 + 13*29^4 + 21*29^5 + 24*29^6 + 4*29^7 + 2*29^8 + 18*29^9 + 22*29^10 + 24*29^11 + 2*29^12 + 15*29^13 + 4*29^14 + O(29^15)
v_p(Reg_p)        : 2   (prop:scaneq: 2)
padic_regulator   : 0.445 s
MW basis          : (-1, 4) , (-4, -2)
h(P1)             : 29 + 4*29^2 + 9*29^3 + 25*29^5 + 12*29^6 + 8*29^7 + 11*29^8 + 4*29^9 + 9*29^11 + 4*29^12 + 3*29^13 + O(29^14)
h(P2)             : 27*29 + 3*29^2 + 21*29^3 + 21*29^4 + 26*29^5 + 9*29^6 + 6*29^7 + 14*29^8 + 15*29^9 + 26*29^10 + 17*29^11 + 9*29^12 + 17*29^13 + O(29^14)
<P1,P2>           : 13*29 + 19*29^2 + 18*29^3 + 14*29^4 + 28*29^5 + 8*29^6 + 20*29^7 + 10*29^8 + 24*29^9 + 21*29^10 + 27*29^11 + 4*29^12 + 22*29^13 + O(29^14)
Gram determinant  : 3*29^2 + 18*29^3 + 13*29^4 + 21*29^5 + 24*29^6 + 4*29^7 + 2*29^8 + 18*29^9 + 22*29^10 + 24*29^11 + 2*29^12 + 15*29^13 + 4*29^14 + O(29^15)
v_p(Gram det)     : 2
Gram det == Reg_p : True
alpha (unit root) : 25 + 21*29 + 26*29^2 + 21*29^3 + 25*29^4 + 3*29^5 + 9*29^6 + 11*29^7 + 12*29^8 + 23*29^9 + 15*29^10 + 9*29^11 + 16*29^12 + 26*29^13 + O(29^14)
(1-alpha^-1)^2    : 7 + 25*29 + 29^2 + 9*29^3 + 15*29^4 + 5*29^5 + 14*29^6 + 2*29^7 + 23*29^8 + 11*29^9 + 26*29^10 + 22*29^11 + 5*29^12 + 15*29^13 + O(29^14)
v_p of that       : 0   (0 = non-anomalous)
log_p(1+p)        : 29 + 14*29^2 + 24*29^3 + 11*29^4 + 8*29^5 + 29^6 + 9*29^7 + 15*29^8 + 25*29^9 + 18*29^10 + 26*29^11 + 16*29^12 + 4*29^13 + O(29^14)
v_p(log_p(1+p))   : 1   (expected 1)
prod c_v/#tors^2  : 1   (eq:padicbsd normalising factor)
HEIGHT SIDE       : (1-alpha^-1)^2 * (prod c_v/#tors^2) * Reg_p / log_p(1+p)^2 , Sha-factor 1
height side       : 21 + 19*29 + 7*29^2 + 16*29^3 + 29^4 + 2*29^5 + 9*29^6 + 13*29^7 + 4*29^8 + 9*29^9 + 24*29^10 + 2*29^11 + 22*29^12 + O(29^13)
v_p(height side)  : 0   (expected 0)
MACHINE hs.sage v=0 prec=13 digits=[21, 19, 7, 16, 1, 2, 9, 13, 4, 9, 24, 2, 22]
MACHINE reg.sage v=2 prec=15 digits=[3, 18, 13, 21, 24, 4, 2, 18, 22, 24, 2, 15, 4]
MACHINE gram.sage v=2 prec=15 digits=[3, 18, 13, 21, 24, 4, 2, 18, 22, 24, 2, 15, 4]
MACHINE ap.sage v=0 prec=0 digits=[-4]
exit status     : 0

=== STEP 3/4 : L-side, modular symbols by eclib (Stein-Wuthrich) ===
### L-side certificate, modular symbols by eclib
sage version      : SageMath version 10.7, Release Date: 2025-08-09
p                 : 29
n (approx order)  : 4
prec_T            : 5
implementation    : eclib
hard cap (s)      : 3600
curve             : Elliptic Curve defined by y^2 = x^3 - 17*x over Rational Field
conductor         : 9248
Tamagawa product  : 4
torsion order     : 2
prod c_v/#tors^2  : 1   (eq:padicbsd normalising factor)
a_p               : -4
#Etilde(F_p)      : 34
good reduction    : True
ordinary          : True
p = 1 mod 4       : True   (split in K = Q(i))
anomalous         : False   (lem:noanomalous: only p = 5 can be, and only when a_5 = -4)
rhobar irreducible: True   (gives _c_bound() = 0 below)
Lp object         : 29-adic L-series of Elliptic Curve defined by y^2 = x^3 - 17*x over Rational Field
normalisation     : L_p(E,1) = (1-1/alpha)^2 L(E,1)/Omega_E   [Stein-Wuthrich]
_c_bound()        : 0   (denominator bound on the modular symbols)
_prec_bounds(n,precT): [+Infinity, 3, 3, 3, 3]
   => provable truncation: coeff j of L_p(E,T) is correct mod p^bounds[j]
summands in the Riemann sum: (p-1)*p^(n-1) = 682892
series runtime    : 46.5 s
L_p(E,T)          : O(29^6) + O(29^3)*T + (21 + 19*29 + 7*29^2 + O(29^3))*T^2 + (6 + 25*29 + 15*29^2 + O(29^3))*T^3 + (8 + 23*29 + 4*29^2 + O(29^3))*T^4 + O(T^5)
c_0               : O(29^6)
c_1               : O(29^3)
c_2               : 21 + 19*29 + 7*29^2 + O(29^3)
c_3               : 6 + 25*29 + 15*29^2 + O(29^3)
c_0 precision     : O(p^6)   (lem:c0c1 gives c_0 = 0 exactly)
c_1 precision     : O(p^3)   (lem:c0c1 gives c_1 = 0 exactly)
c_2 precision     : O(p^3)   <-- the truncation bound achieved
c_0 is zero to that precision : True
c_1 is zero to that precision : True
v_p(c_2(p))       : 0
c_2 digits (p^0 first, up to O(p^3)) : [21, 19, 7]
MACHINE c2.modsym v=0 prec=3 digits=[21, 19, 7]
CERTIFICATE       : v_p(c_2(p)) = 0  -- leading digit 21, rigorous to O(p^3)
  => by lem:c0c1 (c_0 = c_1 = 0 exactly), L_p(E,T) = T^2 (c_2 + ...) with
     c_2 in Z_p^*, hence  mu_an(p) = 0  and  lambda_an(p) = 2.
LAMBDA_AN         : 2   (the least j with c_j a unit, over c_0..c_4)
MU_AN             : 0
MACHINE lambda_an v=0 prec=0 digits=[2]
MACHINE mu_an v=0 prec=0 digits=[0]
### height side (Sage), Sha-factor 1
prod c_v/#tors^2  : 1   (applied to the height side)
alpha             : 25 + 21*29 + 26*29^2 + 21*29^3 + 25*29^4 + 3*29^5 + 9*29^6 + 11*29^7 + 12*29^8 + 23*29^9 + 15*29^10 + 9*29^11 + 16*29^12 + 26*29^13 + O(29^14)
(1-alpha^-1)^2    : 7 + 25*29 + 29^2 + 9*29^3 + 15*29^4 + 5*29^5 + 14*29^6 + 2*29^7 + 23*29^8 + 11*29^9 + 26*29^10 + 22*29^11 + 5*29^12 + 15*29^13 + O(29^14)
Reg_p             : 3*29^2 + 18*29^3 + 13*29^4 + 21*29^5 + 24*29^6 + 4*29^7 + 2*29^8 + 18*29^9 + 22*29^10 + 24*29^11 + 2*29^12 + 15*29^13 + 4*29^14 + O(29^15)
v_p(Reg_p)        : 2
log_p(1+p)        : 29 + 14*29^2 + 24*29^3 + 11*29^4 + 8*29^5 + 29^6 + 9*29^7 + 15*29^8 + 25*29^9 + 18*29^10 + 26*29^11 + 16*29^12 + 4*29^13 + O(29^14)
height side       : 21 + 19*29 + 7*29^2 + 16*29^3 + 29^4 + 2*29^5 + 9*29^6 + 13*29^7 + 4*29^8 + 9*29^9 + 24*29^10 + 2*29^11 + 22*29^12 + O(29^13)
v_p(height side)  : 0
height side digits (p^0 first, up to O(p^13)) : [21, 19, 7, 16, 1, 2, 9, 13, 4, 9, 24, 2, 22]
MACHINE hs.cert v=0 prec=13 digits=[21, 19, 7, 16, 1, 2, 9, 13, 4, 9, 24, 2, 22]
MACHINE reg.cert v=2 prec=15 digits=[3, 18, 13, 21, 24, 4, 2, 18, 22, 24, 2, 15, 4]
### eq:padicbsd, two sides compared at p = 29
digits compared   : 3
height side       : [21, 19, 7]
L-side (mod syms) : [21, 19, 7]
valuations        : height 0 , L-side 0
MATCH             : YES, all 3 digits
exit status     : 0

=== STEP 4/4 : mechanical cross-checks (check_agreement.py) ===
### check_agreement.py -- mechanical cross-checks
p                 : 29
cert file         : /var/folders/k4/pkrxzk7d2rx_tdj2jfcdd80r0000gn/T//cert_D17_p29_0I8xLJ/cert_D17_p29.out
MACHINE tags found: ap.pari, ap.sage, c2.modsym, gram.sage, hs.cert, hs.pari, hs.sage, lambda_an, mu_an, reg.cert, reg.pari, reg.sage
C1a Reg_p  PARI vs Sage                        : PASS  v=2, 13 digits agree
C1b Reg_p  Sage vs certificates.sage           : PASS  v=2, 13 digits agree
C2  Reg_p  vs Gram det on the MW basis         : PASS  v=2, 13 digits agree
C3a height side  PARI vs Sage                  : PASS  v=0, 13 digits agree
C3b height side  Sage vs certificates.sage     : PASS  v=0, 13 digits agree
C4  a_p  PARI vs Sage                          : PASS  v=0, 1 digits agree
C5  eq:padicbsd  height side vs L-side         : PASS  all 3 certified L-side digits
C6  certificate  v_p(c_2(p)) = 0               : PASS  leading digit 21, rigorous to O(29^3)
C6b in-house Iwasawa invariants                : lambda_an = 2 , mu_an = 0
C7  vs LMFDB table (corroboration)             : PASS  LMFDB lambda=2 mu=0, in-house lambda=2 mu=0
-------------------------------------------------------------------------------
RESULT            : ALL CHECKS PASS
exit status     : 0

=== END p = 29 ===
