===============================================================================
eq:padicbsd CONTROL -- D = -39 , p = 5
E : y^2 = x^3 - -39x    Mordell-Weil basis [[3,12],[27,144]]
===============================================================================
date            : 2026-09-05 14:17:06 UTC
host            : Barinders-MacBook-Pro-2.local  Darwin 25.5.0 arm64
sage            : /usr/local/bin/sage  --  SageMath version 10.7, Release Date: 2025-08-09
gp              : /opt/homebrew/bin/gp  --  PARI/GP [2, 17, 2]
python3         : Python 3.14.2
generated by    : D=-39 EXPECT_V=1 code/sage/run.sh 5 9 5 3600
commands run    : (code/gp/regulator.gp and code/sage/*, copied to a scratch dir)
    P=5 NPREC=14 gp -q regulator.gp
    sage regulator.sage 5 14
    sage certificates.sage 5 9 5 3600
    python3 check_agreement.py 5 cert_5.out code/data/lmfdb_iwasawa_D-39.txt
-------------------------------------------------------------------------------

=== STEP 1/4 : Reg_p, implementation 1 of 2 -- PARI/GP ellpadicregulator ===
  ***   Warning: new stack size = 1000000000 (953.674 Mbytes).
### PARI/GP height side
pari version      : [2, 17, 2]
p                 : 5
working precision : O(p^14)
curve             : y^2 = x^3 - -39x   [0,0,0,39,0]
conductor         : 48672
discriminant      : -3796416
Tamagawa product  : 8
torsion order     : 2
MW basis          : [3, 12], [27, 144]
on curve?         : 1 1
a_p               : -2
#Etilde(F_p)      : 8
p | #Etilde(F_p)? : 0   (0 = non-anomalous, lem:noanomalous)
alpha (unit root) : 3 + 2*5 + 4*5^2 + 2*5^3 + 5^4 + 4*5^5 + 2*5^7 + 5^8 + 5^9 + 5^12 + 3*5^13 + O(5^14)
(1-alpha^-1)^2    : 1 + 4*5^2 + 5^3 + 5^5 + 2*5^6 + 3*5^8 + 2*5^10 + 3*5^11 + 3*5^12 + O(5^14)
v_p of that       : 0   (0 = non-anomalous)
Reg_p (PARI)      : 2*5^3 + 4*5^4 + 4*5^6 + 4*5^7 + 4*5^8 + 2*5^9 + 4*5^11 + 2*5^12 + 5^13 + 5^15 + 2*5^16 + O(5^17)
v_p(Reg_p)        : 3   (prop:scaneq: 2)
ellpadicregulator : 0 s
log_p(1+p)        : 5 + 2*5^2 + 4*5^3 + 2*5^4 + 5^6 + 4*5^7 + 2*5^8 + 3*5^9 + 5^10 + 2*5^11 + 2*5^12 + O(5^14)
v_p(log_p(1+p))   : 1   (expected 1)
prod c_v/#tors^2  : 2   (eq:padicbsd normalising factor)
HEIGHT SIDE       : (1-alpha^-1)^2 * (prod c_v/#tors^2) * Reg_p / log_p(1+p)^2 , Sha-factor 1
height side       : 4*5 + 2*5^2 + 3*5^3 + 4*5^4 + 5^5 + 4*5^6 + 4*5^7 + 4*5^8 + 2*5^9 + 2*5^11 + 4*5^13 + O(5^14)
v_p(height side)  : 1   (expected 0)
MACHINE hs.pari v=1 prec=14 digits=[4, 2, 3, 4, 1, 4, 4, 4, 2, 0, 2, 0, 4]
MACHINE reg.pari v=3 prec=17 digits=[2, 4, 0, 4, 4, 4, 2, 0, 4, 2, 1, 0, 1, 2]
MACHINE ap.pari v=0 prec=0 digits=[-2]
exit status     : 0

=== STEP 2/4 : Reg_p, implementation 2 of 2 -- Sage padic_regulator ===
### Sage height side
sage version      : SageMath version 10.7, Release Date: 2025-08-09
p                 : 5
working precision : O(p^14)
curve             : Elliptic Curve defined by y^2 = x^3 + 39*x over Rational Field
conductor         : 48672
discriminant      : -3796416
Tamagawa product  : 8
torsion order     : 2
rank              : 2
a_p               : -2
#Etilde(F_p)      : 8
anomalous?        : False   (False = non-anomalous, lem:noanomalous)
ordinary?         : True
good reduction?   : True
Reg_p (Sage)      : 2*5^3 + 4*5^4 + 4*5^6 + 4*5^7 + 4*5^8 + 2*5^9 + 4*5^11 + 2*5^12 + 5^13 + O(5^15)
v_p(Reg_p)        : 3   (prop:scaneq: 2)
padic_regulator   : 0.433 s
MW basis          : (3, 12) , (27, 144)
h(P1)             : 5 + 4*5^2 + 3*5^3 + 3*5^4 + 5^6 + 5^7 + 3*5^8 + 2*5^9 + 4*5^10 + 3*5^11 + 4*5^12 + 2*5^13 + O(5^14)
h(P2)             : 2*5^2 + 2*5^3 + 2*5^4 + 2*5^5 + 4*5^6 + 4*5^7 + 4*5^8 + 3*5^9 + 3*5^10 + 4*5^11 + 2*5^12 + 5^13 + O(5^14)
<P1,P2>           : 4*5^2 + 3*5^3 + 4*5^4 + 2*5^5 + 4*5^6 + 5^7 + 5^8 + 3*5^9 + 4*5^10 + 5^11 + 2*5^12 + 4*5^13 + O(5^14)
Gram determinant  : 2*5^3 + 4*5^4 + 4*5^6 + 4*5^7 + 4*5^8 + 2*5^9 + 4*5^11 + 2*5^12 + 5^13 + O(5^15)
v_p(Gram det)     : 3
Gram det == Reg_p : True
alpha (unit root) : 3 + 2*5 + 4*5^2 + 2*5^3 + 5^4 + 4*5^5 + 2*5^7 + 5^8 + 5^9 + 5^12 + 3*5^13 + O(5^14)
(1-alpha^-1)^2    : 1 + 4*5^2 + 5^3 + 5^5 + 2*5^6 + 3*5^8 + 2*5^10 + 3*5^11 + 3*5^12 + O(5^14)
v_p of that       : 0   (0 = non-anomalous)
log_p(1+p)        : 5 + 2*5^2 + 4*5^3 + 2*5^4 + 5^6 + 4*5^7 + 2*5^8 + 3*5^9 + 5^10 + 2*5^11 + 2*5^12 + O(5^14)
v_p(log_p(1+p))   : 1   (expected 1)
prod c_v/#tors^2  : 2   (eq:padicbsd normalising factor)
HEIGHT SIDE       : (1-alpha^-1)^2 * (prod c_v/#tors^2) * Reg_p / log_p(1+p)^2 , Sha-factor 1
height side       : 4*5 + 2*5^2 + 3*5^3 + 4*5^4 + 5^5 + 4*5^6 + 4*5^7 + 4*5^8 + 2*5^9 + 2*5^11 + O(5^13)
v_p(height side)  : 1   (expected 0)
MACHINE hs.sage v=1 prec=13 digits=[4, 2, 3, 4, 1, 4, 4, 4, 2, 0, 2, 0]
MACHINE reg.sage v=3 prec=15 digits=[2, 4, 0, 4, 4, 4, 2, 0, 4, 2, 1, 0]
MACHINE gram.sage v=3 prec=15 digits=[2, 4, 0, 4, 4, 4, 2, 0, 4, 2, 1, 0]
MACHINE ap.sage v=0 prec=0 digits=[-2]
exit status     : 0

=== STEP 3/4 : L-side, modular symbols by eclib (Stein-Wuthrich) ===
### L-side certificate, modular symbols by eclib
sage version      : SageMath version 10.7, Release Date: 2025-08-09
p                 : 5
n (approx order)  : 9
prec_T            : 5
implementation    : eclib
hard cap (s)      : 3600
curve             : Elliptic Curve defined by y^2 = x^3 + 39*x over Rational Field
conductor         : 48672
Tamagawa product  : 8
torsion order     : 2
prod c_v/#tors^2  : 2   (eq:padicbsd normalising factor)
a_p               : -2
#Etilde(F_p)      : 8
good reduction    : True
ordinary          : True
p = 1 mod 4       : True   (split in K = Q(i))
anomalous         : False   (lem:noanomalous: only p = 5 can be, and only when a_5 = -4)
rhobar irreducible: True   (gives _c_bound() = 0 below)
Warning : Curve outside Cremona's table. Computations of modular symbol space might take very long !
Lp object         : 5-adic L-series of Elliptic Curve defined by y^2 = x^3 + 39*x over Rational Field
normalisation     : L_p(E,1) = (1-1/alpha)^2 L(E,1)/Omega_E   [Stein-Wuthrich]
_c_bound()        : 0   (denominator bound on the modular symbols)
_prec_bounds(n,precT): [+Infinity, 8, 8, 8, 8]
   => provable truncation: coeff j of L_p(E,T) is correct mod p^bounds[j]
summands in the Riemann sum: (p-1)*p^(n-1) = 1562500
series runtime    : 411.3 s
L_p(E,T)          : O(5^11) + O(5^8)*T + (4*5 + 2*5^2 + 3*5^3 + 4*5^4 + 5^5 + 4*5^6 + 4*5^7 + O(5^8))*T^2 + (3*5 + 4*5^2 + 3*5^3 + 2*5^5 + 5^6 + 4*5^7 + O(5^8))*T^3 + (4 + 2*5^2 + 3*5^3 + 2*5^4 + 5^6 + O(5^8))*T^4 + O(T^5)
c_0               : O(5^11)
c_1               : O(5^8)
c_2               : 4*5 + 2*5^2 + 3*5^3 + 4*5^4 + 5^5 + 4*5^6 + 4*5^7 + O(5^8)
c_3               : 3*5 + 4*5^2 + 3*5^3 + 2*5^5 + 5^6 + 4*5^7 + O(5^8)
c_0 precision     : O(p^11)   (lem:c0c1 gives c_0 = 0 exactly)
c_1 precision     : O(p^8)   (lem:c0c1 gives c_1 = 0 exactly)
c_2 precision     : O(p^8)   <-- the truncation bound achieved
c_0 is zero to that precision : True
c_1 is zero to that precision : True
v_p(c_2(p))       : 1
c_2 digits (p^1 first, up to O(p^8)) : [4, 2, 3, 4, 1, 4, 4]
MACHINE c2.modsym v=1 prec=8 digits=[4, 2, 3, 4, 1, 4, 4]
CERTIFICATE       : v_p(c_2(p)) = 1 > 0 -- the unit condition fails at p
LAMBDA_AN         : 4   (the least j with c_j a unit, over c_0..c_4)
MU_AN             : 0
MACHINE lambda_an v=0 prec=0 digits=[4]
MACHINE mu_an v=0 prec=0 digits=[0]
### height side (Sage), Sha-factor 1
prod c_v/#tors^2  : 2   (applied to the height side)
alpha             : 3 + 2*5 + 4*5^2 + 2*5^3 + 5^4 + 4*5^5 + 2*5^7 + 5^8 + 5^9 + 5^12 + 3*5^13 + O(5^14)
(1-alpha^-1)^2    : 1 + 4*5^2 + 5^3 + 5^5 + 2*5^6 + 3*5^8 + 2*5^10 + 3*5^11 + 3*5^12 + O(5^14)
Reg_p             : 2*5^3 + 4*5^4 + 4*5^6 + 4*5^7 + 4*5^8 + 2*5^9 + 4*5^11 + 2*5^12 + 5^13 + O(5^15)
v_p(Reg_p)        : 3
log_p(1+p)        : 5 + 2*5^2 + 4*5^3 + 2*5^4 + 5^6 + 4*5^7 + 2*5^8 + 3*5^9 + 5^10 + 2*5^11 + 2*5^12 + O(5^14)
height side       : 4*5 + 2*5^2 + 3*5^3 + 4*5^4 + 5^5 + 4*5^6 + 4*5^7 + 4*5^8 + 2*5^9 + 2*5^11 + O(5^13)
v_p(height side)  : 1
height side digits (p^1 first, up to O(p^13)) : [4, 2, 3, 4, 1, 4, 4, 4, 2, 0, 2, 0]
MACHINE hs.cert v=1 prec=13 digits=[4, 2, 3, 4, 1, 4, 4, 4, 2, 0, 2, 0]
MACHINE reg.cert v=3 prec=15 digits=[2, 4, 0, 4, 4, 4, 2, 0, 4, 2, 1, 0]
### eq:padicbsd, two sides compared at p = 5
digits compared   : 7
height side       : [4, 2, 3, 4, 1, 4, 4]
L-side (mod syms) : [4, 2, 3, 4, 1, 4, 4]
valuations        : height 1 , L-side 1
MATCH             : YES, all 7 digits
exit status     : 0

=== STEP 4/4 : mechanical cross-checks (check_agreement.py) ===
### check_agreement.py -- mechanical cross-checks
p                 : 5
cert file         : /var/folders/k4/pkrxzk7d2rx_tdj2jfcdd80r0000gn/T//cert_D-39_p5_D4YIBV/cert_D-39_p5.out
MACHINE tags found: ap.pari, ap.sage, c2.modsym, gram.sage, hs.cert, hs.pari, hs.sage, lambda_an, mu_an, reg.cert, reg.pari, reg.sage
C1a Reg_p  PARI vs Sage                        : PASS  v=3, 12 digits agree
C1b Reg_p  Sage vs certificates.sage           : PASS  v=3, 12 digits agree
C2  Reg_p  vs Gram det on the MW basis         : PASS  v=3, 12 digits agree
C3a height side  PARI vs Sage                  : PASS  v=1, 12 digits agree
C3b height side  Sage vs certificates.sage     : PASS  v=1, 12 digits agree
C4  a_p  PARI vs Sage                          : PASS  v=0, 1 digits agree
C5  eq:padicbsd  height side vs L-side         : PASS  all 7 certified L-side digits
C6  certificate  v_p(c_2(p)) = 1               : PASS  leading digit 4, rigorous to O(5^8)
C6b in-house Iwasawa invariants                : lambda_an = 4 , mu_an = 0
C7  vs LMFDB table (corroboration)             : PASS  LMFDB lambda=4 mu=0, in-house lambda=4 mu=0
-------------------------------------------------------------------------------
RESULT            : ALL CHECKS PASS
exit status     : 0

=== END p = 5 ===
