===============================================================================
A5 CERTIFICATE -- p = 37
E : y^2 = x^3 - 56x   [0,0,0,-56,0]   conductor 12544 = 2^8 * 7^2
===============================================================================
date            : 2026-08-20 15:04:04 UTC
host            : laptop  Darwin 25.5.0 arm64
sage            : /usr/local/bin/sage  --  SageMath version 10.7, Release Date: 2025-08-09
gp              : /opt/homebrew/bin/gp  --  PARI/GP [2, 17, 2]
python3         : Python 3.14.2
generated by    : series/code/lpadic/run.sh 37 4 5 7200
commands run    : (scripts are series/code/lpadic/*, copied to a scratch dir)
    P=37 NPREC=14 gp -q regulator.gp
    sage regulator.sage 37 14
    sage certificates.sage 37 4 5 7200
    python3 check_agreement.py 37 cert_37.out ../data/lmfdb_iwasawa.txt
-------------------------------------------------------------------------------

=== STEP 1/4 : Reg_p, implementation 1 of 2 -- PARI/GP ellpadicregulator ===
  ***   Warning: new stack size = 1000000000 (953.674 Mbytes).
### PARI/GP height side
pari version      : [2, 17, 2]
p                 : 37
working precision : O(p^14)
curve             : y^2 = x^3 - 56x   [0,0,0,-56,0]
conductor         : 12544
discriminant      : 11239424
Tamagawa product  : [2, 8; 7, 2]
torsion order     : 2
MW basis          : [-7, 7], [9, 15]
on curve?         : 1 1
a_p               : -12
#Etilde(F_p)      : 50
p | #Etilde(F_p)? : 0   (0 = non-anomalous)
alpha (unit root) : 25 + 33*37 + 6*37^2 + 21*37^3 + 33*37^4 + 10*37^5 + 27*37^6 + 10*37^7 + 4*37^8 + 6*37^9 + 22*37^10 + 13*37^11 + 19*37^12 + 35*37^13 + O(37^14)
(1-alpha^-1)^2    : 4 + 9*37 + 37^2 + 13*37^3 + 16*37^4 + 35*37^5 + 35*37^6 + 7*37^7 + 19*37^8 + 22*37^9 + 21*37^11 + 26*37^12 + 20*37^13 + O(37^14)
v_p of that       : 0   (0 = non-anomalous)
Reg_p (PARI)      : 16*37^2 + 19*37^3 + 5*37^4 + 33*37^5 + 17*37^6 + 25*37^7 + 26*37^8 + 25*37^9 + 31*37^10 + 25*37^11 + 26*37^12 + 22*37^13 + 18*37^14 + 32*37^15 + O(37^16)
v_p(Reg_p)        : 2   (expected 2)
ellpadicregulator : 0.0060000000000000000000000000000000000000 s
log_p(1+p)        : 37 + 18*37^2 + 6*37^3 + 15*37^4 + 30*37^5 + 28*37^6 + 22*37^7 + 26*37^8 + 31*37^9 + 20*37^11 + 26*37^12 + 25*37^13 + O(37^14)
v_p(log_p(1+p))   : 1   (expected 1)
HEIGHT SIDE       : (1-alpha^-1)^2 * Reg_p / log_p(1+p)^2 , Sha-factor 1
height side       : 27 + 26*37 + 20*37^2 + 24*37^3 + 36*37^4 + 7*37^5 + 23*37^6 + 23*37^7 + 27*37^8 + 11*37^9 + 4*37^10 + 13*37^11 + 25*37^12 + O(37^13)
v_p(height side)  : 0   (expected 0)
MACHINE hs.pari v=0 prec=13 digits=[27, 26, 20, 24, 36, 7, 23, 23, 27, 11, 4, 13, 25]
MACHINE reg.pari v=2 prec=16 digits=[16, 19, 5, 33, 17, 25, 26, 25, 31, 25, 26, 22, 18, 32]
MACHINE ap.pari v=0 prec=0 digits=[-12]
exit status     : 0

=== STEP 2/4 : Reg_p, implementation 2 of 2 -- Sage padic_regulator ===
### Sage height side
sage version      : SageMath version 10.7, Release Date: 2025-08-09
p                 : 37
working precision : O(p^14)
curve             : Elliptic Curve defined by y^2 = x^3 - 56*x over Rational Field
conductor         : 12544
discriminant      : 11239424
Tamagawa product  : 4
torsion order     : 2
rank              : 2
a_p               : -12
#Etilde(F_p)      : 50
anomalous?        : False   (False = non-anomalous)
ordinary?         : True
good reduction?   : True
Reg_p (Sage)      : 16*37^2 + 19*37^3 + 5*37^4 + 33*37^5 + 17*37^6 + 25*37^7 + 26*37^8 + 25*37^9 + 31*37^10 + 25*37^11 + 26*37^12 + 22*37^13 + 18*37^14 + O(37^15)
v_p(Reg_p)        : 2   (expected 2)
padic_regulator   : 0.398 s
MW basis          : (-7, 7) , (9, 15)
h(P1)             : 4*37 + 11*37^2 + 9*37^3 + 22*37^4 + 13*37^5 + 9*37^6 + 31*37^7 + 7*37^8 + 29*37^9 + 17*37^10 + 31*37^11 + 34*37^12 + 33*37^13 + O(37^14)
h(P2)             : 30*37 + 7*37^2 + 24*37^3 + 23*37^4 + 8*37^5 + 11*37^6 + 32*37^7 + 30*37^8 + 22*37^9 + 23*37^10 + 13*37^11 + 2*37^12 + 20*37^13 + O(37^14)
<P1,P2>           : 17*37 + 12*37^2 + 26*37^3 + 25*37^4 + 25*37^5 + 8*37^6 + 25*37^7 + 36*37^8 + 5*37^9 + 3*37^10 + 34*37^11 + 17*37^12 + 22*37^13 + O(37^14)
Gram determinant  : 16*37^2 + 19*37^3 + 5*37^4 + 33*37^5 + 17*37^6 + 25*37^7 + 26*37^8 + 25*37^9 + 31*37^10 + 25*37^11 + 26*37^12 + 22*37^13 + 18*37^14 + O(37^15)
v_p(Gram det)     : 2
Gram det == Reg_p : True
alpha (unit root) : 25 + 33*37 + 6*37^2 + 21*37^3 + 33*37^4 + 10*37^5 + 27*37^6 + 10*37^7 + 4*37^8 + 6*37^9 + 22*37^10 + 13*37^11 + 19*37^12 + 35*37^13 + O(37^14)
(1-alpha^-1)^2    : 4 + 9*37 + 37^2 + 13*37^3 + 16*37^4 + 35*37^5 + 35*37^6 + 7*37^7 + 19*37^8 + 22*37^9 + 21*37^11 + 26*37^12 + 20*37^13 + O(37^14)
v_p of that       : 0   (0 = non-anomalous)
log_p(1+p)        : 37 + 18*37^2 + 6*37^3 + 15*37^4 + 30*37^5 + 28*37^6 + 22*37^7 + 26*37^8 + 31*37^9 + 20*37^11 + 26*37^12 + 25*37^13 + O(37^14)
v_p(log_p(1+p))   : 1   (expected 1)
HEIGHT SIDE       : (1-alpha^-1)^2 * Reg_p / log_p(1+p)^2 , Sha-factor 1
height side       : 27 + 26*37 + 20*37^2 + 24*37^3 + 36*37^4 + 7*37^5 + 23*37^6 + 23*37^7 + 27*37^8 + 11*37^9 + 4*37^10 + 13*37^11 + 25*37^12 + O(37^13)
v_p(height side)  : 0   (expected 0)
MACHINE hs.sage v=0 prec=13 digits=[27, 26, 20, 24, 36, 7, 23, 23, 27, 11, 4, 13, 25]
MACHINE reg.sage v=2 prec=15 digits=[16, 19, 5, 33, 17, 25, 26, 25, 31, 25, 26, 22, 18]
MACHINE gram.sage v=2 prec=15 digits=[16, 19, 5, 33, 17, 25, 26, 25, 31, 25, 26, 22, 18]
MACHINE ap.sage v=0 prec=0 digits=[-12]
exit status     : 0

=== STEP 3/4 : L-side, modular symbols at level 12544 (Stein-Wuthrich) ===
### A5 certificate, L-side by modular symbols at level 12544
sage version      : SageMath version 10.7, Release Date: 2025-08-09
p                 : 37
n (approx order)  : 4
prec_T            : 5
implementation    : eclib
hard cap (s)      : 7200
curve             : Elliptic Curve defined by y^2 = x^3 - 56*x over Rational Field
conductor         : 12544
Tamagawa product  : 4
torsion order     : 2
prod c_v/#tors^2  : 1   (eq:padicbsd normalising factor)
a_p               : -12
#Etilde(F_p)      : 50
good reduction    : True
ordinary          : True
p = 1 mod 4       : True   (split in K = Q(i))
anomalous         : False   (lem:noanomalous: never, for this curve)
rhobar irreducible: True   (lem: c_bound = 0 below)
Warning : Curve outside Cremona's table. Computations of modular symbol space might take very long !
Lp object         : 37-adic L-series of Elliptic Curve defined by y^2 = x^3 - 56*x over Rational Field
normalisation     : L_p(E,1) = (1-1/alpha)^2 L(E,1)/Omega_E   [Stein-Wuthrich]
_c_bound()        : 0   (denominator bound on the modular symbols)
_prec_bounds(n,precT): [+Infinity, 3, 3, 3, 3]
   => provable truncation: coeff j of L_p(E,T) is correct mod p^bounds[j]
summands in the Riemann sum: (p-1)*p^(n-1) = 1823508
series runtime    : 286.5 s
L_p(E,T)          : O(37^6) + O(37^3)*T + (27 + 26*37 + 20*37^2 + O(37^3))*T^2 + (3 + 11*37 + 25*37^2 + O(37^3))*T^3 + (20 + 16*37 + 19*37^2 + O(37^3))*T^4 + O(T^5)
c_0               : O(37^6)
c_1               : O(37^3)
c_2               : 27 + 26*37 + 20*37^2 + O(37^3)
c_3               : 3 + 11*37 + 25*37^2 + O(37^3)
c_0 precision     : O(p^6)   (lem:c0c1 gives c_0 = 0 exactly)
c_1 precision     : O(p^3)   (lem:c0c1 gives c_1 = 0 exactly)
c_2 precision     : O(p^3)   <-- the truncation bound achieved
c_0 is zero to that precision : True
c_1 is zero to that precision : True
v_p(c_2(p))       : 0
c_2 digits (p^0 first, up to O(p^3)) : [27, 26, 20]
MACHINE c2.modsym v=0 prec=3 digits=[27, 26, 20]
CERTIFICATE       : v_p(c_2(p)) = 0  -- leading digit 27, rigorous to O(p^3)
  => by lem:c0c1 (c_0 = c_1 = 0 exactly), L_p(E,T) = T^2 (c_2 + ...) with
     c_2 in Z_p^*, hence  mu_an(p) = 0  and  lambda_an(p) = 2.
LAMBDA_AN         : 2
MU_AN             : 0
MACHINE lambda_an v=0 prec=0 digits=[2]
MACHINE mu_an v=0 prec=0 digits=[0]
### height side (Sage), Sha-factor 1
alpha             : 25 + 33*37 + 6*37^2 + 21*37^3 + 33*37^4 + 10*37^5 + 27*37^6 + 10*37^7 + 4*37^8 + 6*37^9 + 22*37^10 + 13*37^11 + 19*37^12 + 35*37^13 + O(37^14)
(1-alpha^-1)^2    : 4 + 9*37 + 37^2 + 13*37^3 + 16*37^4 + 35*37^5 + 35*37^6 + 7*37^7 + 19*37^8 + 22*37^9 + 21*37^11 + 26*37^12 + 20*37^13 + O(37^14)
Reg_p             : 16*37^2 + 19*37^3 + 5*37^4 + 33*37^5 + 17*37^6 + 25*37^7 + 26*37^8 + 25*37^9 + 31*37^10 + 25*37^11 + 26*37^12 + 22*37^13 + 18*37^14 + O(37^15)
v_p(Reg_p)        : 2
log_p(1+p)        : 37 + 18*37^2 + 6*37^3 + 15*37^4 + 30*37^5 + 28*37^6 + 22*37^7 + 26*37^8 + 31*37^9 + 20*37^11 + 26*37^12 + 25*37^13 + O(37^14)
height side       : 27 + 26*37 + 20*37^2 + 24*37^3 + 36*37^4 + 7*37^5 + 23*37^6 + 23*37^7 + 27*37^8 + 11*37^9 + 4*37^10 + 13*37^11 + 25*37^12 + O(37^13)
v_p(height side)  : 0
height side digits (p^0 first, up to O(p^13)) : [27, 26, 20, 24, 36, 7, 23, 23, 27, 11, 4, 13, 25]
MACHINE hs.cert v=0 prec=13 digits=[27, 26, 20, 24, 36, 7, 23, 23, 27, 11, 4, 13, 25]
MACHINE reg.cert v=2 prec=15 digits=[16, 19, 5, 33, 17, 25, 26, 25, 31, 25, 26, 22, 18]
### eq:match5 comparison at p = 37
digits compared   : 3
height side       : [27, 26, 20]
L-side (mod syms) : [27, 26, 20]
valuations        : height 0 , L-side 0
MATCH             : YES, all 3 digits
exit status     : 0

=== STEP 4/4 : mechanical cross-checks (check_agreement.py) ===
### check_agreement.py -- mechanical cross-checks
p                 : 37
cert file         : /var/folders/k4/pkrxzk7d2rx_tdj2jfcdd80r0000gn/T//a5_p37_Q8qavp/cert_37.out
MACHINE tags found: ap.pari, ap.sage, c2.modsym, gram.sage, hs.cert, hs.pari, hs.sage, lambda_an, mu_an, reg.cert, reg.pari, reg.sage
C1a Reg_p  PARI vs Sage                        : PASS  v=2, 13 digits agree
C1b Reg_p  Sage vs certificates.sage           : PASS  v=2, 13 digits agree
C2  Reg_p  vs Gram det on (-7,7),(9,15)        : PASS  v=2, 13 digits agree
C3a height side  PARI vs Sage                  : PASS  v=0, 13 digits agree
C3b height side  Sage vs certificates.sage     : PASS  v=0, 13 digits agree
C4  a_p  PARI vs Sage                          : PASS  v=0, 1 digits agree
C5  eq:match5  height side vs L-side           : PASS  all 3 certified L-side digits
C6  certificate  v_p(c_2(p)) = 0               : PASS  leading digit 27, rigorous to O(37^3)
C6b in-house Iwasawa invariants                : lambda_an = 2 , mu_an = 0
C7  vs Appendix B (LMFDB, corroboration)       : PASS  LMFDB lambda=2 mu=0, in-house lambda=2 mu=0
-------------------------------------------------------------------------------
RESULT            : ALL CHECKS PASS
exit status     : 0

=== END p = 37 ===
