===============================================================================
A5 CERTIFICATE -- p = 29
E : y^2 = x^3 - 56x   [0,0,0,-56,0]   conductor 12544 = 2^8 * 7^2
===============================================================================
date            : 2026-08-20 15:04:04 UTC
host            : laptop  Darwin 25.5.0 arm64
sage            : /usr/local/bin/sage  --  SageMath version 10.7, Release Date: 2025-08-09
gp              : /opt/homebrew/bin/gp  --  PARI/GP [2, 17, 2]
python3         : Python 3.14.2
generated by    : series/code/lpadic/run.sh 29 5 5 14400
commands run    : (scripts are series/code/lpadic/*, copied to a scratch dir)
    P=29 NPREC=14 gp -q regulator.gp
    sage regulator.sage 29 14
    sage certificates.sage 29 5 5 14400
    python3 check_agreement.py 29 cert_29.out ../data/lmfdb_iwasawa.txt
-------------------------------------------------------------------------------

=== STEP 1/4 : Reg_p, implementation 1 of 2 -- PARI/GP ellpadicregulator ===
  ***   Warning: new stack size = 1000000000 (953.674 Mbytes).
### PARI/GP height side
pari version      : [2, 17, 2]
p                 : 29
working precision : O(p^14)
curve             : y^2 = x^3 - 56x   [0,0,0,-56,0]
conductor         : 12544
discriminant      : 11239424
Tamagawa product  : [2, 8; 7, 2]
torsion order     : 2
MW basis          : [-7, 7], [9, 15]
on curve?         : 1 1
a_p               : 4
#Etilde(F_p)      : 26
p | #Etilde(F_p)? : 0   (0 = non-anomalous)
alpha (unit root) : 4 + 7*29 + 2*29^2 + 7*29^3 + 3*29^4 + 25*29^5 + 19*29^6 + 17*29^7 + 16*29^8 + 5*29^9 + 13*29^10 + 19*29^11 + 12*29^12 + 2*29^13 + O(29^14)
(1-alpha^-1)^2    : 6 + 5*29 + 29^2 + 22*29^3 + 28*29^4 + 26*29^5 + 26*29^6 + 10*29^7 + 16*29^8 + 6*29^9 + 17*29^10 + 15*29^11 + 15*29^12 + 4*29^13 + O(29^14)
v_p of that       : 0   (0 = non-anomalous)
Reg_p (PARI)      : 29^2 + 21*29^3 + 23*29^5 + 2*29^6 + 24*29^7 + 29^8 + 21*29^9 + 26*29^10 + 25*29^11 + 2*29^12 + 26*29^13 + 29^14 + 24*29^15 + O(29^16)
v_p(Reg_p)        : 2   (expected 2)
ellpadicregulator : 0.0040000000000000000000000000000000000000 s
log_p(1+p)        : 29 + 14*29^2 + 24*29^3 + 11*29^4 + 8*29^5 + 29^6 + 9*29^7 + 15*29^8 + 25*29^9 + 18*29^10 + 26*29^11 + 16*29^12 + 4*29^13 + O(29^14)
v_p(log_p(1+p))   : 1   (expected 1)
HEIGHT SIDE       : (1-alpha^-1)^2 * Reg_p / log_p(1+p)^2 , Sha-factor 1
height side       : 6 + 21*29 + 24*29^2 + 13*29^3 + 9*29^4 + 9*29^5 + 11*29^6 + 27*29^7 + 21*29^8 + 10*29^9 + 17*29^10 + 3*29^11 + 13*29^12 + O(29^13)
v_p(height side)  : 0   (expected 0)
MACHINE hs.pari v=0 prec=13 digits=[6, 21, 24, 13, 9, 9, 11, 27, 21, 10, 17, 3, 13]
MACHINE reg.pari v=2 prec=16 digits=[1, 21, 0, 23, 2, 24, 1, 21, 26, 25, 2, 26, 1, 24]
MACHINE ap.pari v=0 prec=0 digits=[4]
exit status     : 0

=== STEP 2/4 : Reg_p, implementation 2 of 2 -- Sage padic_regulator ===
### Sage height side
sage version      : SageMath version 10.7, Release Date: 2025-08-09
p                 : 29
working precision : O(p^14)
curve             : Elliptic Curve defined by y^2 = x^3 - 56*x over Rational Field
conductor         : 12544
discriminant      : 11239424
Tamagawa product  : 4
torsion order     : 2
rank              : 2
a_p               : 4
#Etilde(F_p)      : 26
anomalous?        : False   (False = non-anomalous)
ordinary?         : True
good reduction?   : True
Reg_p (Sage)      : 29^2 + 21*29^3 + 23*29^5 + 2*29^6 + 24*29^7 + 29^8 + 21*29^9 + 26*29^10 + 25*29^11 + 2*29^12 + 26*29^13 + 29^14 + O(29^15)
v_p(Reg_p)        : 2   (expected 2)
padic_regulator   : 0.400 s
MW basis          : (-7, 7) , (9, 15)
h(P1)             : 16*29 + 26*29^2 + 9*29^3 + 18*29^4 + 28*29^5 + 21*29^6 + 18*29^7 + 19*29^8 + 23*29^9 + 15*29^10 + 8*29^11 + 8*29^12 + O(29^14)
h(P2)             : 26*29 + 13*29^2 + 29^3 + 22*29^4 + 7*29^5 + 7*29^6 + 27*29^7 + 18*29^8 + 14*29^9 + 5*29^11 + 8*29^12 + 20*29^13 + O(29^14)
<P1,P2>           : 26*29 + 22*29^2 + 23*29^3 + 28*29^4 + 27*29^5 + 15*29^6 + 2*29^7 + 25*29^8 + 26*29^9 + 9*29^10 + 2*29^11 + 20*29^12 + 5*29^13 + O(29^14)
Gram determinant  : 29^2 + 21*29^3 + 23*29^5 + 2*29^6 + 24*29^7 + 29^8 + 21*29^9 + 26*29^10 + 25*29^11 + 2*29^12 + 26*29^13 + 29^14 + O(29^15)
v_p(Gram det)     : 2
Gram det == Reg_p : True
alpha (unit root) : 4 + 7*29 + 2*29^2 + 7*29^3 + 3*29^4 + 25*29^5 + 19*29^6 + 17*29^7 + 16*29^8 + 5*29^9 + 13*29^10 + 19*29^11 + 12*29^12 + 2*29^13 + O(29^14)
(1-alpha^-1)^2    : 6 + 5*29 + 29^2 + 22*29^3 + 28*29^4 + 26*29^5 + 26*29^6 + 10*29^7 + 16*29^8 + 6*29^9 + 17*29^10 + 15*29^11 + 15*29^12 + 4*29^13 + O(29^14)
v_p of that       : 0   (0 = non-anomalous)
log_p(1+p)        : 29 + 14*29^2 + 24*29^3 + 11*29^4 + 8*29^5 + 29^6 + 9*29^7 + 15*29^8 + 25*29^9 + 18*29^10 + 26*29^11 + 16*29^12 + 4*29^13 + O(29^14)
v_p(log_p(1+p))   : 1   (expected 1)
HEIGHT SIDE       : (1-alpha^-1)^2 * Reg_p / log_p(1+p)^2 , Sha-factor 1
height side       : 6 + 21*29 + 24*29^2 + 13*29^3 + 9*29^4 + 9*29^5 + 11*29^6 + 27*29^7 + 21*29^8 + 10*29^9 + 17*29^10 + 3*29^11 + 13*29^12 + O(29^13)
v_p(height side)  : 0   (expected 0)
MACHINE hs.sage v=0 prec=13 digits=[6, 21, 24, 13, 9, 9, 11, 27, 21, 10, 17, 3, 13]
MACHINE reg.sage v=2 prec=15 digits=[1, 21, 0, 23, 2, 24, 1, 21, 26, 25, 2, 26, 1]
MACHINE gram.sage v=2 prec=15 digits=[1, 21, 0, 23, 2, 24, 1, 21, 26, 25, 2, 26, 1]
MACHINE ap.sage v=0 prec=0 digits=[4]
exit status     : 0

=== STEP 3/4 : L-side, modular symbols at level 12544 (Stein-Wuthrich) ===
### A5 certificate, L-side by modular symbols at level 12544
sage version      : SageMath version 10.7, Release Date: 2025-08-09
p                 : 29
n (approx order)  : 5
prec_T            : 5
implementation    : eclib
hard cap (s)      : 14400
curve             : Elliptic Curve defined by y^2 = x^3 - 56*x over Rational Field
conductor         : 12544
Tamagawa product  : 4
torsion order     : 2
prod c_v/#tors^2  : 1   (eq:padicbsd normalising factor)
a_p               : 4
#Etilde(F_p)      : 26
good reduction    : True
ordinary          : True
p = 1 mod 4       : True   (split in K = Q(i))
anomalous         : False   (lem:noanomalous: never, for this curve)
rhobar irreducible: True   (lem: c_bound = 0 below)
Warning : Curve outside Cremona's table. Computations of modular symbol space might take very long !
Lp object         : 29-adic L-series of Elliptic Curve defined by y^2 = x^3 - 56*x over Rational Field
normalisation     : L_p(E,1) = (1-1/alpha)^2 L(E,1)/Omega_E   [Stein-Wuthrich]
_c_bound()        : 0   (denominator bound on the modular symbols)
_prec_bounds(n,precT): [+Infinity, 4, 4, 4, 4]
   => provable truncation: coeff j of L_p(E,T) is correct mod p^bounds[j]
summands in the Riemann sum: (p-1)*p^(n-1) = 19803868
series runtime    : 16855.5 s
L_p(E,T)          : O(29^7) + O(29^4)*T + (6 + 21*29 + 24*29^2 + 13*29^3 + O(29^4))*T^2 + (12 + 29 + 19*29^2 + 20*29^3 + O(29^4))*T^3 + (14 + 19*29 + 9*29^2 + 24*29^3 + O(29^4))*T^4 + O(T^5)
c_0               : O(29^7)
c_1               : O(29^4)
c_2               : 6 + 21*29 + 24*29^2 + 13*29^3 + O(29^4)
c_3               : 12 + 29 + 19*29^2 + 20*29^3 + O(29^4)
c_0 precision     : O(p^7)   (lem:c0c1 gives c_0 = 0 exactly)
c_1 precision     : O(p^4)   (lem:c0c1 gives c_1 = 0 exactly)
c_2 precision     : O(p^4)   <-- the truncation bound achieved
c_0 is zero to that precision : True
c_1 is zero to that precision : True
v_p(c_2(p))       : 0
c_2 digits (p^0 first, up to O(p^4)) : [6, 21, 24, 13]
MACHINE c2.modsym v=0 prec=4 digits=[6, 21, 24, 13]
CERTIFICATE       : v_p(c_2(p)) = 0  -- leading digit 6, rigorous to O(p^4)
  => by lem:c0c1 (c_0 = c_1 = 0 exactly), L_p(E,T) = T^2 (c_2 + ...) with
     c_2 in Z_p^*, hence  mu_an(p) = 0  and  lambda_an(p) = 2.
LAMBDA_AN         : 2
MU_AN             : 0
MACHINE lambda_an v=0 prec=0 digits=[2]
MACHINE mu_an v=0 prec=0 digits=[0]
### height side (Sage), Sha-factor 1
alpha             : 4 + 7*29 + 2*29^2 + 7*29^3 + 3*29^4 + 25*29^5 + 19*29^6 + 17*29^7 + 16*29^8 + 5*29^9 + 13*29^10 + 19*29^11 + 12*29^12 + 2*29^13 + O(29^14)
(1-alpha^-1)^2    : 6 + 5*29 + 29^2 + 22*29^3 + 28*29^4 + 26*29^5 + 26*29^6 + 10*29^7 + 16*29^8 + 6*29^9 + 17*29^10 + 15*29^11 + 15*29^12 + 4*29^13 + O(29^14)
Reg_p             : 29^2 + 21*29^3 + 23*29^5 + 2*29^6 + 24*29^7 + 29^8 + 21*29^9 + 26*29^10 + 25*29^11 + 2*29^12 + 26*29^13 + 29^14 + O(29^15)
v_p(Reg_p)        : 2
log_p(1+p)        : 29 + 14*29^2 + 24*29^3 + 11*29^4 + 8*29^5 + 29^6 + 9*29^7 + 15*29^8 + 25*29^9 + 18*29^10 + 26*29^11 + 16*29^12 + 4*29^13 + O(29^14)
height side       : 6 + 21*29 + 24*29^2 + 13*29^3 + 9*29^4 + 9*29^5 + 11*29^6 + 27*29^7 + 21*29^8 + 10*29^9 + 17*29^10 + 3*29^11 + 13*29^12 + O(29^13)
v_p(height side)  : 0
height side digits (p^0 first, up to O(p^13)) : [6, 21, 24, 13, 9, 9, 11, 27, 21, 10, 17, 3, 13]
MACHINE hs.cert v=0 prec=13 digits=[6, 21, 24, 13, 9, 9, 11, 27, 21, 10, 17, 3, 13]
MACHINE reg.cert v=2 prec=15 digits=[1, 21, 0, 23, 2, 24, 1, 21, 26, 25, 2, 26, 1]
### eq:match5 comparison at p = 29
digits compared   : 4
height side       : [6, 21, 24, 13]
L-side (mod syms) : [6, 21, 24, 13]
valuations        : height 0 , L-side 0
MATCH             : YES, all 4 digits
exit status     : 0

=== STEP 4/4 : mechanical cross-checks (check_agreement.py) ===
### check_agreement.py -- mechanical cross-checks
p                 : 29
cert file         : /var/folders/k4/pkrxzk7d2rx_tdj2jfcdd80r0000gn/T//a5_p29_KppNdQ/cert_29.out
MACHINE tags found: ap.pari, ap.sage, c2.modsym, gram.sage, hs.cert, hs.pari, hs.sage, lambda_an, mu_an, reg.cert, reg.pari, reg.sage
C1a Reg_p  PARI vs Sage                        : PASS  v=2, 13 digits agree
C1b Reg_p  Sage vs certificates.sage           : PASS  v=2, 13 digits agree
C2  Reg_p  vs Gram det on (-7,7),(9,15)        : PASS  v=2, 13 digits agree
C3a height side  PARI vs Sage                  : PASS  v=0, 13 digits agree
C3b height side  Sage vs certificates.sage     : PASS  v=0, 13 digits agree
C4  a_p  PARI vs Sage                          : PASS  v=0, 1 digits agree
C5  eq:match5  height side vs L-side           : PASS  all 4 certified L-side digits
C6  certificate  v_p(c_2(p)) = 0               : PASS  leading digit 6, rigorous to O(29^4)
C6b in-house Iwasawa invariants                : lambda_an = 2 , mu_an = 0
C7  vs Appendix B (LMFDB, corroboration)       : PASS  LMFDB lambda=2 mu=0, in-house lambda=2 mu=0
-------------------------------------------------------------------------------
RESULT            : ALL CHECKS PASS
exit status     : 0

=== END p = 29 ===
