===============================================================================
A5 CERTIFICATE -- p = 17
E : y^2 = x^3 - 56x   [0,0,0,-56,0]   conductor 12544 = 2^8 * 7^2
===============================================================================
date            : 2026-08-21 04:54:36 UTC
host            : laptop  Darwin 25.5.0 arm64
sage            : /usr/local/bin/sage  --  SageMath version 10.7, Release Date: 2025-08-09
gp              : /opt/homebrew/bin/gp  --  PARI/GP [2, 17, 2]
python3         : Python 3.14.2
generated by    : series/code/lpadic/run.sh 17 5 5 21600
commands run    : (scripts are series/code/lpadic/*, copied to a scratch dir)
    P=17 NPREC=14 gp -q regulator.gp
    sage regulator.sage 17 14
    sage certificates.sage 17 5 5 21600
    python3 check_agreement.py 17 cert_17.out ../data/lmfdb_iwasawa.txt
-------------------------------------------------------------------------------

=== STEP 1/4 : Reg_p, implementation 1 of 2 -- PARI/GP ellpadicregulator ===
  ***   Warning: new stack size = 1000000000 (953.674 Mbytes).
### PARI/GP height side
pari version      : [2, 17, 2]
p                 : 17
working precision : O(p^14)
curve             : y^2 = x^3 - 56x   [0,0,0,-56,0]
conductor         : 12544
discriminant      : 11239424
Tamagawa product  : [2, 8; 7, 2]
torsion order     : 2
MW basis          : [-7, 7], [9, 15]
on curve?         : 1 1
a_p               : -8
#Etilde(F_p)      : 26
p | #Etilde(F_p)? : 0   (0 = non-anomalous)
alpha (unit root) : 9 + 14*17 + 6*17^2 + 11*17^3 + 4*17^4 + 4*17^6 + 8*17^7 + 3*17^8 + 13*17^9 + 2*17^10 + 16*17^11 + 10*17^12 + 15*17^13 + O(17^14)
(1-alpha^-1)^2    : 1 + 3*17 + 9*17^2 + 11*17^3 + 15*17^4 + 5*17^5 + 10*17^6 + 10*17^7 + 14*17^8 + 15*17^9 + 11*17^11 + 13*17^12 + 15*17^13 + O(17^14)
v_p of that       : 0   (0 = non-anomalous)
Reg_p (PARI)      : 16*17^2 + 12*17^3 + 9*17^4 + 3*17^5 + 11*17^6 + 8*17^7 + 5*17^8 + 4*17^9 + 11*17^10 + 11*17^11 + 13*17^12 + 2*17^13 + 8*17^14 + 2*17^15 + O(17^16)
v_p(Reg_p)        : 2   (expected 2)
ellpadicregulator : 0.0030000000000000000000000000000000000000 s
log_p(1+p)        : 17 + 8*17^2 + 14*17^3 + 6*17^4 + 8*17^5 + 7*17^6 + 2*17^7 + 10*17^8 + 8*17^10 + 6*17^11 + 11*17^12 + 14*17^13 + O(17^14)
v_p(log_p(1+p))   : 1   (expected 1)
HEIGHT SIDE       : (1-alpha^-1)^2 * Reg_p / log_p(1+p)^2 , Sha-factor 1
height side       : 16 + 8*17 + 5*17^2 + 7*17^3 + 2*17^4 + 7*17^5 + 5*17^6 + 10*17^7 + 14*17^8 + 10*17^9 + 12*17^10 + 3*17^11 + 10*17^12 + O(17^13)
v_p(height side)  : 0   (expected 0)
MACHINE hs.pari v=0 prec=13 digits=[16, 8, 5, 7, 2, 7, 5, 10, 14, 10, 12, 3, 10]
MACHINE reg.pari v=2 prec=16 digits=[16, 12, 9, 3, 11, 8, 5, 4, 11, 11, 13, 2, 8, 2]
MACHINE ap.pari v=0 prec=0 digits=[-8]
exit status     : 0

=== STEP 2/4 : Reg_p, implementation 2 of 2 -- Sage padic_regulator ===
### Sage height side
sage version      : SageMath version 10.7, Release Date: 2025-08-09
p                 : 17
working precision : O(p^14)
curve             : Elliptic Curve defined by y^2 = x^3 - 56*x over Rational Field
conductor         : 12544
discriminant      : 11239424
Tamagawa product  : 4
torsion order     : 2
rank              : 2
a_p               : -8
#Etilde(F_p)      : 26
anomalous?        : False   (False = non-anomalous)
ordinary?         : True
good reduction?   : True
Reg_p (Sage)      : 16*17^2 + 12*17^3 + 9*17^4 + 3*17^5 + 11*17^6 + 8*17^7 + 5*17^8 + 4*17^9 + 11*17^10 + 11*17^11 + 13*17^12 + 2*17^13 + 8*17^14 + O(17^15)
v_p(Reg_p)        : 2   (expected 2)
padic_regulator   : 0.351 s
MW basis          : (-7, 7) , (9, 15)
h(P1)             : 7*17 + 7*17^2 + 13*17^3 + 15*17^4 + 11*17^5 + 10*17^6 + 4*17^7 + 16*17^8 + 5*17^9 + 15*17^10 + 6*17^11 + 11*17^12 + 17^13 + O(17^14)
h(P2)             : 15*17 + 17^2 + 5*17^3 + 6*17^4 + 2*17^5 + 17^6 + 3*17^7 + 10*17^8 + 5*17^9 + 7*17^10 + 11*17^11 + 9*17^12 + 15*17^13 + O(17^14)
<P1,P2>           : 2*17 + 5*17^2 + 17^3 + 2*17^4 + 8*17^5 + 5*17^6 + 17^7 + 2*17^8 + 10*17^9 + 16*17^10 + 6*17^11 + 15*17^12 + 8*17^13 + O(17^14)
Gram determinant  : 16*17^2 + 12*17^3 + 9*17^4 + 3*17^5 + 11*17^6 + 8*17^7 + 5*17^8 + 4*17^9 + 11*17^10 + 11*17^11 + 13*17^12 + 2*17^13 + 8*17^14 + O(17^15)
v_p(Gram det)     : 2
Gram det == Reg_p : True
alpha (unit root) : 9 + 14*17 + 6*17^2 + 11*17^3 + 4*17^4 + 4*17^6 + 8*17^7 + 3*17^8 + 13*17^9 + 2*17^10 + 16*17^11 + 10*17^12 + 15*17^13 + O(17^14)
(1-alpha^-1)^2    : 1 + 3*17 + 9*17^2 + 11*17^3 + 15*17^4 + 5*17^5 + 10*17^6 + 10*17^7 + 14*17^8 + 15*17^9 + 11*17^11 + 13*17^12 + 15*17^13 + O(17^14)
v_p of that       : 0   (0 = non-anomalous)
log_p(1+p)        : 17 + 8*17^2 + 14*17^3 + 6*17^4 + 8*17^5 + 7*17^6 + 2*17^7 + 10*17^8 + 8*17^10 + 6*17^11 + 11*17^12 + 14*17^13 + O(17^14)
v_p(log_p(1+p))   : 1   (expected 1)
HEIGHT SIDE       : (1-alpha^-1)^2 * Reg_p / log_p(1+p)^2 , Sha-factor 1
height side       : 16 + 8*17 + 5*17^2 + 7*17^3 + 2*17^4 + 7*17^5 + 5*17^6 + 10*17^7 + 14*17^8 + 10*17^9 + 12*17^10 + 3*17^11 + 10*17^12 + O(17^13)
v_p(height side)  : 0   (expected 0)
MACHINE hs.sage v=0 prec=13 digits=[16, 8, 5, 7, 2, 7, 5, 10, 14, 10, 12, 3, 10]
MACHINE reg.sage v=2 prec=15 digits=[16, 12, 9, 3, 11, 8, 5, 4, 11, 11, 13, 2, 8]
MACHINE gram.sage v=2 prec=15 digits=[16, 12, 9, 3, 11, 8, 5, 4, 11, 11, 13, 2, 8]
MACHINE ap.sage v=0 prec=0 digits=[-8]
exit status     : 0

=== STEP 3/4 : L-side, modular symbols at level 12544 (Stein-Wuthrich) ===
### A5 certificate, L-side by modular symbols at level 12544
sage version      : SageMath version 10.7, Release Date: 2025-08-09
p                 : 17
n (approx order)  : 5
prec_T            : 5
implementation    : eclib
hard cap (s)      : 21600
curve             : Elliptic Curve defined by y^2 = x^3 - 56*x over Rational Field
conductor         : 12544
Tamagawa product  : 4
torsion order     : 2
prod c_v/#tors^2  : 1   (eq:padicbsd normalising factor)
a_p               : -8
#Etilde(F_p)      : 26
good reduction    : True
ordinary          : True
p = 1 mod 4       : True   (split in K = Q(i))
anomalous         : False   (lem:noanomalous: never, for this curve)
rhobar irreducible: True   (lem: c_bound = 0 below)
Warning : Curve outside Cremona's table. Computations of modular symbol space might take very long !
Lp object         : 17-adic L-series of Elliptic Curve defined by y^2 = x^3 - 56*x over Rational Field
normalisation     : L_p(E,1) = (1-1/alpha)^2 L(E,1)/Omega_E   [Stein-Wuthrich]
_c_bound()        : 0   (denominator bound on the modular symbols)
_prec_bounds(n,precT): [+Infinity, 4, 4, 4, 4]
   => provable truncation: coeff j of L_p(E,T) is correct mod p^bounds[j]
summands in the Riemann sum: (p-1)*p^(n-1) = 1336336
series runtime    : 120.0 s
L_p(E,T)          : O(17^7) + O(17^4)*T + (16 + 8*17 + 5*17^2 + 7*17^3 + O(17^4))*T^2 + (14 + 6*17 + 4*17^2 + 10*17^3 + O(17^4))*T^3 + (3 + 11*17 + 9*17^2 + 12*17^3 + O(17^4))*T^4 + O(T^5)
c_0               : O(17^7)
c_1               : O(17^4)
c_2               : 16 + 8*17 + 5*17^2 + 7*17^3 + O(17^4)
c_3               : 14 + 6*17 + 4*17^2 + 10*17^3 + O(17^4)
c_0 precision     : O(p^7)   (lem:c0c1 gives c_0 = 0 exactly)
c_1 precision     : O(p^4)   (lem:c0c1 gives c_1 = 0 exactly)
c_2 precision     : O(p^4)   <-- the truncation bound achieved
c_0 is zero to that precision : True
c_1 is zero to that precision : True
v_p(c_2(p))       : 0
c_2 digits (p^0 first, up to O(p^4)) : [16, 8, 5, 7]
MACHINE c2.modsym v=0 prec=4 digits=[16, 8, 5, 7]
CERTIFICATE       : v_p(c_2(p)) = 0  -- leading digit 16, rigorous to O(p^4)
  => by lem:c0c1 (c_0 = c_1 = 0 exactly), L_p(E,T) = T^2 (c_2 + ...) with
     c_2 in Z_p^*, hence  mu_an(p) = 0  and  lambda_an(p) = 2.
LAMBDA_AN         : 2
MU_AN             : 0
MACHINE lambda_an v=0 prec=0 digits=[2]
MACHINE mu_an v=0 prec=0 digits=[0]
### height side (Sage), Sha-factor 1
alpha             : 9 + 14*17 + 6*17^2 + 11*17^3 + 4*17^4 + 4*17^6 + 8*17^7 + 3*17^8 + 13*17^9 + 2*17^10 + 16*17^11 + 10*17^12 + 15*17^13 + O(17^14)
(1-alpha^-1)^2    : 1 + 3*17 + 9*17^2 + 11*17^3 + 15*17^4 + 5*17^5 + 10*17^6 + 10*17^7 + 14*17^8 + 15*17^9 + 11*17^11 + 13*17^12 + 15*17^13 + O(17^14)
Reg_p             : 16*17^2 + 12*17^3 + 9*17^4 + 3*17^5 + 11*17^6 + 8*17^7 + 5*17^8 + 4*17^9 + 11*17^10 + 11*17^11 + 13*17^12 + 2*17^13 + 8*17^14 + O(17^15)
v_p(Reg_p)        : 2
log_p(1+p)        : 17 + 8*17^2 + 14*17^3 + 6*17^4 + 8*17^5 + 7*17^6 + 2*17^7 + 10*17^8 + 8*17^10 + 6*17^11 + 11*17^12 + 14*17^13 + O(17^14)
height side       : 16 + 8*17 + 5*17^2 + 7*17^3 + 2*17^4 + 7*17^5 + 5*17^6 + 10*17^7 + 14*17^8 + 10*17^9 + 12*17^10 + 3*17^11 + 10*17^12 + O(17^13)
v_p(height side)  : 0
height side digits (p^0 first, up to O(p^13)) : [16, 8, 5, 7, 2, 7, 5, 10, 14, 10, 12, 3, 10]
MACHINE hs.cert v=0 prec=13 digits=[16, 8, 5, 7, 2, 7, 5, 10, 14, 10, 12, 3, 10]
MACHINE reg.cert v=2 prec=15 digits=[16, 12, 9, 3, 11, 8, 5, 4, 11, 11, 13, 2, 8]
### eq:match5 comparison at p = 17
digits compared   : 4
height side       : [16, 8, 5, 7]
L-side (mod syms) : [16, 8, 5, 7]
valuations        : height 0 , L-side 0
MATCH             : YES, all 4 digits
exit status     : 0

=== STEP 4/4 : mechanical cross-checks (check_agreement.py) ===
### check_agreement.py -- mechanical cross-checks
p                 : 17
cert file         : /var/folders/k4/pkrxzk7d2rx_tdj2jfcdd80r0000gn/T//a5_p17_Xs7kJ5/cert_17.out
MACHINE tags found: ap.pari, ap.sage, c2.modsym, gram.sage, hs.cert, hs.pari, hs.sage, lambda_an, mu_an, reg.cert, reg.pari, reg.sage
C1a Reg_p  PARI vs Sage                        : PASS  v=2, 13 digits agree
C1b Reg_p  Sage vs certificates.sage           : PASS  v=2, 13 digits agree
C2  Reg_p  vs Gram det on (-7,7),(9,15)        : PASS  v=2, 13 digits agree
C3a height side  PARI vs Sage                  : PASS  v=0, 13 digits agree
C3b height side  Sage vs certificates.sage     : PASS  v=0, 13 digits agree
C4  a_p  PARI vs Sage                          : PASS  v=0, 1 digits agree
C5  eq:match5  height side vs L-side           : PASS  all 4 certified L-side digits
C6  certificate  v_p(c_2(p)) = 0               : PASS  leading digit 16, rigorous to O(17^4)
C6b in-house Iwasawa invariants                : lambda_an = 2 , mu_an = 0
C7  vs Appendix B (LMFDB, corroboration)       : PASS  LMFDB lambda=2 mu=0, in-house lambda=2 mu=0
-------------------------------------------------------------------------------
RESULT            : ALL CHECKS PASS
exit status     : 0

=== END p = 17 ===
