===============================================================================
eq:padicbsd CONTROL -- D = -33 , p = 37
E : y^2 = x^3 - -33x    Mordell-Weil basis [[4,14],[16,68]]
===============================================================================
date            : 2026-09-05 14:18:00 UTC
host            : Barinders-MacBook-Pro-2.local  Darwin 25.5.0 arm64
sage            : /usr/local/bin/sage  --  SageMath version 10.7, Release Date: 2025-08-09
gp              : /opt/homebrew/bin/gp  --  PARI/GP [2, 17, 2]
python3         : Python 3.14.2
generated by    : D=-33 EXPECT_V=1 code/sage/run.sh 37 3 5 3600
commands run    : (code/gp/regulator.gp and code/sage/*, copied to a scratch dir)
    P=37 NPREC=14 gp -q regulator.gp
    sage regulator.sage 37 14
    sage certificates.sage 37 3 5 3600
    python3 check_agreement.py 37 cert_37.out code/data/lmfdb_iwasawa_D-33.txt
-------------------------------------------------------------------------------

=== STEP 1/4 : Reg_p, implementation 1 of 2 -- PARI/GP ellpadicregulator ===
  ***   Warning: new stack size = 1000000000 (953.674 Mbytes).
### PARI/GP height side
pari version      : [2, 17, 2]
p                 : 37
working precision : O(p^14)
curve             : y^2 = x^3 - -33x   [0,0,0,33,0]
conductor         : 69696
discriminant      : -2299968
Tamagawa product  : 4
torsion order     : 2
MW basis          : [4, 14], [16, 68]
on curve?         : 1 1
a_p               : 2
#Etilde(F_p)      : 36
p | #Etilde(F_p)? : 0   (0 = non-anomalous, lem:noanomalous)
alpha (unit root) : 2 + 18*37 + 4*37^2 + 16*37^3 + 16*37^4 + 28*37^5 + 15*37^6 + 27*37^7 + 25*37^8 + 36*37^9 + 21*37^10 + 7*37^11 + 5*37^12 + 28*37^13 + O(37^14)
(1-alpha^-1)^2    : 28 + 13*37 + 36*37^2 + 12*37^3 + 25*37^4 + 13*37^5 + 3*37^6 + 15*37^7 + 29*37^8 + 28*37^9 + 4*37^10 + 28*37^11 + 26*37^12 + 13*37^13 + O(37^14)
v_p of that       : 0   (0 = non-anomalous)
Reg_p (PARI)      : 4*37^3 + 24*37^4 + 18*37^5 + 10*37^6 + 33*37^7 + 28*37^8 + 20*37^9 + 20*37^10 + 7*37^11 + 26*37^13 + 9*37^14 + 31*37^15 + O(37^16)
v_p(Reg_p)        : 3   (prop:scaneq: 2)
ellpadicregulator : 0.0070000000000000000000000000000000000000 s
log_p(1+p)        : 37 + 18*37^2 + 6*37^3 + 15*37^4 + 30*37^5 + 28*37^6 + 22*37^7 + 26*37^8 + 31*37^9 + 20*37^11 + 26*37^12 + 25*37^13 + O(37^14)
v_p(log_p(1+p))   : 1   (expected 1)
prod c_v/#tors^2  : 1   (eq:padicbsd normalising factor)
HEIGHT SIDE       : (1-alpha^-1)^2 * (prod c_v/#tors^2) * Reg_p / log_p(1+p)^2 , Sha-factor 1
height side       : 37 + 25*37^2 + 37^3 + 26*37^4 + 14*37^5 + 29*37^6 + 20*37^7 + 8*37^8 + 6*37^9 + 28*37^10 + 27*37^11 + 2*37^12 + 22*37^13 + O(37^14)
v_p(height side)  : 1   (expected 0)
MACHINE hs.pari v=1 prec=14 digits=[1, 25, 1, 26, 14, 29, 20, 8, 6, 28, 27, 2, 22]
MACHINE reg.pari v=3 prec=16 digits=[4, 24, 18, 10, 33, 28, 20, 20, 7, 0, 26, 9, 31]
MACHINE ap.pari v=0 prec=0 digits=[2]
exit status     : 0

=== STEP 2/4 : Reg_p, implementation 2 of 2 -- Sage padic_regulator ===
### Sage height side
sage version      : SageMath version 10.7, Release Date: 2025-08-09
p                 : 37
working precision : O(p^14)
curve             : Elliptic Curve defined by y^2 = x^3 + 33*x over Rational Field
conductor         : 69696
discriminant      : -2299968
Tamagawa product  : 4
torsion order     : 2
rank              : 2
a_p               : 2
#Etilde(F_p)      : 36
anomalous?        : False   (False = non-anomalous, lem:noanomalous)
ordinary?         : True
good reduction?   : True
Reg_p (Sage)      : 4*37^3 + 24*37^4 + 18*37^5 + 10*37^6 + 33*37^7 + 28*37^8 + 20*37^9 + 20*37^10 + 7*37^11 + 26*37^13 + 9*37^14 + O(37^15)
v_p(Reg_p)        : 3   (prop:scaneq: 2)
padic_regulator   : 0.523 s
MW basis          : (4, 14) , (16, 68)
h(P1)             : 6*37 + 13*37^2 + 20*37^3 + 28*37^4 + 30*37^5 + 19*37^6 + 31*37^7 + 18*37^8 + 33*37^9 + 9*37^10 + 5*37^11 + 16*37^12 + 35*37^13 + O(37^14)
h(P2)             : 8*37 + 22*37^2 + 8*37^3 + 37^4 + 23*37^5 + 23*37^6 + 2*37^7 + 8*37^8 + 12*37^9 + 7*37^10 + 17*37^11 + 15*37^12 + 2*37^13 + O(37^14)
<P1,P2>           : 14*37 + 24*37^2 + 9*37^3 + 35*37^4 + 28*37^5 + 12*37^6 + 19*37^7 + 32*37^8 + 23*37^9 + 33*37^10 + 37^11 + 21*37^12 + 4*37^13 + O(37^14)
Gram determinant  : 4*37^3 + 24*37^4 + 18*37^5 + 10*37^6 + 33*37^7 + 28*37^8 + 20*37^9 + 20*37^10 + 7*37^11 + 26*37^13 + 9*37^14 + O(37^15)
v_p(Gram det)     : 3
Gram det == Reg_p : True
alpha (unit root) : 2 + 18*37 + 4*37^2 + 16*37^3 + 16*37^4 + 28*37^5 + 15*37^6 + 27*37^7 + 25*37^8 + 36*37^9 + 21*37^10 + 7*37^11 + 5*37^12 + 28*37^13 + O(37^14)
(1-alpha^-1)^2    : 28 + 13*37 + 36*37^2 + 12*37^3 + 25*37^4 + 13*37^5 + 3*37^6 + 15*37^7 + 29*37^8 + 28*37^9 + 4*37^10 + 28*37^11 + 26*37^12 + 13*37^13 + O(37^14)
v_p of that       : 0   (0 = non-anomalous)
log_p(1+p)        : 37 + 18*37^2 + 6*37^3 + 15*37^4 + 30*37^5 + 28*37^6 + 22*37^7 + 26*37^8 + 31*37^9 + 20*37^11 + 26*37^12 + 25*37^13 + O(37^14)
v_p(log_p(1+p))   : 1   (expected 1)
prod c_v/#tors^2  : 1   (eq:padicbsd normalising factor)
HEIGHT SIDE       : (1-alpha^-1)^2 * (prod c_v/#tors^2) * Reg_p / log_p(1+p)^2 , Sha-factor 1
height side       : 37 + 25*37^2 + 37^3 + 26*37^4 + 14*37^5 + 29*37^6 + 20*37^7 + 8*37^8 + 6*37^9 + 28*37^10 + 27*37^11 + 2*37^12 + O(37^13)
v_p(height side)  : 1   (expected 0)
MACHINE hs.sage v=1 prec=13 digits=[1, 25, 1, 26, 14, 29, 20, 8, 6, 28, 27, 2]
MACHINE reg.sage v=3 prec=15 digits=[4, 24, 18, 10, 33, 28, 20, 20, 7, 0, 26, 9]
MACHINE gram.sage v=3 prec=15 digits=[4, 24, 18, 10, 33, 28, 20, 20, 7, 0, 26, 9]
MACHINE ap.sage v=0 prec=0 digits=[2]
exit status     : 0

=== STEP 3/4 : L-side, modular symbols by eclib (Stein-Wuthrich) ===
### L-side certificate, modular symbols by eclib
sage version      : SageMath version 10.7, Release Date: 2025-08-09
p                 : 37
n (approx order)  : 3
prec_T            : 5
implementation    : eclib
hard cap (s)      : 3600
curve             : Elliptic Curve defined by y^2 = x^3 + 33*x over Rational Field
conductor         : 69696
Tamagawa product  : 4
torsion order     : 2
prod c_v/#tors^2  : 1   (eq:padicbsd normalising factor)
a_p               : 2
#Etilde(F_p)      : 36
good reduction    : True
ordinary          : True
p = 1 mod 4       : True   (split in K = Q(i))
anomalous         : False   (lem:noanomalous: only p = 5 can be, and only when a_5 = -4)
rhobar irreducible: True   (gives _c_bound() = 0 below)
Warning : Curve outside Cremona's table. Computations of modular symbol space might take very long !
Lp object         : 37-adic L-series of Elliptic Curve defined by y^2 = x^3 + 33*x over Rational Field
normalisation     : L_p(E,1) = (1-1/alpha)^2 L(E,1)/Omega_E   [Stein-Wuthrich]
_c_bound()        : 0   (denominator bound on the modular symbols)
_prec_bounds(n,precT): [+Infinity, 2, 2, 2, 2]
   => provable truncation: coeff j of L_p(E,T) is correct mod p^bounds[j]
summands in the Riemann sum: (p-1)*p^(n-1) = 49284
series runtime    : 2.8 s
L_p(E,T)          : O(37^5) + O(37^2)*T + (37 + O(37^2))*T^2 + (32*37 + O(37^2))*T^3 + (14 + 13*37 + O(37^2))*T^4 + O(T^5)
c_0               : O(37^5)
c_1               : O(37^2)
c_2               : 37 + O(37^2)
c_3               : 32*37 + O(37^2)
c_0 precision     : O(p^5)   (lem:c0c1 gives c_0 = 0 exactly)
c_1 precision     : O(p^2)   (lem:c0c1 gives c_1 = 0 exactly)
c_2 precision     : O(p^2)   <-- the truncation bound achieved
c_0 is zero to that precision : True
c_1 is zero to that precision : True
v_p(c_2(p))       : 1
c_2 digits (p^1 first, up to O(p^2)) : [1]
MACHINE c2.modsym v=1 prec=2 digits=[1]
CERTIFICATE       : v_p(c_2(p)) = 1 > 0 -- the unit condition fails at p
LAMBDA_AN         : 4   (the least j with c_j a unit, over c_0..c_4)
MU_AN             : 0
MACHINE lambda_an v=0 prec=0 digits=[4]
MACHINE mu_an v=0 prec=0 digits=[0]
### height side (Sage), Sha-factor 1
prod c_v/#tors^2  : 1   (applied to the height side)
alpha             : 2 + 18*37 + 4*37^2 + 16*37^3 + 16*37^4 + 28*37^5 + 15*37^6 + 27*37^7 + 25*37^8 + 36*37^9 + 21*37^10 + 7*37^11 + 5*37^12 + 28*37^13 + O(37^14)
(1-alpha^-1)^2    : 28 + 13*37 + 36*37^2 + 12*37^3 + 25*37^4 + 13*37^5 + 3*37^6 + 15*37^7 + 29*37^8 + 28*37^9 + 4*37^10 + 28*37^11 + 26*37^12 + 13*37^13 + O(37^14)
Reg_p             : 4*37^3 + 24*37^4 + 18*37^5 + 10*37^6 + 33*37^7 + 28*37^8 + 20*37^9 + 20*37^10 + 7*37^11 + 26*37^13 + 9*37^14 + O(37^15)
v_p(Reg_p)        : 3
log_p(1+p)        : 37 + 18*37^2 + 6*37^3 + 15*37^4 + 30*37^5 + 28*37^6 + 22*37^7 + 26*37^8 + 31*37^9 + 20*37^11 + 26*37^12 + 25*37^13 + O(37^14)
height side       : 37 + 25*37^2 + 37^3 + 26*37^4 + 14*37^5 + 29*37^6 + 20*37^7 + 8*37^8 + 6*37^9 + 28*37^10 + 27*37^11 + 2*37^12 + O(37^13)
v_p(height side)  : 1
height side digits (p^1 first, up to O(p^13)) : [1, 25, 1, 26, 14, 29, 20, 8, 6, 28, 27, 2]
MACHINE hs.cert v=1 prec=13 digits=[1, 25, 1, 26, 14, 29, 20, 8, 6, 28, 27, 2]
MACHINE reg.cert v=3 prec=15 digits=[4, 24, 18, 10, 33, 28, 20, 20, 7, 0, 26, 9]
### eq:padicbsd, two sides compared at p = 37
digits compared   : 1
height side       : [1]
L-side (mod syms) : [1]
valuations        : height 1 , L-side 1
MATCH             : YES, all 1 digits
exit status     : 0

=== STEP 4/4 : mechanical cross-checks (check_agreement.py) ===
### check_agreement.py -- mechanical cross-checks
p                 : 37
cert file         : /var/folders/k4/pkrxzk7d2rx_tdj2jfcdd80r0000gn/T//cert_D-33_p37_66D1h3/cert_D-33_p37.out
MACHINE tags found: ap.pari, ap.sage, c2.modsym, gram.sage, hs.cert, hs.pari, hs.sage, lambda_an, mu_an, reg.cert, reg.pari, reg.sage
C1a Reg_p  PARI vs Sage                        : PASS  v=3, 12 digits agree
C1b Reg_p  Sage vs certificates.sage           : PASS  v=3, 12 digits agree
C2  Reg_p  vs Gram det on the MW basis         : PASS  v=3, 12 digits agree
C3a height side  PARI vs Sage                  : PASS  v=1, 12 digits agree
C3b height side  Sage vs certificates.sage     : PASS  v=1, 12 digits agree
C4  a_p  PARI vs Sage                          : PASS  v=0, 1 digits agree
C5  eq:padicbsd  height side vs L-side         : PASS  all 1 certified L-side digits
C6  certificate  v_p(c_2(p)) = 1               : PASS  leading digit 1, rigorous to O(37^2)
C6b in-house Iwasawa invariants                : lambda_an = 4 , mu_an = 0
C7  vs LMFDB table (corroboration)             : PASS  LMFDB lambda=4 mu=0, in-house lambda=4 mu=0
-------------------------------------------------------------------------------
RESULT            : ALL CHECKS PASS
exit status     : 0

=== END p = 37 ===
