# command : nice -n 10 timeout 1800 /usr/local/bin/magma -b pp:=5 grh:=on prog:=$HOME/fsr2_descent/controls.prog $HOME/fsr2_descent/controls.m
# magma   : V2.29-9
# date    : 2026-08-21T04:56:09Z (UTC), host remote-host, timeout 1800s, nice 10
Loading "pi_descent.m"
############################################################
# controls.m -- A3 validation, p = 5, GRH = on
# Magma V2.29-9
############################################################

==================================================================
CONTROL C0   curve [ 0, 0, 0, -56, 0 ]   LMFDB 12544.i1
  TARGET CURVE, for reference. rank 2.
  quoted analytic #Sha = 1, dim_F5 Sha(E/Q)[5] = 0
  REQUIRED by (*) : b >= rank + 0
==================================================================
RankBounds(E) = [2, 2]  [0.230s]  (rank CERTIFIED)
in-house ConjecturalSha = 1.00000   (LMFDB / quoted: 1)
# E      = Elliptic Curve defined by y^2 = x^3 - 56*x over Rational Field
# minimal model [ 0, 0, 0, -56, 0 ], conductor 12544, disc 11239424
# CM     = true (disc -4)
# bad primes of E : [ 2, 7 ] ; S-primes (bad and p) : [ 2, 5, 7 ]
kernel polys of degree 2 : 2
F = K(E[pi]) : [F:Q] = 8
# field construction [0.000s]
T : order 5
#Gal(F/K) = 4  (expected 4)
chi values : [ 1, 4, 2, 3 ]
# chi faithful : true   (faithful => E(K)[p] = 0)
# sigma0 candidates (chi(sigma0) a primitive root mod 5) : 2 of 4
# MaximalOrder(F : Ramification := [ 2, 5, 7 ]) done [0.020s]
# disc(F) = 246727835648000
Cl(F) = [ 20 ]   [0.210s]  (GRH: SetClassGroupBounds("GRH"))
#S = 4
dim_F5 F(S,5) = 8   [0.010s]

sigma with chi = 4 :
   eigenvalue 1 : dim 5
   eigenvalue 4 : dim 3

sigma with chi = 2 :
   eigenvalue 1 : dim 4
   eigenvalue 2 : dim 2
   eigenvalue 3 : dim 1
   eigenvalue 4 : dim 1

sigma with chi = 3 :
   eigenvalue 1 : dim 4
   eigenvalue 2 : dim 1
   eigenvalue 3 : dim 2
   eigenvalue 4 : dim 1

---------------- SUMMARY ----------------
curve [ 0, 0, 0, -56, 0 ]   p = 5   GRH = on
[F:Q] = 8   #Gal(F/K) = 4   chi faithful = true   Cl(F) = [ 20 ]
dim F(S,5) = 8
sigma0 with chi(sigma0) = 2 (primitive root mod 5)
dim chi-eigenspace      = 2
dim chi^{-1}-eigenspace = 1
BOUND b = max = 2        (s <= b, convention-free)
rank E(Q) = 2, so s >= 2 always; internal check requires b >= 2
INTERNAL CHECK b >= rank E(Q) : PASS
CONCLUSION : s = 2, so Sha(E/K)[phi] = 0, Sha(E/K)[5] = 0,
             hence Sha(E/Q)[5^oo] = 0.   [GRH-CONDITIONAL]
---------------- END --------------------
[C0] rank = 2, dim Sha[5] = 0, b = 2, slack = 0
[C0] A3(iii) b >= rank : PASS    prediction (*) b >= rank + dim Sha : PASS

==================================================================
CONTROL C1   curve [ 0, 0, 0, 571787, 0 ]   LMFDB 220448.f2
  DETECTION CONTROL. y^2 = x^3 + 83^3 x. rank 0, #Sha = 25, so (*) forces b >= 2.
  quoted analytic #Sha = 25, dim_F5 Sha(E/Q)[5] = 2
  REQUIRED by (*) : b >= rank + 2
==================================================================
RankBounds(E) = [0, 0]  [0.000s]  (rank CERTIFIED)
in-house ConjecturalSha = 25.0000   (LMFDB / quoted: 25)
# E      = Elliptic Curve defined by y^2 = x^3 + 571787*x over Rational Field
# minimal model [ 0, 0, 0, 571787, 0 ], conductor 220448, disc -11964176337122585792
# CM     = true (disc -4)
# bad primes of E : [ 2, 83 ] ; S-primes (bad and p) : [ 2, 5, 83 ]
kernel polys of degree 2 : 2
F = K(E[pi]) : [F:Q] = 8
# field construction [0.000s]
T : order 5
#Gal(F/K) = 4  (expected 4)
chi values : [ 1, 4, 3, 2 ]
# chi faithful : true   (faithful => E(K)[p] = 0)
# sigma0 candidates (chi(sigma0) a primitive root mod 5) : 2 of 4
# MaximalOrder(F : Ramification := [ 2, 5, 83 ]) done [0.020s]
# disc(F) = 2678295538638848000
Cl(F) = [ 5, 20 ]   [0.330s]  (GRH: SetClassGroupBounds("GRH"))
#S = 5
dim_F5 F(S,5) = 10   [0.030s]

sigma with chi = 4 :
   eigenvalue 1 : dim 6
   eigenvalue 4 : dim 4

sigma with chi = 3 :
   eigenvalue 1 : dim 4
   eigenvalue 2 : dim 2
   eigenvalue 3 : dim 2
   eigenvalue 4 : dim 2

sigma with chi = 2 :
   eigenvalue 1 : dim 4
   eigenvalue 2 : dim 2
   eigenvalue 3 : dim 2
   eigenvalue 4 : dim 2

---------------- SUMMARY ----------------
curve [ 0, 0, 0, 571787, 0 ]   p = 5   GRH = on
[F:Q] = 8   #Gal(F/K) = 4   chi faithful = true   Cl(F) = [ 5, 20 ]
dim F(S,5) = 10
sigma0 with chi(sigma0) = 3 (primitive root mod 5)
dim chi-eigenspace      = 2
dim chi^{-1}-eigenspace = 2
BOUND b = max = 2        (s <= b, convention-free)
rank E(Q) = 0, so s >= 0 always; internal check requires b >= 0
INTERNAL CHECK b >= rank E(Q) : PASS
CONCLUSION : b = 2 exceeds rank 0 by 2, so 1 <= dim Sha(E/K)[phi] <= 2
             is NOT excluded.  Inconclusive without local conditions.
---------------- END --------------------
[C1] rank = 0, dim Sha[5] = 2, b = 2, slack = 0
[C1] A3(iii) b >= rank : PASS    prediction (*) b >= rank + dim Sha : PASS    DETECTION: b exceeds the rank, as it must

==================================================================
CONTROL C1b   curve [ 0, 0, 0, -2287148, 0 ]   LMFDB 220448.f1
  DETECTION CONTROL, 2-isogenous partner of C1. rank 0, #Sha = 25, b >= 2.
  quoted analytic #Sha = 25, dim_F5 Sha(E/Q)[5] = 2
  REQUIRED by (*) : b >= rank + 2
==================================================================
RankBounds(E) = [0, 0]  [0.000s]  (rank CERTIFIED)
in-house ConjecturalSha = 25.0000   (LMFDB / quoted: 25)
# E      = Elliptic Curve defined by y^2 = x^3 - 2287148*x over Rational Field
# minimal model [ 0, 0, 0, -2287148, 0 ], conductor 220448, disc 765707285575845490688
# CM     = true (disc -4)
# bad primes of E : [ 2, 83 ] ; S-primes (bad and p) : [ 2, 5, 83 ]
kernel polys of degree 2 : 2
F = K(E[pi]) : [F:Q] = 8
# field construction [0.000s]
T : order 5
#Gal(F/K) = 4  (expected 4)
chi values : [ 1, 4, 2, 3 ]
# chi faithful : true   (faithful => E(K)[p] = 0)
# sigma0 candidates (chi(sigma0) a primitive root mod 5) : 2 of 4
# MaximalOrder(F : Ramification := [ 2, 5, 83 ]) done [0.030s]
# disc(F) = 2678295538638848000
Cl(F) = [ 5, 20 ]   [0.340s]  (GRH: SetClassGroupBounds("GRH"))
#S = 5
dim_F5 F(S,5) = 10   [0.030s]

sigma with chi = 4 :
   eigenvalue 1 : dim 6
   eigenvalue 4 : dim 4

sigma with chi = 2 :
   eigenvalue 1 : dim 4
   eigenvalue 2 : dim 2
   eigenvalue 3 : dim 2
   eigenvalue 4 : dim 2

sigma with chi = 3 :
   eigenvalue 1 : dim 4
   eigenvalue 2 : dim 2
   eigenvalue 3 : dim 2
   eigenvalue 4 : dim 2

---------------- SUMMARY ----------------
curve [ 0, 0, 0, -2287148, 0 ]   p = 5   GRH = on
[F:Q] = 8   #Gal(F/K) = 4   chi faithful = true   Cl(F) = [ 5, 20 ]
dim F(S,5) = 10
sigma0 with chi(sigma0) = 2 (primitive root mod 5)
dim chi-eigenspace      = 2
dim chi^{-1}-eigenspace = 2
BOUND b = max = 2        (s <= b, convention-free)
rank E(Q) = 0, so s >= 0 always; internal check requires b >= 0
INTERNAL CHECK b >= rank E(Q) : PASS
CONCLUSION : b = 2 exceeds rank 0 by 2, so 1 <= dim Sha(E/K)[phi] <= 2
             is NOT excluded.  Inconclusive without local conditions.
---------------- END --------------------
[C1b] rank = 0, dim Sha[5] = 2, b = 2, slack = 0
[C1b] A3(iii) b >= rank : PASS    prediction (*) b >= rank + dim Sha : PASS    DETECTION: b exceeds the rank, as it must

==================================================================
CONTROL C2   curve [ 0, 0, 0, 7, 0 ]   LMFDB 1568.i1
  TRIVIAL-Sha CONTROL, CM by Z[i], rank 0, bad primes {2,7} as for C0.
  quoted analytic #Sha = 1, dim_F5 Sha(E/Q)[5] = 0
  REQUIRED by (*) : b >= rank + 0
==================================================================
RankBounds(E) = [0, 0]  [0.000s]  (rank CERTIFIED)
in-house ConjecturalSha = 1.00000   (LMFDB / quoted: 1)
# E      = Elliptic Curve defined by y^2 = x^3 + 7*x over Rational Field
# minimal model [ 0, 0, 0, 7, 0 ], conductor 1568, disc -21952
# CM     = true (disc -4)
# bad primes of E : [ 2, 7 ] ; S-primes (bad and p) : [ 2, 5, 7 ]
kernel polys of degree 2 : 2
F = K(E[pi]) : [F:Q] = 8
# field construction [0.000s]
T : order 5
#Gal(F/K) = 4  (expected 4)
chi values : [ 1, 4, 3, 2 ]
# chi faithful : true   (faithful => E(K)[p] = 0)
# sigma0 candidates (chi(sigma0) a primitive root mod 5) : 2 of 4
# MaximalOrder(F : Ramification := [ 2, 5, 7 ]) done [0.020s]
# disc(F) = 963780608000
Cl(F) = [ 4 ]   [0.130s]  (GRH: SetClassGroupBounds("GRH"))
#S = 5
dim_F5 F(S,5) = 8   [0.000s]

sigma with chi = 4 :
   eigenvalue 1 : dim 6
   eigenvalue 4 : dim 2

sigma with chi = 3 :
   eigenvalue 1 : dim 4
   eigenvalue 2 : dim 1
   eigenvalue 3 : dim 1
   eigenvalue 4 : dim 2

sigma with chi = 2 :
   eigenvalue 1 : dim 4
   eigenvalue 2 : dim 1
   eigenvalue 3 : dim 1
   eigenvalue 4 : dim 2

---------------- SUMMARY ----------------
curve [ 0, 0, 0, 7, 0 ]   p = 5   GRH = on
[F:Q] = 8   #Gal(F/K) = 4   chi faithful = true   Cl(F) = [ 4 ]
dim F(S,5) = 8
sigma0 with chi(sigma0) = 3 (primitive root mod 5)
dim chi-eigenspace      = 1
dim chi^{-1}-eigenspace = 1
BOUND b = max = 1        (s <= b, convention-free)
rank E(Q) = 0, so s >= 0 always; internal check requires b >= 0
INTERNAL CHECK b >= rank E(Q) : PASS
CONCLUSION : b = 1 exceeds rank 0 by 1, so 1 <= dim Sha(E/K)[phi] <= 1
             is NOT excluded.  Inconclusive without local conditions.
---------------- END --------------------
[C2] rank = 0, dim Sha[5] = 0, b = 1, slack = 1
[C2] A3(iii) b >= rank : PASS    prediction (*) b >= rank + dim Sha : PASS

==================================================================
CONTROL C6   curve [ 0, 0, 0, 1, 0 ]   LMFDB 64.a4
  TRIVIAL-Sha CONTROL, smallest conductor CM curve, rank 0.
  quoted analytic #Sha = 1, dim_F5 Sha(E/Q)[5] = 0
  REQUIRED by (*) : b >= rank + 0
==================================================================
RankBounds(E) = [0, 0]  [0.000s]  (rank CERTIFIED)
in-house ConjecturalSha = 1.00000   (LMFDB / quoted: 1)
# E      = Elliptic Curve defined by y^2 = x^3 + x over Rational Field
# minimal model [ 0, 0, 0, 1, 0 ], conductor 64, disc -64
# CM     = true (disc -4)
# bad primes of E : [ 2 ] ; S-primes (bad and p) : [ 2, 5 ]
kernel polys of degree 2 : 2
F = K(E[pi]) : [F:Q] = 8
# field construction [0.000s]
T : order 5
#Gal(F/K) = 4  (expected 4)
chi values : [ 1, 4, 3, 2 ]
# chi faithful : true   (faithful => E(K)[p] = 0)
# sigma0 candidates (chi(sigma0) a primitive root mod 5) : 2 of 4
# MaximalOrder(F : Ramification := [ 2, 5 ]) done [0.010s]
# disc(F) = 32768000
Cl(F) = []   [0.110s]  (GRH: SetClassGroupBounds("GRH"))
#S = 3
dim_F5 F(S,5) = 6   [0.010s]

sigma with chi = 4 :
   eigenvalue 1 : dim 4
   eigenvalue 4 : dim 2

sigma with chi = 3 :
   eigenvalue 1 : dim 3
   eigenvalue 2 : dim 1
   eigenvalue 3 : dim 1
   eigenvalue 4 : dim 1

sigma with chi = 2 :
   eigenvalue 1 : dim 3
   eigenvalue 2 : dim 1
   eigenvalue 3 : dim 1
   eigenvalue 4 : dim 1

---------------- SUMMARY ----------------
curve [ 0, 0, 0, 1, 0 ]   p = 5   GRH = on
[F:Q] = 8   #Gal(F/K) = 4   chi faithful = true   Cl(F) = []
dim F(S,5) = 6
sigma0 with chi(sigma0) = 3 (primitive root mod 5)
dim chi-eigenspace      = 1
dim chi^{-1}-eigenspace = 1
BOUND b = max = 1        (s <= b, convention-free)
rank E(Q) = 0, so s >= 0 always; internal check requires b >= 0
INTERNAL CHECK b >= rank E(Q) : PASS
CONCLUSION : b = 1 exceeds rank 0 by 1, so 1 <= dim Sha(E/K)[phi] <= 1
             is NOT excluded.  Inconclusive without local conditions.
---------------- END --------------------
[C6] rank = 0, dim Sha[5] = 0, b = 1, slack = 1
[C6] A3(iii) b >= rank : PASS    prediction (*) b >= rank + dim Sha : PASS

==================================================================
CONTROL C3   curve [ 0, 0, 0, 8, 0 ]   LMFDB 256.a2
  RANK-TRACKING, rank 1.
  quoted analytic #Sha = 1, dim_F5 Sha(E/Q)[5] = 0
  REQUIRED by (*) : b >= rank + 0
==================================================================
RankBounds(E) = [1, 1]  [0.000s]  (rank CERTIFIED)
in-house ConjecturalSha = 0.999998   (LMFDB / quoted: 1)
# E      = Elliptic Curve defined by y^2 = x^3 + 8*x over Rational Field
# minimal model [ 0, 0, 0, 8, 0 ], conductor 256, disc -32768
# CM     = true (disc -4)
# bad primes of E : [ 2 ] ; S-primes (bad and p) : [ 2, 5 ]
kernel polys of degree 2 : 2
F = K(E[pi]) : [F:Q] = 8
# field construction [0.000s]
T : order 5
#Gal(F/K) = 4  (expected 4)
chi values : [ 1, 4, 3, 2 ]
# chi faithful : true   (faithful => E(K)[p] = 0)
# sigma0 candidates (chi(sigma0) a primitive root mod 5) : 2 of 4
# MaximalOrder(F : Ramification := [ 2, 5 ]) done [0.020s]
# disc(F) = 2097152000
Cl(F) = []   [0.100s]  (GRH: SetClassGroupBounds("GRH"))
#S = 6
dim_F5 F(S,5) = 9   [0.010s]

sigma with chi = 4 :
   eigenvalue 1 : dim 5
   eigenvalue 4 : dim 4

sigma with chi = 3 :
   eigenvalue 1 : dim 3
   eigenvalue 2 : dim 2
   eigenvalue 3 : dim 2
   eigenvalue 4 : dim 2

sigma with chi = 2 :
   eigenvalue 1 : dim 3
   eigenvalue 2 : dim 2
   eigenvalue 3 : dim 2
   eigenvalue 4 : dim 2

---------------- SUMMARY ----------------
curve [ 0, 0, 0, 8, 0 ]   p = 5   GRH = on
[F:Q] = 8   #Gal(F/K) = 4   chi faithful = true   Cl(F) = []
dim F(S,5) = 9
sigma0 with chi(sigma0) = 3 (primitive root mod 5)
dim chi-eigenspace      = 2
dim chi^{-1}-eigenspace = 2
BOUND b = max = 2        (s <= b, convention-free)
rank E(Q) = 1, so s >= 1 always; internal check requires b >= 1
INTERNAL CHECK b >= rank E(Q) : PASS
CONCLUSION : b = 2 exceeds rank 1 by 1, so 1 <= dim Sha(E/K)[phi] <= 1
             is NOT excluded.  Inconclusive without local conditions.
---------------- END --------------------
[C3] rank = 1, dim Sha[5] = 0, b = 2, slack = 1
[C3] A3(iii) b >= rank : PASS    prediction (*) b >= rank + dim Sha : PASS

==================================================================
CONTROL C4   curve [ 0, 0, 0, 14, 0 ]   LMFDB 12544.i2
  RANK-TRACKING, rank 2; the 2-isogenous partner of the target curve.
  quoted analytic #Sha = 1, dim_F5 Sha(E/Q)[5] = 0
  REQUIRED by (*) : b >= rank + 0
==================================================================
RankBounds(E) = [2, 2]  [0.050s]  (rank CERTIFIED)
in-house ConjecturalSha = 1.00000   (LMFDB / quoted: 1)
# E      = Elliptic Curve defined by y^2 = x^3 + 14*x over Rational Field
# minimal model [ 0, 0, 0, 14, 0 ], conductor 12544, disc -175616
# CM     = true (disc -4)
# bad primes of E : [ 2, 7 ] ; S-primes (bad and p) : [ 2, 5, 7 ]
kernel polys of degree 2 : 2
F = K(E[pi]) : [F:Q] = 8
# field construction [0.010s]
T : order 5
#Gal(F/K) = 4  (expected 4)
chi values : [ 1, 4, 3, 2 ]
# chi faithful : true   (faithful => E(K)[p] = 0)
# sigma0 candidates (chi(sigma0) a primitive root mod 5) : 2 of 4
# MaximalOrder(F : Ramification := [ 2, 5, 7 ]) done [0.020s]
# disc(F) = 246727835648000
Cl(F) = [ 20 ]   [0.210s]  (GRH: SetClassGroupBounds("GRH"))
#S = 4
dim_F5 F(S,5) = 8   [0.010s]

sigma with chi = 4 :
   eigenvalue 1 : dim 5
   eigenvalue 4 : dim 3

sigma with chi = 3 :
   eigenvalue 1 : dim 4
   eigenvalue 2 : dim 1
   eigenvalue 3 : dim 2
   eigenvalue 4 : dim 1

sigma with chi = 2 :
   eigenvalue 1 : dim 4
   eigenvalue 2 : dim 2
   eigenvalue 3 : dim 1
   eigenvalue 4 : dim 1

---------------- SUMMARY ----------------
curve [ 0, 0, 0, 14, 0 ]   p = 5   GRH = on
[F:Q] = 8   #Gal(F/K) = 4   chi faithful = true   Cl(F) = [ 20 ]
dim F(S,5) = 8
sigma0 with chi(sigma0) = 3 (primitive root mod 5)
dim chi-eigenspace      = 2
dim chi^{-1}-eigenspace = 1
BOUND b = max = 2        (s <= b, convention-free)
rank E(Q) = 2, so s >= 2 always; internal check requires b >= 2
INTERNAL CHECK b >= rank E(Q) : PASS
CONCLUSION : s = 2, so Sha(E/K)[phi] = 0, Sha(E/K)[5] = 0,
             hence Sha(E/Q)[5^oo] = 0.   [GRH-CONDITIONAL]
---------------- END --------------------
[C4] rank = 2, dim Sha[5] = 0, b = 2, slack = 0
[C4] A3(iii) b >= rank : PASS    prediction (*) b >= rank + dim Sha : PASS

==================================================================
CONTROL C5   curve [ 0, 0, 0, -17, 0 ]   LMFDB 9248.j1
  RANK-TRACKING, rank 2, an unrelated curve.
  quoted analytic #Sha = 1, dim_F5 Sha(E/Q)[5] = 0
  REQUIRED by (*) : b >= rank + 0
==================================================================
RankBounds(E) = [2, 2]  [0.050s]  (rank CERTIFIED)
in-house ConjecturalSha = 1.00000   (LMFDB / quoted: 1)
# E      = Elliptic Curve defined by y^2 = x^3 - 17*x over Rational Field
# minimal model [ 0, 0, 0, -17, 0 ], conductor 9248, disc 314432
# CM     = true (disc -4)
# bad primes of E : [ 2, 17 ] ; S-primes (bad and p) : [ 2, 5, 17 ]
kernel polys of degree 2 : 2
F = K(E[pi]) : [F:Q] = 8
# field construction [0.000s]
T : order 5
#Gal(F/K) = 4  (expected 4)
chi values : [ 1, 4, 2, 3 ]
# chi faithful : true   (faithful => E(K)[p] = 0)
# sigma0 candidates (chi(sigma0) a primitive root mod 5) : 2 of 4
# MaximalOrder(F : Ramification := [ 2, 5, 17 ]) done [0.010s]
# disc(F) = 197734965248000
Cl(F) = [ 4, 20 ]   [0.210s]  (GRH: SetClassGroupBounds("GRH"))
#S = 8
dim_F5 F(S,5) = 11   [0.000s]

sigma with chi = 4 :
   eigenvalue 1 : dim 7
   eigenvalue 4 : dim 4

sigma with chi = 2 :
   eigenvalue 1 : dim 5
   eigenvalue 2 : dim 2
   eigenvalue 3 : dim 2
   eigenvalue 4 : dim 2

sigma with chi = 3 :
   eigenvalue 1 : dim 5
   eigenvalue 2 : dim 2
   eigenvalue 3 : dim 2
   eigenvalue 4 : dim 2

---------------- SUMMARY ----------------
curve [ 0, 0, 0, -17, 0 ]   p = 5   GRH = on
[F:Q] = 8   #Gal(F/K) = 4   chi faithful = true   Cl(F) = [ 4, 20 ]
dim F(S,5) = 11
sigma0 with chi(sigma0) = 2 (primitive root mod 5)
dim chi-eigenspace      = 2
dim chi^{-1}-eigenspace = 2
BOUND b = max = 2        (s <= b, convention-free)
rank E(Q) = 2, so s >= 2 always; internal check requires b >= 2
INTERNAL CHECK b >= rank E(Q) : PASS
CONCLUSION : s = 2, so Sha(E/K)[phi] = 0, Sha(E/K)[5] = 0,
             hence Sha(E/Q)[5^oo] = 0.   [GRH-CONDITIONAL]
---------------- END --------------------
[C5] rank = 2, dim Sha[5] = 0, b = 2, slack = 0
[C5] A3(iii) b >= rank : PASS    prediction (*) b >= rank + dim Sha : PASS

############################################################
# A3 CONTROL SUMMARY
############################################################
label  curve                    LMFDB       rank  dimSha  b    slack  #Sha_an(inhouse)  A3(iii)  pred(*)
C0     [ 0, 0, 0, -56, 0 ]      12544.i1    2     0       2    0      1 (1.00000)       PASS     PASS
C1     [ 0, 0, 0, 571787, 0 ]   220448.f2   0     2       2    0      25 (25.0000)      PASS     PASS
C1b    [ 0, 0, 0, -2287148, 0 ] 220448.f1   0     2       2    0      25 (25.0000)      PASS     PASS
C2     [ 0, 0, 0, 7, 0 ]        1568.i1     0     0       1    1      1 (1.00000)       PASS     PASS
C6     [ 0, 0, 0, 1, 0 ]        64.a4       0     0       1    1      1 (1.00000)       PASS     PASS
C3     [ 0, 0, 0, 8, 0 ]        256.a2      1     0       2    1      1 (0.999998)      PASS     PASS
C4     [ 0, 0, 0, 14, 0 ]       12544.i2    2     0       2    0      1 (1.00000)       PASS     PASS
C5     [ 0, 0, 0, -17, 0 ]      9248.j1     2     0       2    0      1 (1.00000)       PASS     PASS

ALL 8 CONTROLS RUN HERE PASS.
  (iii) the internal check b >= rank E(Q) held on every run;
  (*)   b >= rank + dim Sha[p] held on every run.
  (i)   DETECTION HOLDS on all 2 row(s) with Sha[p] =/= 0: the code
        returned b > rank with no knowledge of Sha, as (*) requires.
  NOTE  slack > 0 does occur (no local conditions are imposed), so b = rank
        is a sufficient but NOT a necessary signature of Sha[p] = 0, and
        b > rank on its own is not evidence of Sha =/= 0.
############################################################
# EXIT   : 0
