# command : nice -n 10 timeout 420 /usr/local/bin/magma -b  $HOME/fsr2_descent/curve_data.m
# magma   : V2.29-9
# date    : 2026-08-21T05:46:21Z (UTC), host remote-host, timeout 420s, nice 10
# curve_data.m   Magma V2.29-9
############################################################
E                = Elliptic Curve defined by y^2 = x^3 - 56*x over Rational Field
minimal model    = [ 0, 0, 0, -56, 0 ]
is minimal       = true
conductor N      = 12544 = [ <2, 8>, <7, 2> ]
discriminant     = 11239424 = [ <2, 15>, <7, 3> ]
c4, c6           = 2688, 0
j-invariant      = 1728
CM               = true, discriminant -4  (K = Q(sqrt(-4)) = Q(i))
torsion          = [ 2 ], order 2, generators [ (0 : 0 : 1) ]
bad primes       = [ 2, 7 ]
  q = 2    Kodaira III*    c_q = 2  (Additive reduction)
  q = 7    Kodaira III     c_q = 2  (Additive reduction)
prod_v c_v       = 4
root number      = 1
RankBounds       = [2, 2]  [0.240s]  RANK CERTIFIED
MordellWeilGroup = [ 2, 0, 0 ], generators [ (0 : 0 : 1), (9 : -15 : 1), (8 : 8 : 1) ]
free generators  = [ (9 : -15 : 1), (8 : 8 : 1) ]
Regulator(free)  = 2.96745679844318390085899365323
P1 = (-7 : 7 : 1) on E     : true
P2 = (9 : 15 : 1) on E     : true
Regulator(P1,P2) = 2.96745679844318390085899365324
Saturation([P1,P2], 1000) = [ (0 : 0 : 1), (-7 : 7 : 1), (9 : 15 : 1) ]
  free part returned by Saturation = [ (-7 : 7 : 1), (9 : 15 : 1) ]
  Saturation returned P1 and P2 unchanged (index 1, so SATURATED) : true
(8,8) on E, and (8,8) - P1 = (0 : 0 : 1) (the 2-torsion point)
Regulator(P1, (8,8)) = 0.000000000000000000000000000000   (degenerate: NOT a basis)
IsogenousCurves(E) (neighbours, may include E itself) = [
[ 0, 0, 0, 14, 0 ],
[ 0, 0, 0, -56, 0 ]
]
isogeny class (closure, de-duplicated by minimal model) = [
[ 0, 0, 0, -56, 0 ],
[ 0, 0, 0, 14, 0 ]
]
  #isogeny class = 2
    [ 0, 0, 0, -56, 0 ] : conductor 12544
    [ 0, 0, 0, 14, 0 ] : conductor 12544
  quotient of E by <(0,0)> = [ 0, 0, 0, 224, 0 ], minimal model [ 0, 0, 0, 14, 0 ]
QuadraticTwist(E,-1) minimal model = [ 0, 0, 0, -56, 0 ] ; isomorphic to E : true
  hence rank E(K) = 2 rank E(Q) for K = Q(i)
RealPeriod       = 0.958506833596613487064466698335
AnalyticRank     = 2
leading Taylor coefficient L^(r)(1)/r! (Magma AnalyticRank) = 5.68865523942104055896257249369
  so L''(E,1) = 2 * that = 11.3773104788420811179251449874
ConjecturalSha   = 1.00000   (Magma, its own normalisations)
RealPeriod(E) (identity component)      Omega_0 = 0.958506833596613487064466698335
full real period (Delta > 0, 2 components) Omega_E = 2*Omega_0 = 1.91701366719322697412893339667
BSD quotient with Omega_E = 2*Omega_0 : L^(r)(1)/r! * tors^2 / (Omega_E*Reg*prod c_v) = 0.999999999999999999999999999998   <-- the correct one
BSD quotient with Omega_0 (WRONG normalisation)                                      = 2.00000000000000000000000000000
a_p at the six split primes of Paper I:
  p = 5    a_p = -2     a_p even : true   p = 1 mod 4 : true
  p = 13   a_p = -6     a_p even : true   p = 1 mod 4 : true
  p = 17   a_p = -8     a_p even : true   p = 1 mod 4 : true
  p = 29   a_p = 4      a_p even : true   p = 1 mod 4 : true
  p = 37   a_p = -12    a_p even : true   p = 1 mod 4 : true
  p = 41   a_p = -8     a_p even : true   p = 1 mod 4 : true
############################################################
# EXIT   : 0
