### prop:consequence -- the five non-certificate hypotheses
sage version      : SageMath version 10.7, Release Date: 2025-08-09
curve             : Elliptic Curve defined by y^2 = x^3 - 56*x over Rational Field
minimal model     : [0, 0, 0, -56, 0]
conductor N       : 12544 = 2^8 * 7^2
discriminant      : 11239424 = 2^15 * 7^3
j-invariant       : 1728
CM                : by the order of discriminant -4 in K = Q(i)
rank              : 2
torsion order     : 2
Tamagawa product  : 4
K = Q(i), d_K     : -4
6N*prod c_v*#tors*|d_K| = 6*12544*4*2*4 = 2408448 = 2^14 * 3 * 7^2
   => the eq:Sexc divisibility condition is supported on [2, 3, 7]
isogeny class     : 2 curves, isogeny matrix degrees [1, 2]
   => every isogeny in the class has 2-power degree, so E admits no rational
      p-isogeny for odd p, so rhobar_{E,p} is irreducible for every odd p.

p    p%4      a_p       #E(F_p)  good+ord     non-anom      rhobar irr  gcd(p,M)  
----------------------------------------------------------------------------------
5    1        -2        8        True/True    True          True        1         
     MACHINE hyp p=5 split=True ap=-2 NEFp=8 good=True ordinary=True nonanomalous=True irreducible=True gcd_p_M=1 all=True
13   1        -6        20       True/True    True          True        1         
     MACHINE hyp p=13 split=True ap=-6 NEFp=20 good=True ordinary=True nonanomalous=True irreducible=True gcd_p_M=1 all=True
17   1        -8        26       True/True    True          True        1         
     MACHINE hyp p=17 split=True ap=-8 NEFp=26 good=True ordinary=True nonanomalous=True irreducible=True gcd_p_M=1 all=True
29   1        4         26       True/True    True          True        1         
     MACHINE hyp p=29 split=True ap=4 NEFp=26 good=True ordinary=True nonanomalous=True irreducible=True gcd_p_M=1 all=True
37   1        -12       50       True/True    True          True        1         
     MACHINE hyp p=37 split=True ap=-12 NEFp=50 good=True ordinary=True nonanomalous=True irreducible=True gcd_p_M=1 all=True
41   1        -8        50       True/True    True          True        1         
     MACHINE hyp p=41 split=True ap=-8 NEFp=50 good=True ordinary=True nonanomalous=True irreducible=True gcd_p_M=1 all=True

comparison constant (lem:comparison, main.tex:985): for this curve the CM
curve underlying the Katz measure may be taken to be E itself, and the
period ratio is supported on {2,7} (main.tex remark at 1037-1046), so
v_p(c_p) = 0 at EVERY split p. Not a computation; quoted from the frozen paper.

### effective settings of E.padic_lseries, recorded for provenance
Sage default chain: padics.py:109 padic_lseries(p, normalize=None,
implementation='eclib'), then _normalize_padic_lseries (padics.py:77-94)
maps normalize=None -> 'L_ratio'.
Warning : Curve outside Cremona's table. Computations of modular symbol space might take very long !
  p = 5   implementation = eclib  normalize = L_ratio  alpha = 3 + 2*5 + 4*5^2 + 2*5^3 + 5^4 + 4*5^5 + 2*5^7 + O(5^8)
Warning : Curve outside Cremona's table. Computations of modular symbol space might take very long !
  p = 13  implementation = eclib  normalize = L_ratio  alpha = 7 + 10*13 + 2*13^2 + 10*13^4 + 10*13^5 + 2*13^6 + O(13^8)
Warning : Curve outside Cremona's table. Computations of modular symbol space might take very long !
  p = 17  implementation = eclib  normalize = L_ratio  alpha = 9 + 14*17 + 6*17^2 + 11*17^3 + 4*17^4 + 4*17^6 + 8*17^7 + O(17^8)
Warning : Curve outside Cremona's table. Computations of modular symbol space might take very long !
  p = 29  implementation = eclib  normalize = L_ratio  alpha = 4 + 7*29 + 2*29^2 + 7*29^3 + 3*29^4 + 25*29^5 + 19*29^6 + 17*29^7 + O(29^8)
Warning : Curve outside Cremona's table. Computations of modular symbol space might take very long !
  p = 37  implementation = eclib  normalize = L_ratio  alpha = 25 + 33*37 + 6*37^2 + 21*37^3 + 33*37^4 + 10*37^5 + 27*37^6 + 10*37^7 + O(37^8)
Warning : Curve outside Cremona's table. Computations of modular symbol space might take very long !
  p = 41  implementation = eclib  normalize = L_ratio  alpha = 33 + 35*41 + 33*41^2 + 8*41^3 + 20*41^5 + 15*41^6 + 7*41^7 + O(41^8)

### software
sage              : SageMath version 10.7, Release Date: 2025-08-09
eclib module      : /private/var/tmp/sage-10.7-current/local/lib/python3.13/site-packages/sage/libs/eclib/__init__.py
pari version      : (2, 17, 1)

ALL FIVE NON-CERTIFICATE HYPOTHESES HOLD AT ALL SIX PRIMES: True
MACHINE hyp_all v=0 prec=0 digits=[1]
