# command : nice -n 10 timeout 900 /usr/local/bin/magma -b  $HOME/fsr2_descent/labels.m
# magma   : V2.29-9
# date    : 2026-08-21T06:01:41Z (UTC), host remote-host, timeout 900s, nice 10
# labels.m   Magma V2.29-9
# CremonaDatabase available, largest conductor = 499999

label a-invariants           conductor  Cremona      rank   torsion  min model
C0    [ 0, 0, 0, -56, 0 ]    12544      12544b2      2      [ 2 ]    [ 0, 0, 0, -56, 0 ]
C1    [ 0, 0, 0, 571787, 0 ] 220448     220448a1     0      [ 2 ]    [ 0, 0, 0, 571787, 0 ]
C1b   [ 0, 0, 0, -2287148, 0 ] 220448     220448a2     0      [ 2 ]    [ 0, 0, 0, -2287148, 0 ]
C2    [ 0, 0, 0, 7, 0 ]      1568       1568a1       0      [ 2 ]    [ 0, 0, 0, 7, 0 ]
C6    [ 0, 0, 0, 1, 0 ]      64         64a4         0      [ 2 ]    [ 0, 0, 0, 1, 0 ]
C3    [ 0, 0, 0, 8, 0 ]      256        256b2        1      [ 2 ]    [ 0, 0, 0, 8, 0 ]
C4    [ 0, 0, 0, 14, 0 ]     12544      12544b1      2      [ 2 ]    [ 0, 0, 0, 14, 0 ]
C5    [ 0, 0, 0, -17, 0 ]    9248       9248g1       2      [ 2 ]    [ 0, 0, 0, -17, 0 ]

# every curve of conductor 12544 in the Cremona database:
  [ 0, 0, 0, 686, 0 ] 12544a1      rank 0
  [ 0, 0, 0, -2744, 0 ] 12544a2      rank 0
  [ 0, 0, 0, 14, 0 ] 12544b1      rank 2
  [ 0, 0, 0, -56, 0 ] 12544b2      rank 2
  [ 0, 0, 0, -98, 0 ] 12544c1      rank 0
  [ 0, 0, 0, 392, 0 ] 12544c2      rank 0
  [ 0, -1, 0, -163, -657 ] 12544d1      rank 0
  [ 0, -1, 0, -653, 5909 ] 12544d2      rank 0
  [ 0, -1, 0, -359, 323 ] 12544e1      rank 0
  [ 0, -1, 0, -3789, -88171 ] 12544e2      rank 0
  [ 0, 1, 0, -359, -323 ] 12544f1      rank 2
  [ 0, 1, 0, -3789, 88171 ] 12544f2      rank 2
  [ 0, 1, 0, -1731, 20257 ] 12544g1      rank 0
  [ 0, 1, 0, -25741, 1580907 ] 12544g2      rank 0
  [ 0, 1, 0, -6435, -200831 ] 12544h1      rank 0
  [ 0, 1, 0, -6925, -168981 ] 12544h2      rank 0
  [ 0, 0, 0, -14, 0 ] 12544i1      rank 1
  [ 0, 0, 0, 56, 0 ] 12544i2      rank 1
  [ 0, 0, 0, -686, 0 ] 12544j1      rank 1
  [ 0, 0, 0, 2744, 0 ] 12544j2      rank 1
  [ 0, 0, 0, 98, 0 ] 12544k1      rank 1
  [ 0, 0, 0, -392, 0 ] 12544k2      rank 1
  [ 0, -1, 0, -947, 11495 ] 12544l1      rank 1
  [ 0, -1, 0, -1437, -1147 ] 12544l2      rank 1
  [ 0, -1, 0, -1731, -20257 ] 12544m1      rank 1
  [ 0, -1, 0, -25741, -1580907 ] 12544m2      rank 1
  [ 0, -1, 0, -6435, 200831 ] 12544n1      rank 1
  [ 0, -1, 0, -6925, 168981 ] 12544n2      rank 1
  [ 0, 1, 0, -163, 657 ] 12544o1      rank 1
  [ 0, 1, 0, -653, -5909 ] 12544o2      rank 1
  [ 0, 1, 0, -947, -11495 ] 12544p1      rank 1
  [ 0, 1, 0, -1437, 1147 ] 12544p2      rank 1
# done
# EXIT   : 0
