=== m2_w1_family.gp : the algebraic bracket B_alg of (W1)/(W2) ===
pari version      : [2, 17, 2]
curve             : E : y^2 = x^3 - -33x   [0,0,0,33,0]   conductor 69696
N(f) = N/4        : 17424 = 2^4 * 33^2
f                 : (1+i)^4 * (33)   generator f_0 = 132
idealhnf(K, f_0)  : [132, 0; 0, 132]   norm 17424
period generator  : Omega = omega_1 (1+i)/2 = 0.773568429895133281021577960428485003353924522416284078290509921470200808489831800802518598993896966606066962744518064477117082280894091667112129275703259355539967288532023705804012184797931026217577357165710887491370992785164376954317339265774074367523115338853583820376016400478669561096298201105953238262619257711687805084415044140577669616234061975139439606339089725306530360183709457149237793314034078000041922611667961691893682057916238798093249955809639420398861224243371131638226821737967974788706918873524143212657034407960219128061708654750946306332945714579668443342436317109775270032339548 + 0.773568429895133281021577960428485003353924522416284078290509921470200808489831800802518598993896966606066962744518064477117082280894091667112129275703259355539967288532023705804012184797931026217577357165710887491370992785164376954317339265774074367523115338853583820376016400478669561096298201105953238262619257711687805084415044140577669616234061975139439606339089725306530360183709457149237793314034078000041922611667961691893682057916238798093249955809639420398861224243371131638226821737967974788706918873524143212657034407960219128061708654750946306332945714579668443342436317109775270032339548*I
phase u           : -I   (conj(S) = u^{-(2p-1)} S)
realprecision     : 616
primes            : [17, 13]
root number       : 1
conductor shape  : PASS
f_0 generates f  : PASS
u a 4th root     : PASS

eps: split primes tested to 1000000 : 39175   with no unique candidate: 0   conflicts or closed-form failures: 0
eps consistent and (D/.)_4^-1 : PASS
classes of D_E    : 1920   #Cl_f(K) = 1920   unreached by the eps table: 0
class count      : PASS
eps conjugation  : PASS

quasi-period      : |eta(Omega) - conj(Omega)/A| = 2^-2042 , |eta(i Omega) - conj(i Omega)/A| = 2^-2046
quasi-period     : PASS

--- gate: the fast slot routines against the full bivariate expansion ---
  28 coefficients at one class point, worst relative deviation 2^-1984
bivariate check  : PASS

--- B_alg per prime ---
kappa(p) is read from ../data/m2_msd_D-33.out (MSD normalisation); (W2) predicts
v_p(B_alg) = 2 exactly when kappa(p) != 0, and v_p(B_alg) >= 3 when it is 0.
kappa lines found : 3

p = 17   fp = (1 + 4i)   i_p = 4   eps(pi) = i^0   [labelling OK]
   S[2p-2,0]  = (104 digits)/(1 digits) + (104 digits)/(1 digits) i   residual 2^-2047   denominator 1 digits
   S[p-1,p-1] = 4231576558111736471913676800/161051 + -4231576558111736471913676800/161051 i   residual 2^-1780   denominator 6 digits
   S[0,2p-2]  = (68 digits)/(32 digits) + (68 digits)/(32 digits) i   residual 2^-1826   denominator 32 digits
   in Q(i) 1   denominators under 10^100 1   conj(S) = u^{-(2p-1)} S 1   denominators prime to p 1
   E(2p-2,0) = 9 + 2*17 + 17^2 + O(17^3)    E(p-1,p-1) = 1 + O(17^3)
   term valuations : 2 2 2
   v_p(B_alg) = 2   B_alg = 14*17^2 + 16*17^3 + O(17^4)
   p^{-2} B_alg mod p = 14     [alpha^2 mod p = 4]
   kappa(p) = 1   predicted v_p(B_alg) = 2 exactly   -> AGREE
   predicted kappa(p) = 1   ((f_0 omega_E)^{-1} a_p^{-2} p^{-2} B_alg mod p, f_0 omega_E mod p = 12, a_p = 2)
   (161.300000000000000000000000000000000000000000000000000000000000000000000000000000000000000000000000000000000000000000000000000000000000000000000000000000000000000000000000000000000000000000000000000000000000000000000000000000000000000000000000000000000000000000000000000000000000000000000000000000000000000000000000000000000000000000000000000000000000000000000000000000000000000000000000000000000000000000000000000000000000000000000000000000000000000000000000000000000000000000000000000000000000000000000000000000000000000000000000000000000000000000000000000000000000000000000000000000000000000000000 s)
  p = 17 exactness   : PASS
  p = 17 v>=2 (W1)   : PASS
  p = 17 vs kappa(p) : PASS
  p = 17 residue     : PASS

p = 13   fp = (3 + 2i)   i_p = 5   eps(pi) = i^1   [labelling OK]
   S[2p-2,0]  = (76 digits)/(1 digits) + (76 digits)/(1 digits) i   residual 2^-2044   denominator 1 digits
   S[p-1,p-1] = 25355536939699200/11 + -25355536939699200/11 i   residual 2^-1849   denominator 2 digits
   S[0,2p-2]  = (48 digits)/(23 digits) + (48 digits)/(23 digits) i   residual 2^-1883   denominator 23 digits
   in Q(i) 1   denominators under 10^100 1   conj(S) = u^{-(2p-1)} S 1   denominators prime to p 1
   E(2p-2,0) = 11 + 7*13 + 13^2 + O(13^3)    E(p-1,p-1) = 1 + O(13^3)
   term valuations : 2 2 2
   v_p(B_alg) = 2   B_alg = 5*13^2 + 13^3 + O(13^4)
   p^{-2} B_alg mod p = 5     [alpha^2 mod p = 3]
   kappa(p) = 9   predicted v_p(B_alg) = 2 exactly   -> AGREE
   predicted kappa(p) = 9   ((f_0 omega_E)^{-1} a_p^{-2} p^{-2} B_alg mod p, f_0 omega_E mod p = 5, a_p = -4)
   (79.0000000000000000000000000000000000000000000000000000000000000000000000000000000000000000000000000000000000000000000000000000000000000000000000000000000000000000000000000000000000000000000000000000000000000000000000000000000000000000000000000000000000000000000000000000000000000000000000000000000000000000000000000000000000000000000000000000000000000000000000000000000000000000000000000000000000000000000000000000000000000000000000000000000000000000000000000000000000000000000000000000000000000000000000000000000000000000000000000000000000000000000000000000000000000000000000000000000000000000000000 s)
  p = 13 exactness   : PASS
  p = 13 v>=2 (W1)   : PASS
  p = 13 vs kappa(p) : PASS
  p = 13 residue     : PASS

gates passed      : 16 of 16
