=== m2_w1_family.gp : the algebraic bracket B_alg of (W1)/(W2) ===
pari version      : [2, 17, 2]
curve             : E : y^2 = x^3 - -39x   [0,0,0,39,0]   conductor 48672
N(f) = N/4        : 12168 = 2^3 * 39^2
f                 : (1+i)^3 * (39)   generator f_0 = -78 + 78*I
idealhnf(K, f_0)  : [156, 78; 0, 78]   norm 12168
period generator  : Omega = omega_1 (1+i)/2 = 0.741926819877311100440476057676454067641537591663874563624772407620623736166077647366468015117012598675484191121964946319407283510131059229916397450064956946240350201395657495418835549498893134034813327628390369028610501904140810330535912730787316268605685847940585966511989768429225774700470609712328923678600974327901864497619798959951875234643004839319404095084323893602673850585926101001998542480320700833143302568740038315812685059268827176341611843798688603092417757378602152705029852732613026095243816278596834453344837387320490208757831169992553074577225092595689966909299445738974612622304548 + 0.741926819877311100440476057676454067641537591663874563624772407620623736166077647366468015117012598675484191121964946319407283510131059229916397450064956946240350201395657495418835549498893134034813327628390369028610501904140810330535912730787316268605685847940585966511989768429225774700470609712328923678600974327901864497619798959951875234643004839319404095084323893602673850585926101001998542480320700833143302568740038315812685059268827176341611843798688603092417757378602152705029852732613026095243816278596834453344837387320490208757831169992553074577225092595689966909299445738974612622304548*I
phase u           : -1   (conj(S) = u^{-(2p-1)} S)
realprecision     : 616
primes            : [29, 17, 5]
root number       : 1
conductor shape  : PASS
f_0 generates f  : PASS
u a 4th root     : PASS

eps: split primes tested to 1000000 : 39174   with no unique candidate: 0   conflicts or closed-form failures: 0
eps consistent and (D/.)_4^-1 : PASS
classes of D_E    : 1152   #Cl_f(K) = 1152   unreached by the eps table: 0
class count      : PASS
eps conjugation  : PASS

quasi-period      : |eta(Omega) - conj(Omega)/A| = 2^-2042 , |eta(i Omega) - conj(i Omega)/A| = 2^-2046
quasi-period     : PASS

--- gate: the fast slot routines against the full bivariate expansion ---
  28 coefficients at one class point, worst relative deviation 2^-1989
bivariate check  : PASS

--- B_alg per prime ---
kappa(p) is read from ../data/m2_msd_D-39.out (MSD normalisation); (W2) predicts
v_p(B_alg) = 2 exactly when kappa(p) != 0, and v_p(B_alg) >= 3 when it is 0.
kappa lines found : 3

p = 29   fp = (-5 + 2i)   i_p = 17   eps(pi) = i^1   [labelling OK]
   S[2p-2,0]  = 0 + (191 digits)/(1 digits) i   residual 2^-2036   denominator 1 digits
   S[p-1,p-1] = 0 + (58 digits)/(15 digits) i   residual 2^-1563   denominator 15 digits
   S[0,2p-2]  = 0 + (136 digits)/(60 digits) i   residual 2^-1625   denominator 60 digits
   in Q(i) 1   denominators under 10^100 1   conj(S) = u^{-(2p-1)} S 1   denominators prime to p 1
   E(2p-2,0) = 23 + 15*29 + 11*29^2 + O(29^3)    E(p-1,p-1) = 1 + O(29^3)
   term valuations : 2 2 2
   v_p(B_alg) = 2   B_alg = 10*29^2 + 11*29^3 + O(29^4)
   p^{-2} B_alg mod p = 10     [alpha^2 mod p = 16]
   kappa(p) = 2   predicted v_p(B_alg) = 2 exactly   -> AGREE
   predicted kappa(p) = 2   ((f_0 omega_E)^{-1} a_p^{-2} p^{-2} B_alg mod p, f_0 omega_E mod p = 13, a_p = -4)
   (618.100000000000000000000000000000000000000000000000000000000000000000000000000000000000000000000000000000000000000000000000000000000000000000000000000000000000000000000000000000000000000000000000000000000000000000000000000000000000000000000000000000000000000000000000000000000000000000000000000000000000000000000000000000000000000000000000000000000000000000000000000000000000000000000000000000000000000000000000000000000000000000000000000000000000000000000000000000000000000000000000000000000000000000000000000000000000000000000000000000000000000000000000000000000000000000000000000000000000000000000 s)
  p = 29 exactness   : PASS
  p = 29 v>=2 (W1)   : PASS
  p = 29 vs kappa(p) : PASS
  p = 29 residue     : PASS

p = 17   fp = (1 + 4i)   i_p = 4   eps(pi) = i^1   [labelling OK]
   S[2p-2,0]  = 0 + (103 digits)/(1 digits) i   residual 2^-2037   denominator 1 digits
   S[p-1,p-1] = 0 + 1326212427197758743497775513600/62748517 i   residual 2^-1786   denominator 8 digits
   S[0,2p-2]  = 0 + (68 digits)/(31 digits) i   residual 2^-1836   denominator 31 digits
   in Q(i) 1   denominators under 10^100 1   conj(S) = u^{-(2p-1)} S 1   denominators prime to p 1
   E(2p-2,0) = 16 + 8*17 + 4*17^2 + O(17^3)    E(p-1,p-1) = 1 + O(17^3)
   term valuations : 3 2 3
   v_p(B_alg) = 2   B_alg = 10*17^2 + 16*17^3 + O(17^4)
   p^{-2} B_alg mod p = 10     [alpha^2 mod p = 13]
   kappa(p) = 9   predicted v_p(B_alg) = 2 exactly   -> AGREE
   predicted kappa(p) = 9   ((f_0 omega_E)^{-1} a_p^{-2} p^{-2} B_alg mod p, f_0 omega_E mod p = 12, a_p = -8)
   (93.6000000000000000000000000000000000000000000000000000000000000000000000000000000000000000000000000000000000000000000000000000000000000000000000000000000000000000000000000000000000000000000000000000000000000000000000000000000000000000000000000000000000000000000000000000000000000000000000000000000000000000000000000000000000000000000000000000000000000000000000000000000000000000000000000000000000000000000000000000000000000000000000000000000000000000000000000000000000000000000000000000000000000000000000000000000000000000000000000000000000000000000000000000000000000000000000000000000000000000000000 s)
  p = 17 exactness   : PASS
  p = 17 v>=2 (W1)   : PASS
  p = 17 vs kappa(p) : PASS
  p = 17 residue     : PASS

p = 5   fp = (-1 + 2i)   i_p = 3   eps(pi) = i^0   [labelling OK]
   S[2p-2,0]  = 0 + 63336948986463112396800 i   residual 2^-2038   denominator 1 digits
   S[p-1,p-1] = 0 + 12441600/13 i   residual 2^-1997   denominator 2 digits
   S[0,2p-2]  = 0 + 3218239427200/1113879 i   residual 2^-1996   denominator 7 digits
   in Q(i) 1   denominators under 10^100 1   conj(S) = u^{-(2p-1)} S 1   denominators prime to p 1
   E(2p-2,0) = 4 + 2*5 + 5^2 + O(5^3)    E(p-1,p-1) = 1 + O(5^3)
   term valuations : 2 2 2
   v_p(B_alg) = 3   B_alg = 5^3 + 4*5^4 + O(5^5)
   kappa(p) = 0   predicted v_p(B_alg) = >= 3   -> AGREE
   predicted kappa(p) = 0   ((f_0 omega_E)^{-1} a_p^{-2} p^{-2} B_alg mod p, f_0 omega_E mod p = 3, a_p = -2)
   (19.6000000000000000000000000000000000000000000000000000000000000000000000000000000000000000000000000000000000000000000000000000000000000000000000000000000000000000000000000000000000000000000000000000000000000000000000000000000000000000000000000000000000000000000000000000000000000000000000000000000000000000000000000000000000000000000000000000000000000000000000000000000000000000000000000000000000000000000000000000000000000000000000000000000000000000000000000000000000000000000000000000000000000000000000000000000000000000000000000000000000000000000000000000000000000000000000000000000000000000000000 s)
  p = 5 exactness   : PASS
  p = 5 v>=2 (W1)   : PASS
  p = 5 vs kappa(p) : PASS
  p = 5 residue     : PASS

gates passed      : 20 of 20
