=== m2_w1.gp : the algebraic bracket B_alg of eq:bracket ===
pari version      : [2, 17, 2]
curve             : E : y^2 = x^3 - 56x   [0,0,0,-56,0],  ff = (56), N(ff) = 3136
realprecision     : 616
primes            : [29, 37]
classes of D_E    : 384
384 classes      : PASS

--- gate: the fast slot routines against a full bivariate expansion ---
  14 reference class sums checked, mismatches: 0
slot routines    : PASS

--- B_alg per prime ---
kappa(p) is read from ../data/m2_msd.out (MSD normalisation); (W2) predicts
v_p(B_alg) = 2 exactly when kappa(p) != 0, and v_p(B_alg) >= 3 when it is 0.

p = 29   fp = (-5 + 2i)   i_p = 17   eps(pi) = i^3   [labelling OK]
   S[2p-2,0] = (176 digits)/1   residual 2^-1461
   S[p-1,p-1] = (50 digits)/16807   residual 2^-1467
   S[0,2p-2] = (123 digits)/2228307227857797885261039375017195719578615808   residual 2^-1446
   exact 1   rational 1   denominators prime to p 1
   E(2p-2,0) = 8 + 13*29 + 17*29^2 + O(29^3)    E(p-1,p-1) = 1 + O(29^3)
   term valuations : 3 2 3
   v_p(B_alg) = 2   B_alg = 15*29^2 + 20*29^3 + O(29^4)
   p^{-2} B_alg mod p = 15     [alpha^2 mod p = 16]
   kappa(p) = 12   predicted v_p(B_alg) = 2 exactly   -> AGREE
   predicted kappa(p) = 12   ((f_0 omega_E)^{-1} a_p^{-2} p^{-2} B_alg mod p, f_0 omega_E = 112, a_p = 4)
   (202.700000000000000000000000000000000000000000000000000000000000000000000000000000000000000000000000000000000000000000000000000000000000000000000000000000000000000000000000000000000000000000000000000000000000000000000000000000000000000000000000000000000000000000000000000000000000000000000000000000000000000000000000000000000000000000000000000000000000000000000000000000000000000000000000000000000000000000000000000000000000000000000000000000000000000000000000000000000000000000000000000000000000000000000000000000000000000000000000000000000000000000000000000000000000000000000000000000000000000000000 s)
  p = 29 exactness   : PASS
  p = 29 v>=2 (W1)   : PASS
  p = 29 vs kappa(p) : PASS
  p = 29 residue     : PASS

p = 37   fp = (-1 + 6i)   i_p = 31   eps(pi) = i^1   [labelling OK]
   S[2p-2,0] = (233 digits)/1   residual 2^-1269
   S[p-1,p-1] = (69 digits)/823543   residual 2^-1278
   S[0,2p-2] = (167 digits)/660017396095523167121740165238527612860187201178316247662592   residual 2^-985
   exact 1   rational 1   denominators prime to p 1
   E(2p-2,0) = 35 + 32*37 + 8*37^2 + O(37^3)    E(p-1,p-1) = 1 + O(37^3)
   term valuations : 2 2 2
   v_p(B_alg) = 2   B_alg = 6*37^2 + 20*37^3 + O(37^4)
   p^{-2} B_alg mod p = 6     [alpha^2 mod p = 33]
   kappa(p) = 17   predicted v_p(B_alg) = 2 exactly   -> AGREE
   predicted kappa(p) = 17   ((f_0 omega_E)^{-1} a_p^{-2} p^{-2} B_alg mod p, f_0 omega_E = 112, a_p = -12)
   (518.100000000000000000000000000000000000000000000000000000000000000000000000000000000000000000000000000000000000000000000000000000000000000000000000000000000000000000000000000000000000000000000000000000000000000000000000000000000000000000000000000000000000000000000000000000000000000000000000000000000000000000000000000000000000000000000000000000000000000000000000000000000000000000000000000000000000000000000000000000000000000000000000000000000000000000000000000000000000000000000000000000000000000000000000000000000000000000000000000000000000000000000000000000000000000000000000000000000000000000000 s)
  p = 37 exactness   : PASS
  p = 37 v>=2 (W1)   : PASS
  p = 37 vs kappa(p) : PASS
  p = 37 residue     : PASS

gates passed      : 10 of 10
