=== m2_w1_family.gp : the algebraic bracket B_alg of (W1)/(W2) ===
pari version      : [2, 17, 2]
curve             : E : y^2 = x^3 - 17x   [0,0,0,-17,0]   conductor 9248
N(f) = N/4        : 2312 = 2^3 * 17^2
f                 : (1+i)^3 * (17)   generator f_0 = -34 + 34*I
idealhnf(K, f_0)  : [68, 34; 0, 34]   norm 2312
period generator  : Omega = omega_1 = 1.29130844092900722071055642358570960095199086384348656353881829211108688818842893679352017778437571820160114058778034149288163121787077699318397605339228790184785607862961787570832101387838822808727975985857728106909859265373542676847186162083127978059548279997075492997990493518437526066575352489121236670938265914880618075724355384659748400069321294233626420773540132902827447427919821735035191256939102442890756803092733396027236084863174308736161803677164808485822192012640436174626074194637536984487693899479995150522430335085616871405154949694547726028332065131329915085117141067072330334152394
phase u           : -I   (conj(S) = u^{-(2p-1)} S)
realprecision     : 616
primes            : [37, 29, 13]
root number       : 1
conductor shape  : PASS
f_0 generates f  : PASS
u a 4th root     : PASS

eps: split primes tested to 1000000 : 39174   conflicts or closed-form failures: 0
eps consistent and (D/.)_4^-1 : PASS
classes of D_E    : 256   #Cl_f(K) = 256   unreached by the eps table: 0
class count      : PASS
eps conjugation  : PASS

quasi-period      : |eta(Omega) - conj(Omega)/A| = 2^-2042 , |eta(i Omega) - conj(i Omega)/A| = 2^-2046
quasi-period     : PASS

--- gate: the fast slot routines against the full bivariate expansion ---
  28 coefficients at one class point, worst relative deviation 2^-1999
bivariate check  : PASS

--- B_alg per prime ---
kappa(p) is read from ../data/m2_msd_D17.out (MSD normalisation); (W2) predicts
v_p(B_alg) = 2 exactly when kappa(p) != 0, and v_p(B_alg) >= 3 when it is 0.
kappa lines found : 3

p = 37   fp = (-1 + 6i)   i_p = 31   eps(pi) = i^1   [labelling OK]
   S[2p-2,0]  = (219 digits)/(1 digits) + (219 digits)/(1 digits) i   residual 2^-2036   denominator 1 digits
   S[p-1,p-1] = (75 digits)/(21 digits) + (75 digits)/(21 digits) i   residual 2^-1501   denominator 21 digits
   S[0,2p-2]  = (170 digits)/(73 digits) + (170 digits)/(73 digits) i   residual 2^-1482   denominator 73 digits
   in Q(i) 1   denominators under 10^100 1   conj(S) = u^{-(2p-1)} S 1   denominators prime to p 1
   E(2p-2,0) = 35 + 32*37 + 8*37^2 + O(37^3)    E(p-1,p-1) = 1 + O(37^3)
   term valuations : 2 2 2
   v_p(B_alg) = 2   B_alg = 27*37^2 + 32*37^3 + O(37^4)
   p^{-2} B_alg mod p = 27     [alpha^2 mod p = 33]
   kappa(p) = 19   predicted v_p(B_alg) = 2 exactly   -> AGREE
   (378.800000000000000000000000000000000000000000000000000000000000000000000000000000000000000000000000000000000000000000000000000000000000000000000000000000000000000000000000000000000000000000000000000000000000000000000000000000000000000000000000000000000000000000000000000000000000000000000000000000000000000000000000000000000000000000000000000000000000000000000000000000000000000000000000000000000000000000000000000000000000000000000000000000000000000000000000000000000000000000000000000000000000000000000000000000000000000000000000000000000000000000000000000000000000000000000000000000000000000000000 s)
  p = 37 exactness   : PASS
  p = 37 v>=2 (W1)   : PASS
  p = 37 vs kappa(p) : PASS

p = 29   fp = (-5 + 2i)   i_p = 17   eps(pi) = i^1   [labelling OK]
   S[2p-2,0]  = (165 digits)/(1 digits) + (165 digits)/(1 digits) i   residual 2^-2037   denominator 1 digits
   S[p-1,p-1] = (55 digits)/(16 digits) + (55 digits)/(16 digits) i   residual 2^-1634   denominator 16 digits
   S[0,2p-2]  = (126 digits)/(56 digits) + (126 digits)/(56 digits) i   residual 2^-1665   denominator 56 digits
   in Q(i) 1   denominators under 10^100 1   conj(S) = u^{-(2p-1)} S 1   denominators prime to p 1
   E(2p-2,0) = 23 + 15*29 + 11*29^2 + O(29^3)    E(p-1,p-1) = 1 + O(29^3)
   term valuations : 2 2 2
   v_p(B_alg) = 2   B_alg = 17*29^2 + 7*29^3 + O(29^4)
   p^{-2} B_alg mod p = 17     [alpha^2 mod p = 16]
   kappa(p) = 13   predicted v_p(B_alg) = 2 exactly   -> AGREE
   (140.900000000000000000000000000000000000000000000000000000000000000000000000000000000000000000000000000000000000000000000000000000000000000000000000000000000000000000000000000000000000000000000000000000000000000000000000000000000000000000000000000000000000000000000000000000000000000000000000000000000000000000000000000000000000000000000000000000000000000000000000000000000000000000000000000000000000000000000000000000000000000000000000000000000000000000000000000000000000000000000000000000000000000000000000000000000000000000000000000000000000000000000000000000000000000000000000000000000000000000000 s)
  p = 29 exactness   : PASS
  p = 29 v>=2 (W1)   : PASS
  p = 29 vs kappa(p) : PASS

p = 13   fp = (3 + 2i)   i_p = 5   eps(pi) = i^2   [labelling OK]
   S[2p-2,0]  = (63 digits)/(1 digits) + (63 digits)/(1 digits) i   residual 2^-2038   denominator 1 digits
   S[p-1,p-1] = -37524300461490585600/1419857 + 37524300461490585600/1419857 i   residual 2^-1885   denominator 7 digits
   S[0,2p-2]  = (44 digits)/(22 digits) + (44 digits)/(22 digits) i   residual 2^-1917   denominator 22 digits
   in Q(i) 1   denominators under 10^100 1   conj(S) = u^{-(2p-1)} S 1   denominators prime to p 1
   E(2p-2,0) = 12 + 10*13 + 4*13^2 + O(13^3)    E(p-1,p-1) = 1 + O(13^3)
   term valuations : 2 2 2
   v_p(B_alg) = 2   B_alg = 3*13^2 + 9*13^3 + O(13^4)
   p^{-2} B_alg mod p = 3     [alpha^2 mod p = 10]
   kappa(p) = 1   predicted v_p(B_alg) = 2 exactly   -> AGREE
   (10.4000000000000000000000000000000000000000000000000000000000000000000000000000000000000000000000000000000000000000000000000000000000000000000000000000000000000000000000000000000000000000000000000000000000000000000000000000000000000000000000000000000000000000000000000000000000000000000000000000000000000000000000000000000000000000000000000000000000000000000000000000000000000000000000000000000000000000000000000000000000000000000000000000000000000000000000000000000000000000000000000000000000000000000000000000000000000000000000000000000000000000000000000000000000000000000000000000000000000000000000 s)
  p = 13 exactness   : PASS
  p = 13 v>=2 (W1)   : PASS
  p = 13 vs kappa(p) : PASS

gates passed      : 17 of 17
