=== m2_w1_family.gp : the algebraic bracket B_alg of (W1)/(W2) ===
pari version      : [2, 17, 2]
curve             : E : y^2 = x^3 - -34x   [0,0,0,34,0]   conductor 73984
N(f) = N/4        : 18496 = 2^6 * 17^2
f                 : (1+i)^6 * (17)   generator f_0 = 136
idealhnf(K, f_0)  : [136, 0; 0, 136]   norm 18496
period generator  : Omega = omega_1 (1+i)/2 = 0.767816592807923166588003876425083197023026350904632749967620819446446895349023778847449987021709577915760954576491155227868713991439321150497190565998487743985751458980293909051155500872998186639996162614738722587917070033906981141959473539263208301105556375380873847035453972672787980563190032804361729243568437753016939631754923639235256239224800993646078606377176301410143186253270606704425649549074325169645222963322340703763725449098369504696346380404208557534994348063167630966313446068874787533041589119406613226696802903787161959084909100145828132173799742470132458988394946728975579992698704 + 0.767816592807923166588003876425083197023026350904632749967620819446446895349023778847449987021709577915760954576491155227868713991439321150497190565998487743985751458980293909051155500872998186639996162614738722587917070033906981141959473539263208301105556375380873847035453972672787980563190032804361729243568437753016939631754923639235256239224800993646078606377176301410143186253270606704425649549074325169645222963322340703763725449098369504696346380404208557534994348063167630966313446068874787533041589119406613226696802903787161959084909100145828132173799742470132458988394946728975579992698704*I
phase u           : -I   (conj(S) = u^{-(2p-1)} S)
realprecision     : 616
primes            : [29, 13, 5]
root number       : 1
conductor shape  : PASS
f_0 generates f  : PASS
u a 4th root     : PASS

eps: split primes tested to 1000000 : 39174   conflicts or closed-form failures: 0
eps consistent and (D/.)_4^-1 : PASS
classes of D_E    : 2048   #Cl_f(K) = 2048   unreached by the eps table: 0
class count      : PASS
eps conjugation  : PASS

quasi-period      : |eta(Omega) - conj(Omega)/A| = 2^-2042 , |eta(i Omega) - conj(i Omega)/A| = 2^-oo
quasi-period     : PASS

--- gate: the fast slot routines against the full bivariate expansion ---
  28 coefficients at one class point, worst relative deviation 2^-1982
bivariate check  : PASS

--- B_alg per prime ---
kappa(p) is read from ../data/m2_msd_D-34.out (MSD normalisation); (W2) predicts
v_p(B_alg) = 2 exactly when kappa(p) != 0, and v_p(B_alg) >= 3 when it is 0.
kappa lines found : 3

p = 29   fp = (-5 + 2i)   i_p = 17   eps(pi) = i^0   [labelling OK]
   S[2p-2,0]  = (195 digits)/(1 digits) + (195 digits)/(1 digits) i   residual 2^-2043   denominator 1 digits
   S[p-1,p-1] = (61 digits)/(17 digits) + (61 digits)/(17 digits) i   residual 2^-1548   denominator 17 digits
   S[0,2p-2]  = (151 digits)/(77 digits) + (151 digits)/(77 digits) i   residual 2^-1508   denominator 77 digits
   in Q(i) 1   denominators under 10^100 1   conj(S) = u^{-(2p-1)} S 1   denominators prime to p 1
   E(2p-2,0) = 4 + 8*29 + 12*29^2 + O(29^3)    E(p-1,p-1) = 1 + O(29^3)
   term valuations : 2 2 2
   v_p(B_alg) = 2   B_alg = 17*29^2 + 4*29^3 + O(29^4)
   p^{-2} B_alg mod p = 17     [alpha^2 mod p = 13]
   kappa(p) = 21   predicted v_p(B_alg) = 2 exactly   -> AGREE
   (1152.20000000000000000000000000000000000000000000000000000000000000000000000000000000000000000000000000000000000000000000000000000000000000000000000000000000000000000000000000000000000000000000000000000000000000000000000000000000000000000000000000000000000000000000000000000000000000000000000000000000000000000000000000000000000000000000000000000000000000000000000000000000000000000000000000000000000000000000000000000000000000000000000000000000000000000000000000000000000000000000000000000000000000000000000000000000000000000000000000000000000000000000000000000000000000000000000000000000000000000000 s)
  p = 29 exactness   : PASS
  p = 29 v>=2 (W1)   : PASS
  p = 29 vs kappa(p) : PASS

p = 13   fp = (3 + 2i)   i_p = 5   eps(pi) = i^1   [labelling OK]
   S[2p-2,0]  = (77 digits)/(1 digits) + (77 digits)/(1 digits) i   residual 2^-2046   denominator 1 digits
   S[p-1,p-1] = 6930330776052350752800/1419857 + -6930330776052350752800/1419857 i   residual 2^-1850   denominator 7 digits
   S[0,2p-2]  = (55 digits)/(30 digits) + (55 digits)/(30 digits) i   residual 2^-1881   denominator 30 digits
   in Q(i) 1   denominators under 10^100 1   conj(S) = u^{-(2p-1)} S 1   denominators prime to p 1
   E(2p-2,0) = 11 + 7*13 + 13^2 + O(13^3)    E(p-1,p-1) = 1 + O(13^3)
   term valuations : 2 2 2
   v_p(B_alg) = 2   B_alg = 2*13^2 + 3*13^3 + O(13^4)
   p^{-2} B_alg mod p = 2     [alpha^2 mod p = 3]
   kappa(p) = 9   predicted v_p(B_alg) = 2 exactly   -> AGREE
   (81.9000000000000000000000000000000000000000000000000000000000000000000000000000000000000000000000000000000000000000000000000000000000000000000000000000000000000000000000000000000000000000000000000000000000000000000000000000000000000000000000000000000000000000000000000000000000000000000000000000000000000000000000000000000000000000000000000000000000000000000000000000000000000000000000000000000000000000000000000000000000000000000000000000000000000000000000000000000000000000000000000000000000000000000000000000000000000000000000000000000000000000000000000000000000000000000000000000000000000000000000 s)
  p = 13 exactness   : PASS
  p = 13 v>=2 (W1)   : PASS
  p = 13 vs kappa(p) : PASS

p = 5   fp = (-1 + 2i)   i_p = 3   eps(pi) = i^0   [labelling OK]
   S[2p-2,0]  = 216482037363491261644800 + -216482037363491261644800 i   residual 2^-2042   denominator 1 digits
   S[p-1,p-1] = 13939200/17 + -13939200/17 i   residual 2^-1993   denominator 2 digits
   S[0,2p-2]  = 5252731503075/2839714 + -5252731503075/2839714 i   residual 2^-1982   denominator 7 digits
   in Q(i) 1   denominators under 10^100 1   conj(S) = u^{-(2p-1)} S 1   denominators prime to p 1
   E(2p-2,0) = 4 + 2*5 + 5^2 + O(5^3)    E(p-1,p-1) = 1 + O(5^3)
   term valuations : 2 2 2
   v_p(B_alg) = 2   B_alg = 4*5^2 + 3*5^3 + O(5^4)
   p^{-2} B_alg mod p = 4     [alpha^2 mod p = 4]
   kappa(p) = 2   predicted v_p(B_alg) = 2 exactly   -> AGREE
   (34.7000000000000000000000000000000000000000000000000000000000000000000000000000000000000000000000000000000000000000000000000000000000000000000000000000000000000000000000000000000000000000000000000000000000000000000000000000000000000000000000000000000000000000000000000000000000000000000000000000000000000000000000000000000000000000000000000000000000000000000000000000000000000000000000000000000000000000000000000000000000000000000000000000000000000000000000000000000000000000000000000000000000000000000000000000000000000000000000000000000000000000000000000000000000000000000000000000000000000000000000 s)
  p = 5 exactness   : PASS
  p = 5 v>=2 (W1)   : PASS
  p = 5 vs kappa(p) : PASS

gates passed      : 17 of 17
