# command : nice -n 10 timeout 3600 /usr/local/bin/magma -b pp:=17 curve:=0,0,0,-56,0 grh:=on rk:=2 ram:=2,7,17 optrep:=off preord:=on tag:=A2-p17-attempt-2-preord prog:=$HOME/fsr2_descent/p17b.prog $HOME/fsr2_descent/pi_descent.m
# magma   : V2.29-9
# date    : 2026-08-21T06:22:48Z (UTC), host remote-host, timeout 3600s, nice 10
================ p = 17 ================
# pi_descent.m   Magma V2.29-9
# curve  = [ 0, 0, 0, -56, 0 ]
# GRH    = on   (SetClassGroupBounds("GRH") APPLIED)
# ram    = 2,7,17   optrep = off   preord = on   rk = 2   tag = A2-p17-attempt-2-preord
# E      = Elliptic Curve defined by y^2 = x^3 - 56*x over Rational Field
# minimal model [ 0, 0, 0, -56, 0 ], conductor 12544, disc 11239424
# CM     = true (disc -4)
# bad primes of E : [ 2, 7 ] ; S-primes (bad and p) : [ 2, 7, 17 ]
kernel polys of degree 8 : 2
F = K(E[pi]) : [F:Q] = 32
# field construction [0.190s]
# PRE-ORDER: hinted MaximalOrder cached before T/chi [17.480s]

# ---- PARTIAL: fetched 2026-08-21T06:43:03Z while job `p17b` was still RUNNING under a 3600 s cap.
# ---- The preord fix WORKED: the hinted maximal order was cached in 17.48 s,
# ---- the stage attempt 1 could not clear in 49 minutes (see
# ---- p17_attempt1_stalled.out). At fetch time the run was ~19 min in, inside
# ---- the pi-torsion / character stage, and had not yet printed "T : order 17".
# ---- FINAL. The run was STOPPED on 2026-08-21 at 38 min 36 s, by the user's
# ---- decision to stop running long jobs on a machine that is not theirs. It
# ---- was NOT capped and did NOT fail: it simply never left the pi-torsion /
# ---- character stage, and never printed "T : order 17". The content below is
# ---- the whole of what it produced. Nothing further is coming; there is no
# ---- p17.out to supersede this with.
