===============================================================================
R4 REACH MEASUREMENT -- split primes 2000 .. 2020
E : y^2 = x^3 - 56x   [0,0,0,-56,0]   conductor 12544 = 2^8 * 7^2
===============================================================================
date            : 2026-08-24 12:38:17 UTC
host            : laptop  Darwin 25.5.0 arm64
sage            : /usr/local/bin/sage  --  SageMath version 10.7, Release Date: 2025-08-09
python3         : Python 3.14.2
generated by    : series/code/lpadic/reach.sh 2000 2020 5 1200 0 3
commands run    : (script is series/code/lpadic/reach.sage, copied to a scratch dir)
    sage reach.sage 2000 2020 5 1200 0 3
status          : COST AND REACH MEASUREMENT -- NOT A CERTIFICATE.
                  One implementation, minimal precision, no Reg_p
                  cross-check, no eq:match5 comparison, no
                  check_agreement.py.  Supports no theorem.
-------------------------------------------------------------------------------

### R4 reach measurement -- v_p(c_2(p)) at minimal approximation order
sage version      : SageMath version 10.7, Release Date: 2025-08-09
p range           : 2000 .. 2020
prec_T            : 5
cap per prime (s) : 1200
global budget (s) : none
n_max             : 3
curve             : Elliptic Curve defined by y^2 = x^3 - 56*x over Rational Field
conductor         : 12544
rank              : 2
CM                : -4   (K = Q(i))

=== ONE-OFF SETUP (level 12544), timed separately ===
modular symbol    : Modular symbol with sign 1 over Rational Field attached to Elliptic Curve defined by y^2 = x^3 - 56*x over Rational Field
setup runtime     : 0.69 s   <-- one-off, level 12544, reused at every p
MACHINE setup.modsym v=0 prec=0 digits=[692]
reducible primes  : [2]   (=> _c_bound() = 0 at every odd p)
galois rep runtime: 0.04 s   <-- also one-off
MACHINE setup.galrep v=0 prec=0 digits=[38]

=== PER-PRIME SCAN ===
split = p = 1 mod 4 (so p splits in Q(i) and E is ordinary at p);
p = 2 and p = 7 are excluded by bad reduction and are not 1 mod 4 anyway.

-------------------------------------------------------------------------------
p                 : 2017
a_p               : 18   #Etilde(F_p) = 2000
ordinary          : True
anomalous         : False
Warning : Curve outside Cremona's table. Computations of modular symbol space might take very long !
padic_lseries obj : 0.001 s   <-- cache hit on the level-12544 symbols
_c_bound()        : 0
  n = 2 : _prec_bounds = [+Infinity, 1, 1, 1, 1] ; summands = (p-1)*p^(n-1) = 4066272
  series runtime    : 144.40 s
  c_2               : 390 + O(2017)
  c_2 precision     : O(p^1)   (= p^(n-1), the certified modulus)
  v_p(c_2(p))       : 0
  c_2 digits        : [390]   (p^0 first, up to O(p^1))
  INPUT AVAILABLE   : leading digit 390 nonzero, rigorous to O(p^1);
                      by lem:c0c1 this is lambda_an = 2, mu_an = 0.
                      NOT A CERTIFICATE: no Reg_p cross-check, no
                      eq:match5 comparison, no check_agreement.py.
MACHINE reach.p2017 v=0 prec=1 digits=[2017, 2, 4066272, 1, 390, 144402]

===============================================================================
SUMMARY -- reach measurement
===============================================================================
one-off setup (level 12544 modular symbols) : 0.69 s
one-off Galois representation               : 0.04 s
total per-prime scan time                   : 144.42 s
stop reason                                 : range exhausted

   p     n   summands   cert mod   v_p(c_2(p))   wall (s)   verdict
 2017     2    4066272        p^1             0     144.40   v_p(c_2(p)) = 0

primes with v_p(c_2(p)) = 0 in this scan    : [2017]
primes with v_p(c_2(p)) != 0 in this scan   : []
largest split prime reached                 : 2017
total per-prime wall time over those primes : 144.40 s
MACHINE reach.summary v=0 prec=0 digits=[2017, 1, 144402, 692]

REMINDER: this is a cost-and-reach measurement, not a certificate.  The
theorem of sec:certificates is claimed only at p = 5, 13, 17, 29, 37, 41,
where the full pipeline of ssec:repro was run.
exit status     : 0

=== END reach 2000 .. 2020 ===
