===============================================================================
R4 REACH MEASUREMENT -- split primes 43 .. 1000
E : y^2 = x^3 - 56x   [0,0,0,-56,0]   conductor 12544 = 2^8 * 7^2
===============================================================================
date            : 2026-08-24 12:24:58 UTC
host            : laptop  Darwin 25.5.0 arm64
sage            : /usr/local/bin/sage  --  SageMath version 10.7, Release Date: 2025-08-09
python3         : Python 3.14.2
generated by    : series/code/lpadic/reach.sh 43 1000 5 900 3000 3
commands run    : (script is series/code/lpadic/reach.sage, copied to a scratch dir)
    sage reach.sage 43 1000 5 900 3000 3
status          : COST AND REACH MEASUREMENT -- NOT A CERTIFICATE.
                  One implementation, minimal precision, no Reg_p
                  cross-check, no eq:match5 comparison, no
                  check_agreement.py.  Supports no theorem.
-------------------------------------------------------------------------------

### R4 reach measurement -- v_p(c_2(p)) at minimal approximation order
sage version      : SageMath version 10.7, Release Date: 2025-08-09
p range           : 43 .. 1000
prec_T            : 5
cap per prime (s) : 900
global budget (s) : 3000
n_max             : 3
curve             : Elliptic Curve defined by y^2 = x^3 - 56*x over Rational Field
conductor         : 12544
rank              : 2
CM                : -4   (K = Q(i))

=== ONE-OFF SETUP (level 12544), timed separately ===
modular symbol    : Modular symbol with sign 1 over Rational Field attached to Elliptic Curve defined by y^2 = x^3 - 56*x over Rational Field
setup runtime     : 0.64 s   <-- one-off, level 12544, reused at every p
MACHINE setup.modsym v=0 prec=0 digits=[637]
reducible primes  : [2]   (=> _c_bound() = 0 at every odd p)
galois rep runtime: 0.04 s   <-- also one-off
MACHINE setup.galrep v=0 prec=0 digits=[37]

=== PER-PRIME SCAN ===
split = p = 1 mod 4 (so p splits in Q(i) and E is ordinary at p);
p = 2 and p = 7 are excluded by bad reduction and are not 1 mod 4 anyway.

-------------------------------------------------------------------------------
p                 : 53
a_p               : -4   #Etilde(F_p) = 58
ordinary          : True
anomalous         : False
Warning : Curve outside Cremona's table. Computations of modular symbol space might take very long !
padic_lseries obj : 0.001 s   <-- cache hit on the level-12544 symbols
_c_bound()        : 0
  n = 2 : _prec_bounds = [+Infinity, 1, 1, 1, 1] ; summands = (p-1)*p^(n-1) = 2756
  series runtime    : 0.13 s
  c_2               : 48 + O(53)
  c_2 precision     : O(p^1)   (= p^(n-1), the certified modulus)
  v_p(c_2(p))       : 0
  c_2 digits        : [48]   (p^0 first, up to O(p^1))
  INPUT AVAILABLE   : leading digit 48 nonzero, rigorous to O(p^1);
                      by lem:c0c1 this is lambda_an = 2, mu_an = 0.
                      NOT A CERTIFICATE: no Reg_p cross-check, no
                      eq:match5 comparison, no check_agreement.py.
MACHINE reach.p53 v=0 prec=1 digits=[53, 2, 2756, 1, 48, 131]
-------------------------------------------------------------------------------
p                 : 61
a_p               : -10   #Etilde(F_p) = 72
ordinary          : True
anomalous         : False
Warning : Curve outside Cremona's table. Computations of modular symbol space might take very long !
padic_lseries obj : 0.001 s   <-- cache hit on the level-12544 symbols
_c_bound()        : 0
  n = 2 : _prec_bounds = [+Infinity, 1, 1, 1, 1] ; summands = (p-1)*p^(n-1) = 3660
  series runtime    : 0.14 s
  c_2               : 17 + O(61)
  c_2 precision     : O(p^1)   (= p^(n-1), the certified modulus)
  v_p(c_2(p))       : 0
  c_2 digits        : [17]   (p^0 first, up to O(p^1))
  INPUT AVAILABLE   : leading digit 17 nonzero, rigorous to O(p^1);
                      by lem:c0c1 this is lambda_an = 2, mu_an = 0.
                      NOT A CERTIFICATE: no Reg_p cross-check, no
                      eq:match5 comparison, no check_agreement.py.
MACHINE reach.p61 v=0 prec=1 digits=[61, 2, 3660, 1, 17, 139]
-------------------------------------------------------------------------------
p                 : 73
a_p               : -16   #Etilde(F_p) = 90
ordinary          : True
anomalous         : False
Warning : Curve outside Cremona's table. Computations of modular symbol space might take very long !
padic_lseries obj : 0.001 s   <-- cache hit on the level-12544 symbols
_c_bound()        : 0
  n = 2 : _prec_bounds = [+Infinity, 1, 1, 1, 1] ; summands = (p-1)*p^(n-1) = 5256
  series runtime    : 0.16 s
  c_2               : 1 + O(73)
  c_2 precision     : O(p^1)   (= p^(n-1), the certified modulus)
  v_p(c_2(p))       : 0
  c_2 digits        : [1]   (p^0 first, up to O(p^1))
  INPUT AVAILABLE   : leading digit 1 nonzero, rigorous to O(p^1);
                      by lem:c0c1 this is lambda_an = 2, mu_an = 0.
                      NOT A CERTIFICATE: no Reg_p cross-check, no
                      eq:match5 comparison, no check_agreement.py.
MACHINE reach.p73 v=0 prec=1 digits=[73, 2, 5256, 1, 1, 164]
-------------------------------------------------------------------------------
p                 : 89
a_p               : -16   #Etilde(F_p) = 106
ordinary          : True
anomalous         : False
Warning : Curve outside Cremona's table. Computations of modular symbol space might take very long !
padic_lseries obj : 0.001 s   <-- cache hit on the level-12544 symbols
_c_bound()        : 0
  n = 2 : _prec_bounds = [+Infinity, 1, 1, 1, 1] ; summands = (p-1)*p^(n-1) = 7832
  series runtime    : 0.24 s
  c_2               : 62 + O(89)
  c_2 precision     : O(p^1)   (= p^(n-1), the certified modulus)
  v_p(c_2(p))       : 0
  c_2 digits        : [62]   (p^0 first, up to O(p^1))
  INPUT AVAILABLE   : leading digit 62 nonzero, rigorous to O(p^1);
                      by lem:c0c1 this is lambda_an = 2, mu_an = 0.
                      NOT A CERTIFICATE: no Reg_p cross-check, no
                      eq:match5 comparison, no check_agreement.py.
MACHINE reach.p89 v=0 prec=1 digits=[89, 2, 7832, 1, 62, 238]
-------------------------------------------------------------------------------
p                 : 97
a_p               : 8   #Etilde(F_p) = 90
ordinary          : True
anomalous         : False
Warning : Curve outside Cremona's table. Computations of modular symbol space might take very long !
padic_lseries obj : 0.001 s   <-- cache hit on the level-12544 symbols
_c_bound()        : 0
  n = 2 : _prec_bounds = [+Infinity, 1, 1, 1, 1] ; summands = (p-1)*p^(n-1) = 9312
  series runtime    : 0.28 s
  c_2               : 82 + O(97)
  c_2 precision     : O(p^1)   (= p^(n-1), the certified modulus)
  v_p(c_2(p))       : 0
  c_2 digits        : [82]   (p^0 first, up to O(p^1))
  INPUT AVAILABLE   : leading digit 82 nonzero, rigorous to O(p^1);
                      by lem:c0c1 this is lambda_an = 2, mu_an = 0.
                      NOT A CERTIFICATE: no Reg_p cross-check, no
                      eq:match5 comparison, no check_agreement.py.
MACHINE reach.p97 v=0 prec=1 digits=[97, 2, 9312, 1, 82, 277]
-------------------------------------------------------------------------------
p                 : 101
a_p               : -2   #Etilde(F_p) = 104
ordinary          : True
anomalous         : False
Warning : Curve outside Cremona's table. Computations of modular symbol space might take very long !
padic_lseries obj : 0.001 s   <-- cache hit on the level-12544 symbols
_c_bound()        : 0
  n = 2 : _prec_bounds = [+Infinity, 1, 1, 1, 1] ; summands = (p-1)*p^(n-1) = 10100
  series runtime    : 0.30 s
  c_2               : 75 + O(101)
  c_2 precision     : O(p^1)   (= p^(n-1), the certified modulus)
  v_p(c_2(p))       : 0
  c_2 digits        : [75]   (p^0 first, up to O(p^1))
  INPUT AVAILABLE   : leading digit 75 nonzero, rigorous to O(p^1);
                      by lem:c0c1 this is lambda_an = 2, mu_an = 0.
                      NOT A CERTIFICATE: no Reg_p cross-check, no
                      eq:match5 comparison, no check_agreement.py.
MACHINE reach.p101 v=0 prec=1 digits=[101, 2, 10100, 1, 75, 302]
-------------------------------------------------------------------------------
p                 : 109
a_p               : 20   #Etilde(F_p) = 90
ordinary          : True
anomalous         : False
Warning : Curve outside Cremona's table. Computations of modular symbol space might take very long !
padic_lseries obj : 0.001 s   <-- cache hit on the level-12544 symbols
_c_bound()        : 0
  n = 2 : _prec_bounds = [+Infinity, 1, 1, 1, 1] ; summands = (p-1)*p^(n-1) = 11772
  series runtime    : 0.35 s
  c_2               : 77 + O(109)
  c_2 precision     : O(p^1)   (= p^(n-1), the certified modulus)
  v_p(c_2(p))       : 0
  c_2 digits        : [77]   (p^0 first, up to O(p^1))
  INPUT AVAILABLE   : leading digit 77 nonzero, rigorous to O(p^1);
                      by lem:c0c1 this is lambda_an = 2, mu_an = 0.
                      NOT A CERTIFICATE: no Reg_p cross-check, no
                      eq:match5 comparison, no check_agreement.py.
MACHINE reach.p109 v=0 prec=1 digits=[109, 2, 11772, 1, 77, 350]
-------------------------------------------------------------------------------
p                 : 113
a_p               : -14   #Etilde(F_p) = 128
ordinary          : True
anomalous         : False
Warning : Curve outside Cremona's table. Computations of modular symbol space might take very long !
padic_lseries obj : 0.001 s   <-- cache hit on the level-12544 symbols
_c_bound()        : 0
  n = 2 : _prec_bounds = [+Infinity, 1, 1, 1, 1] ; summands = (p-1)*p^(n-1) = 12656
  series runtime    : 0.38 s
  c_2               : 39 + O(113)
  c_2 precision     : O(p^1)   (= p^(n-1), the certified modulus)
  v_p(c_2(p))       : 0
  c_2 digits        : [39]   (p^0 first, up to O(p^1))
  INPUT AVAILABLE   : leading digit 39 nonzero, rigorous to O(p^1);
                      by lem:c0c1 this is lambda_an = 2, mu_an = 0.
                      NOT A CERTIFICATE: no Reg_p cross-check, no
                      eq:match5 comparison, no check_agreement.py.
MACHINE reach.p113 v=0 prec=1 digits=[113, 2, 12656, 1, 39, 380]
-------------------------------------------------------------------------------
p                 : 137
a_p               : -22   #Etilde(F_p) = 160
ordinary          : True
anomalous         : False
Warning : Curve outside Cremona's table. Computations of modular symbol space might take very long !
padic_lseries obj : 0.001 s   <-- cache hit on the level-12544 symbols
_c_bound()        : 0
  n = 2 : _prec_bounds = [+Infinity, 1, 1, 1, 1] ; summands = (p-1)*p^(n-1) = 18632
  series runtime    : 0.56 s
  c_2               : 78 + O(137)
  c_2 precision     : O(p^1)   (= p^(n-1), the certified modulus)
  v_p(c_2(p))       : 0
  c_2 digits        : [78]   (p^0 first, up to O(p^1))
  INPUT AVAILABLE   : leading digit 78 nonzero, rigorous to O(p^1);
                      by lem:c0c1 this is lambda_an = 2, mu_an = 0.
                      NOT A CERTIFICATE: no Reg_p cross-check, no
                      eq:match5 comparison, no check_agreement.py.
MACHINE reach.p137 v=0 prec=1 digits=[137, 2, 18632, 1, 78, 557]
-------------------------------------------------------------------------------
p                 : 149
a_p               : -20   #Etilde(F_p) = 170
ordinary          : True
anomalous         : False
Warning : Curve outside Cremona's table. Computations of modular symbol space might take very long !
padic_lseries obj : 0.001 s   <-- cache hit on the level-12544 symbols
_c_bound()        : 0
  n = 2 : _prec_bounds = [+Infinity, 1, 1, 1, 1] ; summands = (p-1)*p^(n-1) = 22052
  series runtime    : 0.66 s
  c_2               : 66 + O(149)
  c_2 precision     : O(p^1)   (= p^(n-1), the certified modulus)
  v_p(c_2(p))       : 0
  c_2 digits        : [66]   (p^0 first, up to O(p^1))
  INPUT AVAILABLE   : leading digit 66 nonzero, rigorous to O(p^1);
                      by lem:c0c1 this is lambda_an = 2, mu_an = 0.
                      NOT A CERTIFICATE: no Reg_p cross-check, no
                      eq:match5 comparison, no check_agreement.py.
MACHINE reach.p149 v=0 prec=1 digits=[149, 2, 22052, 1, 66, 658]
-------------------------------------------------------------------------------
p                 : 157
a_p               : -22   #Etilde(F_p) = 180
ordinary          : True
anomalous         : False
Warning : Curve outside Cremona's table. Computations of modular symbol space might take very long !
padic_lseries obj : 0.001 s   <-- cache hit on the level-12544 symbols
_c_bound()        : 0
  n = 2 : _prec_bounds = [+Infinity, 1, 1, 1, 1] ; summands = (p-1)*p^(n-1) = 24492
  series runtime    : 0.74 s
  c_2               : 140 + O(157)
  c_2 precision     : O(p^1)   (= p^(n-1), the certified modulus)
  v_p(c_2(p))       : 0
  c_2 digits        : [140]   (p^0 first, up to O(p^1))
  INPUT AVAILABLE   : leading digit 140 nonzero, rigorous to O(p^1);
                      by lem:c0c1 this is lambda_an = 2, mu_an = 0.
                      NOT A CERTIFICATE: no Reg_p cross-check, no
                      eq:match5 comparison, no check_agreement.py.
MACHINE reach.p157 v=0 prec=1 digits=[157, 2, 24492, 1, 140, 742]
-------------------------------------------------------------------------------
p                 : 173
a_p               : 26   #Etilde(F_p) = 148
ordinary          : True
anomalous         : False
Warning : Curve outside Cremona's table. Computations of modular symbol space might take very long !
padic_lseries obj : 0.001 s   <-- cache hit on the level-12544 symbols
_c_bound()        : 0
  n = 2 : _prec_bounds = [+Infinity, 1, 1, 1, 1] ; summands = (p-1)*p^(n-1) = 29756
  series runtime    : 0.91 s
  c_2               : 119 + O(173)
  c_2 precision     : O(p^1)   (= p^(n-1), the certified modulus)
  v_p(c_2(p))       : 0
  c_2 digits        : [119]   (p^0 first, up to O(p^1))
  INPUT AVAILABLE   : leading digit 119 nonzero, rigorous to O(p^1);
                      by lem:c0c1 this is lambda_an = 2, mu_an = 0.
                      NOT A CERTIFICATE: no Reg_p cross-check, no
                      eq:match5 comparison, no check_agreement.py.
MACHINE reach.p173 v=0 prec=1 digits=[173, 2, 29756, 1, 119, 908]
-------------------------------------------------------------------------------
p                 : 181
a_p               : 18   #Etilde(F_p) = 164
ordinary          : True
anomalous         : False
Warning : Curve outside Cremona's table. Computations of modular symbol space might take very long !
padic_lseries obj : 0.001 s   <-- cache hit on the level-12544 symbols
_c_bound()        : 0
  n = 2 : _prec_bounds = [+Infinity, 1, 1, 1, 1] ; summands = (p-1)*p^(n-1) = 32580
  series runtime    : 0.99 s
  c_2               : 173 + O(181)
  c_2 precision     : O(p^1)   (= p^(n-1), the certified modulus)
  v_p(c_2(p))       : 0
  c_2 digits        : [173]   (p^0 first, up to O(p^1))
  INPUT AVAILABLE   : leading digit 173 nonzero, rigorous to O(p^1);
                      by lem:c0c1 this is lambda_an = 2, mu_an = 0.
                      NOT A CERTIFICATE: no Reg_p cross-check, no
                      eq:match5 comparison, no check_agreement.py.
MACHINE reach.p181 v=0 prec=1 digits=[181, 2, 32580, 1, 173, 985]
-------------------------------------------------------------------------------
p                 : 193
a_p               : 14   #Etilde(F_p) = 180
ordinary          : True
anomalous         : False
Warning : Curve outside Cremona's table. Computations of modular symbol space might take very long !
padic_lseries obj : 0.001 s   <-- cache hit on the level-12544 symbols
_c_bound()        : 0
  n = 2 : _prec_bounds = [+Infinity, 1, 1, 1, 1] ; summands = (p-1)*p^(n-1) = 37056
  series runtime    : 1.12 s
  c_2               : 63 + O(193)
  c_2 precision     : O(p^1)   (= p^(n-1), the certified modulus)
  v_p(c_2(p))       : 0
  c_2 digits        : [63]   (p^0 first, up to O(p^1))
  INPUT AVAILABLE   : leading digit 63 nonzero, rigorous to O(p^1);
                      by lem:c0c1 this is lambda_an = 2, mu_an = 0.
                      NOT A CERTIFICATE: no Reg_p cross-check, no
                      eq:match5 comparison, no check_agreement.py.
MACHINE reach.p193 v=0 prec=1 digits=[193, 2, 37056, 1, 63, 1123]
-------------------------------------------------------------------------------
p                 : 197
a_p               : 28   #Etilde(F_p) = 170
ordinary          : True
anomalous         : False
Warning : Curve outside Cremona's table. Computations of modular symbol space might take very long !
padic_lseries obj : 0.001 s   <-- cache hit on the level-12544 symbols
_c_bound()        : 0
  n = 2 : _prec_bounds = [+Infinity, 1, 1, 1, 1] ; summands = (p-1)*p^(n-1) = 38612
  series runtime    : 1.16 s
  c_2               : 38 + O(197)
  c_2 precision     : O(p^1)   (= p^(n-1), the certified modulus)
  v_p(c_2(p))       : 0
  c_2 digits        : [38]   (p^0 first, up to O(p^1))
  INPUT AVAILABLE   : leading digit 38 nonzero, rigorous to O(p^1);
                      by lem:c0c1 this is lambda_an = 2, mu_an = 0.
                      NOT A CERTIFICATE: no Reg_p cross-check, no
                      eq:match5 comparison, no check_agreement.py.
MACHINE reach.p197 v=0 prec=1 digits=[197, 2, 38612, 1, 38, 1163]
-------------------------------------------------------------------------------
p                 : 229
a_p               : -30   #Etilde(F_p) = 260
ordinary          : True
anomalous         : False
Warning : Curve outside Cremona's table. Computations of modular symbol space might take very long !
padic_lseries obj : 0.001 s   <-- cache hit on the level-12544 symbols
_c_bound()        : 0
  n = 2 : _prec_bounds = [+Infinity, 1, 1, 1, 1] ; summands = (p-1)*p^(n-1) = 52212
  series runtime    : 1.58 s
  c_2               : 199 + O(229)
  c_2 precision     : O(p^1)   (= p^(n-1), the certified modulus)
  v_p(c_2(p))       : 0
  c_2 digits        : [199]   (p^0 first, up to O(p^1))
  INPUT AVAILABLE   : leading digit 199 nonzero, rigorous to O(p^1);
                      by lem:c0c1 this is lambda_an = 2, mu_an = 0.
                      NOT A CERTIFICATE: no Reg_p cross-check, no
                      eq:match5 comparison, no check_agreement.py.
MACHINE reach.p229 v=0 prec=1 digits=[229, 2, 52212, 1, 199, 1583]
-------------------------------------------------------------------------------
p                 : 233
a_p               : -26   #Etilde(F_p) = 260
ordinary          : True
anomalous         : False
Warning : Curve outside Cremona's table. Computations of modular symbol space might take very long !
padic_lseries obj : 0.001 s   <-- cache hit on the level-12544 symbols
_c_bound()        : 0
  n = 2 : _prec_bounds = [+Infinity, 1, 1, 1, 1] ; summands = (p-1)*p^(n-1) = 54056
  series runtime    : 1.65 s
  c_2               : 36 + O(233)
  c_2 precision     : O(p^1)   (= p^(n-1), the certified modulus)
  v_p(c_2(p))       : 0
  c_2 digits        : [36]   (p^0 first, up to O(p^1))
  INPUT AVAILABLE   : leading digit 36 nonzero, rigorous to O(p^1);
                      by lem:c0c1 this is lambda_an = 2, mu_an = 0.
                      NOT A CERTIFICATE: no Reg_p cross-check, no
                      eq:match5 comparison, no check_agreement.py.
MACHINE reach.p233 v=0 prec=1 digits=[233, 2, 54056, 1, 36, 1647]
-------------------------------------------------------------------------------
p                 : 241
a_p               : 8   #Etilde(F_p) = 234
ordinary          : True
anomalous         : False
Warning : Curve outside Cremona's table. Computations of modular symbol space might take very long !
padic_lseries obj : 0.001 s   <-- cache hit on the level-12544 symbols
_c_bound()        : 0
  n = 2 : _prec_bounds = [+Infinity, 1, 1, 1, 1] ; summands = (p-1)*p^(n-1) = 57840
  series runtime    : 1.76 s
  c_2               : 168 + O(241)
  c_2 precision     : O(p^1)   (= p^(n-1), the certified modulus)
  v_p(c_2(p))       : 0
  c_2 digits        : [168]   (p^0 first, up to O(p^1))
  INPUT AVAILABLE   : leading digit 168 nonzero, rigorous to O(p^1);
                      by lem:c0c1 this is lambda_an = 2, mu_an = 0.
                      NOT A CERTIFICATE: no Reg_p cross-check, no
                      eq:match5 comparison, no check_agreement.py.
MACHINE reach.p241 v=0 prec=1 digits=[241, 2, 57840, 1, 168, 1761]
-------------------------------------------------------------------------------
p                 : 257
a_p               : -32   #Etilde(F_p) = 290
ordinary          : True
anomalous         : False
Warning : Curve outside Cremona's table. Computations of modular symbol space might take very long !
padic_lseries obj : 0.001 s   <-- cache hit on the level-12544 symbols
_c_bound()        : 0
  n = 2 : _prec_bounds = [+Infinity, 1, 1, 1, 1] ; summands = (p-1)*p^(n-1) = 65792
  series runtime    : 2.01 s
  c_2               : 249 + O(257)
  c_2 precision     : O(p^1)   (= p^(n-1), the certified modulus)
  v_p(c_2(p))       : 0
  c_2 digits        : [249]   (p^0 first, up to O(p^1))
  INPUT AVAILABLE   : leading digit 249 nonzero, rigorous to O(p^1);
                      by lem:c0c1 this is lambda_an = 2, mu_an = 0.
                      NOT A CERTIFICATE: no Reg_p cross-check, no
                      eq:match5 comparison, no check_agreement.py.
MACHINE reach.p257 v=0 prec=1 digits=[257, 2, 65792, 1, 249, 2005]
-------------------------------------------------------------------------------
p                 : 269
a_p               : 26   #Etilde(F_p) = 244
ordinary          : True
anomalous         : False
Warning : Curve outside Cremona's table. Computations of modular symbol space might take very long !
padic_lseries obj : 0.001 s   <-- cache hit on the level-12544 symbols
_c_bound()        : 0
  n = 2 : _prec_bounds = [+Infinity, 1, 1, 1, 1] ; summands = (p-1)*p^(n-1) = 72092
  series runtime    : 2.20 s
  c_2               : 247 + O(269)
  c_2 precision     : O(p^1)   (= p^(n-1), the certified modulus)
  v_p(c_2(p))       : 0
  c_2 digits        : [247]   (p^0 first, up to O(p^1))
  INPUT AVAILABLE   : leading digit 247 nonzero, rigorous to O(p^1);
                      by lem:c0c1 this is lambda_an = 2, mu_an = 0.
                      NOT A CERTIFICATE: no Reg_p cross-check, no
                      eq:match5 comparison, no check_agreement.py.
MACHINE reach.p269 v=0 prec=1 digits=[269, 2, 72092, 1, 247, 2199]
-------------------------------------------------------------------------------
p                 : 277
a_p               : 28   #Etilde(F_p) = 250
ordinary          : True
anomalous         : False
Warning : Curve outside Cremona's table. Computations of modular symbol space might take very long !
padic_lseries obj : 0.001 s   <-- cache hit on the level-12544 symbols
_c_bound()        : 0
  n = 2 : _prec_bounds = [+Infinity, 1, 1, 1, 1] ; summands = (p-1)*p^(n-1) = 76452
  series runtime    : 2.34 s
  c_2               : 243 + O(277)
  c_2 precision     : O(p^1)   (= p^(n-1), the certified modulus)
  v_p(c_2(p))       : 0
  c_2 digits        : [243]   (p^0 first, up to O(p^1))
  INPUT AVAILABLE   : leading digit 243 nonzero, rigorous to O(p^1);
                      by lem:c0c1 this is lambda_an = 2, mu_an = 0.
                      NOT A CERTIFICATE: no Reg_p cross-check, no
                      eq:match5 comparison, no check_agreement.py.
MACHINE reach.p277 v=0 prec=1 digits=[277, 2, 76452, 1, 243, 2337]
-------------------------------------------------------------------------------
p                 : 281
a_p               : -10   #Etilde(F_p) = 292
ordinary          : True
anomalous         : False
Warning : Curve outside Cremona's table. Computations of modular symbol space might take very long !
padic_lseries obj : 0.001 s   <-- cache hit on the level-12544 symbols
_c_bound()        : 0
  n = 2 : _prec_bounds = [+Infinity, 1, 1, 1, 1] ; summands = (p-1)*p^(n-1) = 78680
  series runtime    : 2.40 s
  c_2               : 176 + O(281)
  c_2 precision     : O(p^1)   (= p^(n-1), the certified modulus)
  v_p(c_2(p))       : 0
  c_2 digits        : [176]   (p^0 first, up to O(p^1))
  INPUT AVAILABLE   : leading digit 176 nonzero, rigorous to O(p^1);
                      by lem:c0c1 this is lambda_an = 2, mu_an = 0.
                      NOT A CERTIFICATE: no Reg_p cross-check, no
                      eq:match5 comparison, no check_agreement.py.
MACHINE reach.p281 v=0 prec=1 digits=[281, 2, 78680, 1, 176, 2405]
-------------------------------------------------------------------------------
p                 : 293
a_p               : -34   #Etilde(F_p) = 328
ordinary          : True
anomalous         : False
Warning : Curve outside Cremona's table. Computations of modular symbol space might take very long !
padic_lseries obj : 0.001 s   <-- cache hit on the level-12544 symbols
_c_bound()        : 0
  n = 2 : _prec_bounds = [+Infinity, 1, 1, 1, 1] ; summands = (p-1)*p^(n-1) = 85556
  series runtime    : 2.61 s
  c_2               : 270 + O(293)
  c_2 precision     : O(p^1)   (= p^(n-1), the certified modulus)
  v_p(c_2(p))       : 0
  c_2 digits        : [270]   (p^0 first, up to O(p^1))
  INPUT AVAILABLE   : leading digit 270 nonzero, rigorous to O(p^1);
                      by lem:c0c1 this is lambda_an = 2, mu_an = 0.
                      NOT A CERTIFICATE: no Reg_p cross-check, no
                      eq:match5 comparison, no check_agreement.py.
MACHINE reach.p293 v=0 prec=1 digits=[293, 2, 85556, 1, 270, 2610]
-------------------------------------------------------------------------------
p                 : 313
a_p               : 24   #Etilde(F_p) = 290
ordinary          : True
anomalous         : False
Warning : Curve outside Cremona's table. Computations of modular symbol space might take very long !
padic_lseries obj : 0.001 s   <-- cache hit on the level-12544 symbols
_c_bound()        : 0
  n = 2 : _prec_bounds = [+Infinity, 1, 1, 1, 1] ; summands = (p-1)*p^(n-1) = 97656
  series runtime    : 2.96 s
  c_2               : 258 + O(313)
  c_2 precision     : O(p^1)   (= p^(n-1), the certified modulus)
  v_p(c_2(p))       : 0
  c_2 digits        : [258]   (p^0 first, up to O(p^1))
  INPUT AVAILABLE   : leading digit 258 nonzero, rigorous to O(p^1);
                      by lem:c0c1 this is lambda_an = 2, mu_an = 0.
                      NOT A CERTIFICATE: no Reg_p cross-check, no
                      eq:match5 comparison, no check_agreement.py.
MACHINE reach.p313 v=0 prec=1 digits=[313, 2, 97656, 1, 258, 2962]
-------------------------------------------------------------------------------
p                 : 317
a_p               : 28   #Etilde(F_p) = 290
ordinary          : True
anomalous         : False
Warning : Curve outside Cremona's table. Computations of modular symbol space might take very long !
padic_lseries obj : 0.001 s   <-- cache hit on the level-12544 symbols
_c_bound()        : 0
  n = 2 : _prec_bounds = [+Infinity, 1, 1, 1, 1] ; summands = (p-1)*p^(n-1) = 100172
  series runtime    : 3.07 s
  c_2               : 195 + O(317)
  c_2 precision     : O(p^1)   (= p^(n-1), the certified modulus)
  v_p(c_2(p))       : 0
  c_2 digits        : [195]   (p^0 first, up to O(p^1))
  INPUT AVAILABLE   : leading digit 195 nonzero, rigorous to O(p^1);
                      by lem:c0c1 this is lambda_an = 2, mu_an = 0.
                      NOT A CERTIFICATE: no Reg_p cross-check, no
                      eq:match5 comparison, no check_agreement.py.
MACHINE reach.p317 v=0 prec=1 digits=[317, 2, 100172, 1, 195, 3068]
-------------------------------------------------------------------------------
p                 : 337
a_p               : -18   #Etilde(F_p) = 356
ordinary          : True
anomalous         : False
Warning : Curve outside Cremona's table. Computations of modular symbol space might take very long !
padic_lseries obj : 0.001 s   <-- cache hit on the level-12544 symbols
_c_bound()        : 0
  n = 2 : _prec_bounds = [+Infinity, 1, 1, 1, 1] ; summands = (p-1)*p^(n-1) = 113232
  series runtime    : 3.45 s
  c_2               : 96 + O(337)
  c_2 precision     : O(p^1)   (= p^(n-1), the certified modulus)
  v_p(c_2(p))       : 0
  c_2 digits        : [96]   (p^0 first, up to O(p^1))
  INPUT AVAILABLE   : leading digit 96 nonzero, rigorous to O(p^1);
                      by lem:c0c1 this is lambda_an = 2, mu_an = 0.
                      NOT A CERTIFICATE: no Reg_p cross-check, no
                      eq:match5 comparison, no check_agreement.py.
MACHINE reach.p337 v=0 prec=1 digits=[337, 2, 113232, 1, 96, 3455]
-------------------------------------------------------------------------------
p                 : 349
a_p               : 10   #Etilde(F_p) = 340
ordinary          : True
anomalous         : False
Warning : Curve outside Cremona's table. Computations of modular symbol space might take very long !
padic_lseries obj : 0.001 s   <-- cache hit on the level-12544 symbols
_c_bound()        : 0
  n = 2 : _prec_bounds = [+Infinity, 1, 1, 1, 1] ; summands = (p-1)*p^(n-1) = 121452
  series runtime    : 3.78 s
  c_2               : 138 + O(349)
  c_2 precision     : O(p^1)   (= p^(n-1), the certified modulus)
  v_p(c_2(p))       : 0
  c_2 digits        : [138]   (p^0 first, up to O(p^1))
  INPUT AVAILABLE   : leading digit 138 nonzero, rigorous to O(p^1);
                      by lem:c0c1 this is lambda_an = 2, mu_an = 0.
                      NOT A CERTIFICATE: no Reg_p cross-check, no
                      eq:match5 comparison, no check_agreement.py.
MACHINE reach.p349 v=0 prec=1 digits=[349, 2, 121452, 1, 138, 3775]
-------------------------------------------------------------------------------
p                 : 353
a_p               : 16   #Etilde(F_p) = 338
ordinary          : True
anomalous         : False
Warning : Curve outside Cremona's table. Computations of modular symbol space might take very long !
padic_lseries obj : 0.001 s   <-- cache hit on the level-12544 symbols
_c_bound()        : 0
  n = 2 : _prec_bounds = [+Infinity, 1, 1, 1, 1] ; summands = (p-1)*p^(n-1) = 124256
  series runtime    : 3.81 s
  c_2               : 347 + O(353)
  c_2 precision     : O(p^1)   (= p^(n-1), the certified modulus)
  v_p(c_2(p))       : 0
  c_2 digits        : [347]   (p^0 first, up to O(p^1))
  INPUT AVAILABLE   : leading digit 347 nonzero, rigorous to O(p^1);
                      by lem:c0c1 this is lambda_an = 2, mu_an = 0.
                      NOT A CERTIFICATE: no Reg_p cross-check, no
                      eq:match5 comparison, no check_agreement.py.
MACHINE reach.p353 v=0 prec=1 digits=[353, 2, 124256, 1, 347, 3813]
-------------------------------------------------------------------------------
p                 : 373
a_p               : -36   #Etilde(F_p) = 410
ordinary          : True
anomalous         : False
Warning : Curve outside Cremona's table. Computations of modular symbol space might take very long !
padic_lseries obj : 0.001 s   <-- cache hit on the level-12544 symbols
_c_bound()        : 0
  n = 2 : _prec_bounds = [+Infinity, 1, 1, 1, 1] ; summands = (p-1)*p^(n-1) = 138756
  series runtime    : 4.29 s
  c_2               : 302 + O(373)
  c_2 precision     : O(p^1)   (= p^(n-1), the certified modulus)
  v_p(c_2(p))       : 0
  c_2 digits        : [302]   (p^0 first, up to O(p^1))
  INPUT AVAILABLE   : leading digit 302 nonzero, rigorous to O(p^1);
                      by lem:c0c1 this is lambda_an = 2, mu_an = 0.
                      NOT A CERTIFICATE: no Reg_p cross-check, no
                      eq:match5 comparison, no check_agreement.py.
MACHINE reach.p373 v=0 prec=1 digits=[373, 2, 138756, 1, 302, 4288]
-------------------------------------------------------------------------------
p                 : 389
a_p               : 20   #Etilde(F_p) = 370
ordinary          : True
anomalous         : False
Warning : Curve outside Cremona's table. Computations of modular symbol space might take very long !
padic_lseries obj : 0.001 s   <-- cache hit on the level-12544 symbols
_c_bound()        : 0
  n = 2 : _prec_bounds = [+Infinity, 1, 1, 1, 1] ; summands = (p-1)*p^(n-1) = 150932
  series runtime    : 4.65 s
  c_2               : 215 + O(389)
  c_2 precision     : O(p^1)   (= p^(n-1), the certified modulus)
  v_p(c_2(p))       : 0
  c_2 digits        : [215]   (p^0 first, up to O(p^1))
  INPUT AVAILABLE   : leading digit 215 nonzero, rigorous to O(p^1);
                      by lem:c0c1 this is lambda_an = 2, mu_an = 0.
                      NOT A CERTIFICATE: no Reg_p cross-check, no
                      eq:match5 comparison, no check_agreement.py.
MACHINE reach.p389 v=0 prec=1 digits=[389, 2, 150932, 1, 215, 4651]
-------------------------------------------------------------------------------
p                 : 397
a_p               : -38   #Etilde(F_p) = 436
ordinary          : True
anomalous         : False
Warning : Curve outside Cremona's table. Computations of modular symbol space might take very long !
padic_lseries obj : 0.001 s   <-- cache hit on the level-12544 symbols
_c_bound()        : 0
  n = 2 : _prec_bounds = [+Infinity, 1, 1, 1, 1] ; summands = (p-1)*p^(n-1) = 157212
  series runtime    : 4.88 s
  c_2               : 258 + O(397)
  c_2 precision     : O(p^1)   (= p^(n-1), the certified modulus)
  v_p(c_2(p))       : 0
  c_2 digits        : [258]   (p^0 first, up to O(p^1))
  INPUT AVAILABLE   : leading digit 258 nonzero, rigorous to O(p^1);
                      by lem:c0c1 this is lambda_an = 2, mu_an = 0.
                      NOT A CERTIFICATE: no Reg_p cross-check, no
                      eq:match5 comparison, no check_agreement.py.
MACHINE reach.p397 v=0 prec=1 digits=[397, 2, 157212, 1, 258, 4875]
-------------------------------------------------------------------------------
p                 : 401
a_p               : 2   #Etilde(F_p) = 400
ordinary          : True
anomalous         : False
Warning : Curve outside Cremona's table. Computations of modular symbol space might take very long !
padic_lseries obj : 0.001 s   <-- cache hit on the level-12544 symbols
_c_bound()        : 0
  n = 2 : _prec_bounds = [+Infinity, 1, 1, 1, 1] ; summands = (p-1)*p^(n-1) = 160400
  series runtime    : 5.03 s
  c_2               : 333 + O(401)
  c_2 precision     : O(p^1)   (= p^(n-1), the certified modulus)
  v_p(c_2(p))       : 0
  c_2 digits        : [333]   (p^0 first, up to O(p^1))
  INPUT AVAILABLE   : leading digit 333 nonzero, rigorous to O(p^1);
                      by lem:c0c1 this is lambda_an = 2, mu_an = 0.
                      NOT A CERTIFICATE: no Reg_p cross-check, no
                      eq:match5 comparison, no check_agreement.py.
MACHINE reach.p401 v=0 prec=1 digits=[401, 2, 160400, 1, 333, 5029]
-------------------------------------------------------------------------------
p                 : 409
a_p               : -40   #Etilde(F_p) = 450
ordinary          : True
anomalous         : False
Warning : Curve outside Cremona's table. Computations of modular symbol space might take very long !
padic_lseries obj : 0.001 s   <-- cache hit on the level-12544 symbols
_c_bound()        : 0
  n = 2 : _prec_bounds = [+Infinity, 1, 1, 1, 1] ; summands = (p-1)*p^(n-1) = 166872
  series runtime    : 5.26 s
  c_2               : 386 + O(409)
  c_2 precision     : O(p^1)   (= p^(n-1), the certified modulus)
  v_p(c_2(p))       : 0
  c_2 digits        : [386]   (p^0 first, up to O(p^1))
  INPUT AVAILABLE   : leading digit 386 nonzero, rigorous to O(p^1);
                      by lem:c0c1 this is lambda_an = 2, mu_an = 0.
                      NOT A CERTIFICATE: no Reg_p cross-check, no
                      eq:match5 comparison, no check_agreement.py.
MACHINE reach.p409 v=0 prec=1 digits=[409, 2, 166872, 1, 386, 5260]
-------------------------------------------------------------------------------
p                 : 421
a_p               : 28   #Etilde(F_p) = 394
ordinary          : True
anomalous         : False
Warning : Curve outside Cremona's table. Computations of modular symbol space might take very long !
padic_lseries obj : 0.001 s   <-- cache hit on the level-12544 symbols
_c_bound()        : 0
  n = 2 : _prec_bounds = [+Infinity, 1, 1, 1, 1] ; summands = (p-1)*p^(n-1) = 176820
  series runtime    : 5.54 s
  c_2               : 207 + O(421)
  c_2 precision     : O(p^1)   (= p^(n-1), the certified modulus)
  v_p(c_2(p))       : 0
  c_2 digits        : [207]   (p^0 first, up to O(p^1))
  INPUT AVAILABLE   : leading digit 207 nonzero, rigorous to O(p^1);
                      by lem:c0c1 this is lambda_an = 2, mu_an = 0.
                      NOT A CERTIFICATE: no Reg_p cross-check, no
                      eq:match5 comparison, no check_agreement.py.
MACHINE reach.p421 v=0 prec=1 digits=[421, 2, 176820, 1, 207, 5538]
-------------------------------------------------------------------------------
p                 : 433
a_p               : -24   #Etilde(F_p) = 458
ordinary          : True
anomalous         : False
Warning : Curve outside Cremona's table. Computations of modular symbol space might take very long !
padic_lseries obj : 0.001 s   <-- cache hit on the level-12544 symbols
_c_bound()        : 0
  n = 2 : _prec_bounds = [+Infinity, 1, 1, 1, 1] ; summands = (p-1)*p^(n-1) = 187056
  series runtime    : 5.86 s
  c_2               : 189 + O(433)
  c_2 precision     : O(p^1)   (= p^(n-1), the certified modulus)
  v_p(c_2(p))       : 0
  c_2 digits        : [189]   (p^0 first, up to O(p^1))
  INPUT AVAILABLE   : leading digit 189 nonzero, rigorous to O(p^1);
                      by lem:c0c1 this is lambda_an = 2, mu_an = 0.
                      NOT A CERTIFICATE: no Reg_p cross-check, no
                      eq:match5 comparison, no check_agreement.py.
MACHINE reach.p433 v=0 prec=1 digits=[433, 2, 187056, 1, 189, 5856]
-------------------------------------------------------------------------------
p                 : 449
a_p               : 14   #Etilde(F_p) = 436
ordinary          : True
anomalous         : False
Warning : Curve outside Cremona's table. Computations of modular symbol space might take very long !
padic_lseries obj : 0.001 s   <-- cache hit on the level-12544 symbols
_c_bound()        : 0
  n = 2 : _prec_bounds = [+Infinity, 1, 1, 1, 1] ; summands = (p-1)*p^(n-1) = 201152
  series runtime    : 6.28 s
  c_2               : 285 + O(449)
  c_2 precision     : O(p^1)   (= p^(n-1), the certified modulus)
  v_p(c_2(p))       : 0
  c_2 digits        : [285]   (p^0 first, up to O(p^1))
  INPUT AVAILABLE   : leading digit 285 nonzero, rigorous to O(p^1);
                      by lem:c0c1 this is lambda_an = 2, mu_an = 0.
                      NOT A CERTIFICATE: no Reg_p cross-check, no
                      eq:match5 comparison, no check_agreement.py.
MACHINE reach.p449 v=0 prec=1 digits=[449, 2, 201152, 1, 285, 6285]
-------------------------------------------------------------------------------
p                 : 457
a_p               : -42   #Etilde(F_p) = 500
ordinary          : True
anomalous         : False
Warning : Curve outside Cremona's table. Computations of modular symbol space might take very long !
padic_lseries obj : 0.001 s   <-- cache hit on the level-12544 symbols
_c_bound()        : 0
  n = 2 : _prec_bounds = [+Infinity, 1, 1, 1, 1] ; summands = (p-1)*p^(n-1) = 208392
  series runtime    : 6.56 s
  c_2               : 75 + O(457)
  c_2 precision     : O(p^1)   (= p^(n-1), the certified modulus)
  v_p(c_2(p))       : 0
  c_2 digits        : [75]   (p^0 first, up to O(p^1))
  INPUT AVAILABLE   : leading digit 75 nonzero, rigorous to O(p^1);
                      by lem:c0c1 this is lambda_an = 2, mu_an = 0.
                      NOT A CERTIFICATE: no Reg_p cross-check, no
                      eq:match5 comparison, no check_agreement.py.
MACHINE reach.p457 v=0 prec=1 digits=[457, 2, 208392, 1, 75, 6560]
-------------------------------------------------------------------------------
p                 : 461
a_p               : -38   #Etilde(F_p) = 500
ordinary          : True
anomalous         : False
Warning : Curve outside Cremona's table. Computations of modular symbol space might take very long !
padic_lseries obj : 0.001 s   <-- cache hit on the level-12544 symbols
_c_bound()        : 0
  n = 2 : _prec_bounds = [+Infinity, 1, 1, 1, 1] ; summands = (p-1)*p^(n-1) = 212060
  series runtime    : 6.59 s
  c_2               : 312 + O(461)
  c_2 precision     : O(p^1)   (= p^(n-1), the certified modulus)
  v_p(c_2(p))       : 0
  c_2 digits        : [312]   (p^0 first, up to O(p^1))
  INPUT AVAILABLE   : leading digit 312 nonzero, rigorous to O(p^1);
                      by lem:c0c1 this is lambda_an = 2, mu_an = 0.
                      NOT A CERTIFICATE: no Reg_p cross-check, no
                      eq:match5 comparison, no check_agreement.py.
MACHINE reach.p461 v=0 prec=1 digits=[461, 2, 212060, 1, 312, 6588]
-------------------------------------------------------------------------------
p                 : 509
a_p               : 10   #Etilde(F_p) = 500
ordinary          : True
anomalous         : False
Warning : Curve outside Cremona's table. Computations of modular symbol space might take very long !
padic_lseries obj : 0.001 s   <-- cache hit on the level-12544 symbols
_c_bound()        : 0
  n = 2 : _prec_bounds = [+Infinity, 1, 1, 1, 1] ; summands = (p-1)*p^(n-1) = 258572
  series runtime    : 8.09 s
  c_2               : 377 + O(509)
  c_2 precision     : O(p^1)   (= p^(n-1), the certified modulus)
  v_p(c_2(p))       : 0
  c_2 digits        : [377]   (p^0 first, up to O(p^1))
  INPUT AVAILABLE   : leading digit 377 nonzero, rigorous to O(p^1);
                      by lem:c0c1 this is lambda_an = 2, mu_an = 0.
                      NOT A CERTIFICATE: no Reg_p cross-check, no
                      eq:match5 comparison, no check_agreement.py.
MACHINE reach.p509 v=0 prec=1 digits=[509, 2, 258572, 1, 377, 8086]
-------------------------------------------------------------------------------
p                 : 521
a_p               : 40   #Etilde(F_p) = 482
ordinary          : True
anomalous         : False
Warning : Curve outside Cremona's table. Computations of modular symbol space might take very long !
padic_lseries obj : 0.001 s   <-- cache hit on the level-12544 symbols
_c_bound()        : 0
  n = 2 : _prec_bounds = [+Infinity, 1, 1, 1, 1] ; summands = (p-1)*p^(n-1) = 270920
  series runtime    : 8.44 s
  c_2               : 379 + O(521)
  c_2 precision     : O(p^1)   (= p^(n-1), the certified modulus)
  v_p(c_2(p))       : 0
  c_2 digits        : [379]   (p^0 first, up to O(p^1))
  INPUT AVAILABLE   : leading digit 379 nonzero, rigorous to O(p^1);
                      by lem:c0c1 this is lambda_an = 2, mu_an = 0.
                      NOT A CERTIFICATE: no Reg_p cross-check, no
                      eq:match5 comparison, no check_agreement.py.
MACHINE reach.p521 v=0 prec=1 digits=[521, 2, 270920, 1, 379, 8443]
-------------------------------------------------------------------------------
p                 : 541
a_p               : -20   #Etilde(F_p) = 562
ordinary          : True
anomalous         : False
Warning : Curve outside Cremona's table. Computations of modular symbol space might take very long !
padic_lseries obj : 0.001 s   <-- cache hit on the level-12544 symbols
_c_bound()        : 0
  n = 2 : _prec_bounds = [+Infinity, 1, 1, 1, 1] ; summands = (p-1)*p^(n-1) = 292140
  series runtime    : 9.11 s
  c_2               : 530 + O(541)
  c_2 precision     : O(p^1)   (= p^(n-1), the certified modulus)
  v_p(c_2(p))       : 0
  c_2 digits        : [530]   (p^0 first, up to O(p^1))
  INPUT AVAILABLE   : leading digit 530 nonzero, rigorous to O(p^1);
                      by lem:c0c1 this is lambda_an = 2, mu_an = 0.
                      NOT A CERTIFICATE: no Reg_p cross-check, no
                      eq:match5 comparison, no check_agreement.py.
MACHINE reach.p541 v=0 prec=1 digits=[541, 2, 292140, 1, 530, 9109]
-------------------------------------------------------------------------------
p                 : 557
a_p               : 28   #Etilde(F_p) = 530
ordinary          : True
anomalous         : False
Warning : Curve outside Cremona's table. Computations of modular symbol space might take very long !
padic_lseries obj : 0.001 s   <-- cache hit on the level-12544 symbols
_c_bound()        : 0
  n = 2 : _prec_bounds = [+Infinity, 1, 1, 1, 1] ; summands = (p-1)*p^(n-1) = 309692
  series runtime    : 9.66 s
  c_2               : 215 + O(557)
  c_2 precision     : O(p^1)   (= p^(n-1), the certified modulus)
  v_p(c_2(p))       : 0
  c_2 digits        : [215]   (p^0 first, up to O(p^1))
  INPUT AVAILABLE   : leading digit 215 nonzero, rigorous to O(p^1);
                      by lem:c0c1 this is lambda_an = 2, mu_an = 0.
                      NOT A CERTIFICATE: no Reg_p cross-check, no
                      eq:match5 comparison, no check_agreement.py.
MACHINE reach.p557 v=0 prec=1 digits=[557, 2, 309692, 1, 215, 9657]
-------------------------------------------------------------------------------
p                 : 569
a_p               : 26   #Etilde(F_p) = 544
ordinary          : True
anomalous         : False
Warning : Curve outside Cremona's table. Computations of modular symbol space might take very long !
padic_lseries obj : 0.001 s   <-- cache hit on the level-12544 symbols
_c_bound()        : 0
  n = 2 : _prec_bounds = [+Infinity, 1, 1, 1, 1] ; summands = (p-1)*p^(n-1) = 323192
  series runtime    : 10.10 s
  c_2               : 92 + O(569)
  c_2 precision     : O(p^1)   (= p^(n-1), the certified modulus)
  v_p(c_2(p))       : 0
  c_2 digits        : [92]   (p^0 first, up to O(p^1))
  INPUT AVAILABLE   : leading digit 92 nonzero, rigorous to O(p^1);
                      by lem:c0c1 this is lambda_an = 2, mu_an = 0.
                      NOT A CERTIFICATE: no Reg_p cross-check, no
                      eq:match5 comparison, no check_agreement.py.
MACHINE reach.p569 v=0 prec=1 digits=[569, 2, 323192, 1, 92, 10104]
-------------------------------------------------------------------------------
p                 : 577
a_p               : -48   #Etilde(F_p) = 626
ordinary          : True
anomalous         : False
Warning : Curve outside Cremona's table. Computations of modular symbol space might take very long !
padic_lseries obj : 0.001 s   <-- cache hit on the level-12544 symbols
_c_bound()        : 0
  n = 2 : _prec_bounds = [+Infinity, 1, 1, 1, 1] ; summands = (p-1)*p^(n-1) = 332352
  series runtime    : 10.38 s
  c_2               : 108 + O(577)
  c_2 precision     : O(p^1)   (= p^(n-1), the certified modulus)
  v_p(c_2(p))       : 0
  c_2 digits        : [108]   (p^0 first, up to O(p^1))
  INPUT AVAILABLE   : leading digit 108 nonzero, rigorous to O(p^1);
                      by lem:c0c1 this is lambda_an = 2, mu_an = 0.
                      NOT A CERTIFICATE: no Reg_p cross-check, no
                      eq:match5 comparison, no check_agreement.py.
MACHINE reach.p577 v=0 prec=1 digits=[577, 2, 332352, 1, 108, 10380]
-------------------------------------------------------------------------------
p                 : 593
a_p               : -16   #Etilde(F_p) = 610
ordinary          : True
anomalous         : False
Warning : Curve outside Cremona's table. Computations of modular symbol space might take very long !
padic_lseries obj : 0.002 s   <-- cache hit on the level-12544 symbols
_c_bound()        : 0
  n = 2 : _prec_bounds = [+Infinity, 1, 1, 1, 1] ; summands = (p-1)*p^(n-1) = 351056
  series runtime    : 11.02 s
  c_2               : 447 + O(593)
  c_2 precision     : O(p^1)   (= p^(n-1), the certified modulus)
  v_p(c_2(p))       : 0
  c_2 digits        : [447]   (p^0 first, up to O(p^1))
  INPUT AVAILABLE   : leading digit 447 nonzero, rigorous to O(p^1);
                      by lem:c0c1 this is lambda_an = 2, mu_an = 0.
                      NOT A CERTIFICATE: no Reg_p cross-check, no
                      eq:match5 comparison, no check_agreement.py.
MACHINE reach.p593 v=0 prec=1 digits=[593, 2, 351056, 1, 447, 11021]
-------------------------------------------------------------------------------
p                 : 601
a_p               : -48   #Etilde(F_p) = 650
ordinary          : True
anomalous         : False
Warning : Curve outside Cremona's table. Computations of modular symbol space might take very long !
padic_lseries obj : 0.002 s   <-- cache hit on the level-12544 symbols
_c_bound()        : 0
  n = 2 : _prec_bounds = [+Infinity, 1, 1, 1, 1] ; summands = (p-1)*p^(n-1) = 360600
  series runtime    : 11.28 s
  c_2               : 555 + O(601)
  c_2 precision     : O(p^1)   (= p^(n-1), the certified modulus)
  v_p(c_2(p))       : 0
  c_2 digits        : [555]   (p^0 first, up to O(p^1))
  INPUT AVAILABLE   : leading digit 555 nonzero, rigorous to O(p^1);
                      by lem:c0c1 this is lambda_an = 2, mu_an = 0.
                      NOT A CERTIFICATE: no Reg_p cross-check, no
                      eq:match5 comparison, no check_agreement.py.
MACHINE reach.p601 v=0 prec=1 digits=[601, 2, 360600, 1, 555, 11279]
-------------------------------------------------------------------------------
p                 : 613
a_p               : 36   #Etilde(F_p) = 578
ordinary          : True
anomalous         : False
Warning : Curve outside Cremona's table. Computations of modular symbol space might take very long !
padic_lseries obj : 0.002 s   <-- cache hit on the level-12544 symbols
_c_bound()        : 0
  n = 2 : _prec_bounds = [+Infinity, 1, 1, 1, 1] ; summands = (p-1)*p^(n-1) = 375156
  series runtime    : 11.79 s
  c_2               : 215 + O(613)
  c_2 precision     : O(p^1)   (= p^(n-1), the certified modulus)
  v_p(c_2(p))       : 0
  c_2 digits        : [215]   (p^0 first, up to O(p^1))
  INPUT AVAILABLE   : leading digit 215 nonzero, rigorous to O(p^1);
                      by lem:c0c1 this is lambda_an = 2, mu_an = 0.
                      NOT A CERTIFICATE: no Reg_p cross-check, no
                      eq:match5 comparison, no check_agreement.py.
MACHINE reach.p613 v=0 prec=1 digits=[613, 2, 375156, 1, 215, 11792]
-------------------------------------------------------------------------------
p                 : 617
a_p               : 38   #Etilde(F_p) = 580
ordinary          : True
anomalous         : False
Warning : Curve outside Cremona's table. Computations of modular symbol space might take very long !
padic_lseries obj : 0.002 s   <-- cache hit on the level-12544 symbols
_c_bound()        : 0
  n = 2 : _prec_bounds = [+Infinity, 1, 1, 1, 1] ; summands = (p-1)*p^(n-1) = 380072
  series runtime    : 12.07 s
  c_2               : 167 + O(617)
  c_2 precision     : O(p^1)   (= p^(n-1), the certified modulus)
  v_p(c_2(p))       : 0
  c_2 digits        : [167]   (p^0 first, up to O(p^1))
  INPUT AVAILABLE   : leading digit 167 nonzero, rigorous to O(p^1);
                      by lem:c0c1 this is lambda_an = 2, mu_an = 0.
                      NOT A CERTIFICATE: no Reg_p cross-check, no
                      eq:match5 comparison, no check_agreement.py.
MACHINE reach.p617 v=0 prec=1 digits=[617, 2, 380072, 1, 167, 12066]
-------------------------------------------------------------------------------
p                 : 641
a_p               : 50   #Etilde(F_p) = 592
ordinary          : True
anomalous         : False
Warning : Curve outside Cremona's table. Computations of modular symbol space might take very long !
padic_lseries obj : 0.002 s   <-- cache hit on the level-12544 symbols
_c_bound()        : 0
  n = 2 : _prec_bounds = [+Infinity, 1, 1, 1, 1] ; summands = (p-1)*p^(n-1) = 410240
  series runtime    : 12.79 s
  c_2               : 164 + O(641)
  c_2 precision     : O(p^1)   (= p^(n-1), the certified modulus)
  v_p(c_2(p))       : 0
  c_2 digits        : [164]   (p^0 first, up to O(p^1))
  INPUT AVAILABLE   : leading digit 164 nonzero, rigorous to O(p^1);
                      by lem:c0c1 this is lambda_an = 2, mu_an = 0.
                      NOT A CERTIFICATE: no Reg_p cross-check, no
                      eq:match5 comparison, no check_agreement.py.
MACHINE reach.p641 v=0 prec=1 digits=[641, 2, 410240, 1, 164, 12792]
-------------------------------------------------------------------------------
p                 : 653
a_p               : -44   #Etilde(F_p) = 698
ordinary          : True
anomalous         : False
Warning : Curve outside Cremona's table. Computations of modular symbol space might take very long !
padic_lseries obj : 0.003 s   <-- cache hit on the level-12544 symbols
_c_bound()        : 0
  n = 2 : _prec_bounds = [+Infinity, 1, 1, 1, 1] ; summands = (p-1)*p^(n-1) = 425756
  series runtime    : 13.34 s
  c_2               : 198 + O(653)
  c_2 precision     : O(p^1)   (= p^(n-1), the certified modulus)
  v_p(c_2(p))       : 0
  c_2 digits        : [198]   (p^0 first, up to O(p^1))
  INPUT AVAILABLE   : leading digit 198 nonzero, rigorous to O(p^1);
                      by lem:c0c1 this is lambda_an = 2, mu_an = 0.
                      NOT A CERTIFICATE: no Reg_p cross-check, no
                      eq:match5 comparison, no check_agreement.py.
MACHINE reach.p653 v=0 prec=1 digits=[653, 2, 425756, 1, 198, 13336]
-------------------------------------------------------------------------------
p                 : 661
a_p               : -50   #Etilde(F_p) = 712
ordinary          : True
anomalous         : False
Warning : Curve outside Cremona's table. Computations of modular symbol space might take very long !
padic_lseries obj : 0.002 s   <-- cache hit on the level-12544 symbols
_c_bound()        : 0
  n = 2 : _prec_bounds = [+Infinity, 1, 1, 1, 1] ; summands = (p-1)*p^(n-1) = 436260
  series runtime    : 13.91 s
  c_2               : 595 + O(661)
  c_2 precision     : O(p^1)   (= p^(n-1), the certified modulus)
  v_p(c_2(p))       : 0
  c_2 digits        : [595]   (p^0 first, up to O(p^1))
  INPUT AVAILABLE   : leading digit 595 nonzero, rigorous to O(p^1);
                      by lem:c0c1 this is lambda_an = 2, mu_an = 0.
                      NOT A CERTIFICATE: no Reg_p cross-check, no
                      eq:match5 comparison, no check_agreement.py.
MACHINE reach.p661 v=0 prec=1 digits=[661, 2, 436260, 1, 595, 13908]
-------------------------------------------------------------------------------
p                 : 673
a_p               : -46   #Etilde(F_p) = 720
ordinary          : True
anomalous         : False
Warning : Curve outside Cremona's table. Computations of modular symbol space might take very long !
padic_lseries obj : 0.002 s   <-- cache hit on the level-12544 symbols
_c_bound()        : 0
  n = 2 : _prec_bounds = [+Infinity, 1, 1, 1, 1] ; summands = (p-1)*p^(n-1) = 452256
  series runtime    : 14.31 s
  c_2               : 416 + O(673)
  c_2 precision     : O(p^1)   (= p^(n-1), the certified modulus)
  v_p(c_2(p))       : 0
  c_2 digits        : [416]   (p^0 first, up to O(p^1))
  INPUT AVAILABLE   : leading digit 416 nonzero, rigorous to O(p^1);
                      by lem:c0c1 this is lambda_an = 2, mu_an = 0.
                      NOT A CERTIFICATE: no Reg_p cross-check, no
                      eq:match5 comparison, no check_agreement.py.
MACHINE reach.p673 v=0 prec=1 digits=[673, 2, 452256, 1, 416, 14311]
-------------------------------------------------------------------------------
p                 : 677
a_p               : 2   #Etilde(F_p) = 676
ordinary          : True
anomalous         : False
Warning : Curve outside Cremona's table. Computations of modular symbol space might take very long !
padic_lseries obj : 0.001 s   <-- cache hit on the level-12544 symbols
_c_bound()        : 0
  n = 2 : _prec_bounds = [+Infinity, 1, 1, 1, 1] ; summands = (p-1)*p^(n-1) = 457652
  series runtime    : 14.59 s
  c_2               : 195 + O(677)
  c_2 precision     : O(p^1)   (= p^(n-1), the certified modulus)
  v_p(c_2(p))       : 0
  c_2 digits        : [195]   (p^0 first, up to O(p^1))
  INPUT AVAILABLE   : leading digit 195 nonzero, rigorous to O(p^1);
                      by lem:c0c1 this is lambda_an = 2, mu_an = 0.
                      NOT A CERTIFICATE: no Reg_p cross-check, no
                      eq:match5 comparison, no check_agreement.py.
MACHINE reach.p677 v=0 prec=1 digits=[677, 2, 457652, 1, 195, 14592]
-------------------------------------------------------------------------------
p                 : 701
a_p               : 52   #Etilde(F_p) = 650
ordinary          : True
anomalous         : False
Warning : Curve outside Cremona's table. Computations of modular symbol space might take very long !
padic_lseries obj : 0.002 s   <-- cache hit on the level-12544 symbols
_c_bound()        : 0
  n = 2 : _prec_bounds = [+Infinity, 1, 1, 1, 1] ; summands = (p-1)*p^(n-1) = 490700
  series runtime    : 15.81 s
  c_2               : 237 + O(701)
  c_2 precision     : O(p^1)   (= p^(n-1), the certified modulus)
  v_p(c_2(p))       : 0
  c_2 digits        : [237]   (p^0 first, up to O(p^1))
  INPUT AVAILABLE   : leading digit 237 nonzero, rigorous to O(p^1);
                      by lem:c0c1 this is lambda_an = 2, mu_an = 0.
                      NOT A CERTIFICATE: no Reg_p cross-check, no
                      eq:match5 comparison, no check_agreement.py.
MACHINE reach.p701 v=0 prec=1 digits=[701, 2, 490700, 1, 237, 15808]
-------------------------------------------------------------------------------
p                 : 709
a_p               : -44   #Etilde(F_p) = 754
ordinary          : True
anomalous         : False
Warning : Curve outside Cremona's table. Computations of modular symbol space might take very long !
padic_lseries obj : 0.001 s   <-- cache hit on the level-12544 symbols
_c_bound()        : 0
  n = 2 : _prec_bounds = [+Infinity, 1, 1, 1, 1] ; summands = (p-1)*p^(n-1) = 501972
  series runtime    : 16.16 s
  c_2               : 229 + O(709)
  c_2 precision     : O(p^1)   (= p^(n-1), the certified modulus)
  v_p(c_2(p))       : 0
  c_2 digits        : [229]   (p^0 first, up to O(p^1))
  INPUT AVAILABLE   : leading digit 229 nonzero, rigorous to O(p^1);
                      by lem:c0c1 this is lambda_an = 2, mu_an = 0.
                      NOT A CERTIFICATE: no Reg_p cross-check, no
                      eq:match5 comparison, no check_agreement.py.
MACHINE reach.p709 v=0 prec=1 digits=[709, 2, 501972, 1, 229, 16158]
-------------------------------------------------------------------------------
p                 : 733
a_p               : 54   #Etilde(F_p) = 680
ordinary          : True
anomalous         : False
Warning : Curve outside Cremona's table. Computations of modular symbol space might take very long !
padic_lseries obj : 0.003 s   <-- cache hit on the level-12544 symbols
_c_bound()        : 0
  n = 2 : _prec_bounds = [+Infinity, 1, 1, 1, 1] ; summands = (p-1)*p^(n-1) = 536556
  series runtime    : 17.29 s
  c_2               : 401 + O(733)
  c_2 precision     : O(p^1)   (= p^(n-1), the certified modulus)
  v_p(c_2(p))       : 0
  c_2 digits        : [401]   (p^0 first, up to O(p^1))
  INPUT AVAILABLE   : leading digit 401 nonzero, rigorous to O(p^1);
                      by lem:c0c1 this is lambda_an = 2, mu_an = 0.
                      NOT A CERTIFICATE: no Reg_p cross-check, no
                      eq:match5 comparison, no check_agreement.py.
MACHINE reach.p733 v=0 prec=1 digits=[733, 2, 536556, 1, 401, 17290]
-------------------------------------------------------------------------------
p                 : 757
a_p               : 52   #Etilde(F_p) = 706
ordinary          : True
anomalous         : False
Warning : Curve outside Cremona's table. Computations of modular symbol space might take very long !
padic_lseries obj : 0.002 s   <-- cache hit on the level-12544 symbols
_c_bound()        : 0
  n = 2 : _prec_bounds = [+Infinity, 1, 1, 1, 1] ; summands = (p-1)*p^(n-1) = 572292
  series runtime    : 18.43 s
  c_2               : 390 + O(757)
  c_2 precision     : O(p^1)   (= p^(n-1), the certified modulus)
  v_p(c_2(p))       : 0
  c_2 digits        : [390]   (p^0 first, up to O(p^1))
  INPUT AVAILABLE   : leading digit 390 nonzero, rigorous to O(p^1);
                      by lem:c0c1 this is lambda_an = 2, mu_an = 0.
                      NOT A CERTIFICATE: no Reg_p cross-check, no
                      eq:match5 comparison, no check_agreement.py.
MACHINE reach.p757 v=0 prec=1 digits=[757, 2, 572292, 1, 390, 18429]
-------------------------------------------------------------------------------
p                 : 761
a_p               : 40   #Etilde(F_p) = 722
ordinary          : True
anomalous         : False
Warning : Curve outside Cremona's table. Computations of modular symbol space might take very long !
padic_lseries obj : 0.001 s   <-- cache hit on the level-12544 symbols
_c_bound()        : 0
  n = 2 : _prec_bounds = [+Infinity, 1, 1, 1, 1] ; summands = (p-1)*p^(n-1) = 578360
  series runtime    : 18.70 s
  c_2               : 54 + O(761)
  c_2 precision     : O(p^1)   (= p^(n-1), the certified modulus)
  v_p(c_2(p))       : 0
  c_2 digits        : [54]   (p^0 first, up to O(p^1))
  INPUT AVAILABLE   : leading digit 54 nonzero, rigorous to O(p^1);
                      by lem:c0c1 this is lambda_an = 2, mu_an = 0.
                      NOT A CERTIFICATE: no Reg_p cross-check, no
                      eq:match5 comparison, no check_agreement.py.
MACHINE reach.p761 v=0 prec=1 digits=[761, 2, 578360, 1, 54, 18702]
-------------------------------------------------------------------------------
p                 : 769
a_p               : 24   #Etilde(F_p) = 746
ordinary          : True
anomalous         : False
Warning : Curve outside Cremona's table. Computations of modular symbol space might take very long !
padic_lseries obj : 0.001 s   <-- cache hit on the level-12544 symbols
_c_bound()        : 0
  n = 2 : _prec_bounds = [+Infinity, 1, 1, 1, 1] ; summands = (p-1)*p^(n-1) = 590592
  series runtime    : 19.03 s
  c_2               : 616 + O(769)
  c_2 precision     : O(p^1)   (= p^(n-1), the certified modulus)
  v_p(c_2(p))       : 0
  c_2 digits        : [616]   (p^0 first, up to O(p^1))
  INPUT AVAILABLE   : leading digit 616 nonzero, rigorous to O(p^1);
                      by lem:c0c1 this is lambda_an = 2, mu_an = 0.
                      NOT A CERTIFICATE: no Reg_p cross-check, no
                      eq:match5 comparison, no check_agreement.py.
MACHINE reach.p769 v=0 prec=1 digits=[769, 2, 590592, 1, 616, 19028]
-------------------------------------------------------------------------------
p                 : 773
a_p               : -34   #Etilde(F_p) = 808
ordinary          : True
anomalous         : False
Warning : Curve outside Cremona's table. Computations of modular symbol space might take very long !
padic_lseries obj : 0.002 s   <-- cache hit on the level-12544 symbols
_c_bound()        : 0
  n = 2 : _prec_bounds = [+Infinity, 1, 1, 1, 1] ; summands = (p-1)*p^(n-1) = 596756
  series runtime    : 19.12 s
  c_2               : 657 + O(773)
  c_2 precision     : O(p^1)   (= p^(n-1), the certified modulus)
  v_p(c_2(p))       : 0
  c_2 digits        : [657]   (p^0 first, up to O(p^1))
  INPUT AVAILABLE   : leading digit 657 nonzero, rigorous to O(p^1);
                      by lem:c0c1 this is lambda_an = 2, mu_an = 0.
                      NOT A CERTIFICATE: no Reg_p cross-check, no
                      eq:match5 comparison, no check_agreement.py.
MACHINE reach.p773 v=0 prec=1 digits=[773, 2, 596756, 1, 657, 19124]
-------------------------------------------------------------------------------
p                 : 797
a_p               : -22   #Etilde(F_p) = 820
ordinary          : True
anomalous         : False
Warning : Curve outside Cremona's table. Computations of modular symbol space might take very long !
padic_lseries obj : 0.001 s   <-- cache hit on the level-12544 symbols
_c_bound()        : 0
  n = 2 : _prec_bounds = [+Infinity, 1, 1, 1, 1] ; summands = (p-1)*p^(n-1) = 634412
  series runtime    : 20.21 s
  c_2               : 225 + O(797)
  c_2 precision     : O(p^1)   (= p^(n-1), the certified modulus)
  v_p(c_2(p))       : 0
  c_2 digits        : [225]   (p^0 first, up to O(p^1))
  INPUT AVAILABLE   : leading digit 225 nonzero, rigorous to O(p^1);
                      by lem:c0c1 this is lambda_an = 2, mu_an = 0.
                      NOT A CERTIFICATE: no Reg_p cross-check, no
                      eq:match5 comparison, no check_agreement.py.
MACHINE reach.p797 v=0 prec=1 digits=[797, 2, 634412, 1, 225, 20207]
-------------------------------------------------------------------------------
p                 : 809
a_p               : -10   #Etilde(F_p) = 820
ordinary          : True
anomalous         : False
Warning : Curve outside Cremona's table. Computations of modular symbol space might take very long !
padic_lseries obj : 0.002 s   <-- cache hit on the level-12544 symbols
_c_bound()        : 0
  n = 2 : _prec_bounds = [+Infinity, 1, 1, 1, 1] ; summands = (p-1)*p^(n-1) = 653672
  series runtime    : 20.92 s
  c_2               : 73 + O(809)
  c_2 precision     : O(p^1)   (= p^(n-1), the certified modulus)
  v_p(c_2(p))       : 0
  c_2 digits        : [73]   (p^0 first, up to O(p^1))
  INPUT AVAILABLE   : leading digit 73 nonzero, rigorous to O(p^1);
                      by lem:c0c1 this is lambda_an = 2, mu_an = 0.
                      NOT A CERTIFICATE: no Reg_p cross-check, no
                      eq:match5 comparison, no check_agreement.py.
MACHINE reach.p809 v=0 prec=1 digits=[809, 2, 653672, 1, 73, 20918]
-------------------------------------------------------------------------------
p                 : 821
a_p               : 28   #Etilde(F_p) = 794
ordinary          : True
anomalous         : False
Warning : Curve outside Cremona's table. Computations of modular symbol space might take very long !
padic_lseries obj : 0.001 s   <-- cache hit on the level-12544 symbols
_c_bound()        : 0
  n = 2 : _prec_bounds = [+Infinity, 1, 1, 1, 1] ; summands = (p-1)*p^(n-1) = 673220
  series runtime    : 21.71 s
  c_2               : 754 + O(821)
  c_2 precision     : O(p^1)   (= p^(n-1), the certified modulus)
  v_p(c_2(p))       : 0
  c_2 digits        : [754]   (p^0 first, up to O(p^1))
  INPUT AVAILABLE   : leading digit 754 nonzero, rigorous to O(p^1);
                      by lem:c0c1 this is lambda_an = 2, mu_an = 0.
                      NOT A CERTIFICATE: no Reg_p cross-check, no
                      eq:match5 comparison, no check_agreement.py.
MACHINE reach.p821 v=0 prec=1 digits=[821, 2, 673220, 1, 754, 21713]
-------------------------------------------------------------------------------
p                 : 829
a_p               : 54   #Etilde(F_p) = 776
ordinary          : True
anomalous         : False
Warning : Curve outside Cremona's table. Computations of modular symbol space might take very long !
padic_lseries obj : 0.002 s   <-- cache hit on the level-12544 symbols
_c_bound()        : 0
  n = 2 : _prec_bounds = [+Infinity, 1, 1, 1, 1] ; summands = (p-1)*p^(n-1) = 686412
  series runtime    : 22.31 s
  c_2               : 519 + O(829)
  c_2 precision     : O(p^1)   (= p^(n-1), the certified modulus)
  v_p(c_2(p))       : 0
  c_2 digits        : [519]   (p^0 first, up to O(p^1))
  INPUT AVAILABLE   : leading digit 519 nonzero, rigorous to O(p^1);
                      by lem:c0c1 this is lambda_an = 2, mu_an = 0.
                      NOT A CERTIFICATE: no Reg_p cross-check, no
                      eq:match5 comparison, no check_agreement.py.
MACHINE reach.p829 v=0 prec=1 digits=[829, 2, 686412, 1, 519, 22311]
-------------------------------------------------------------------------------
p                 : 853
a_p               : -46   #Etilde(F_p) = 900
ordinary          : True
anomalous         : False
Warning : Curve outside Cremona's table. Computations of modular symbol space might take very long !
padic_lseries obj : 0.002 s   <-- cache hit on the level-12544 symbols
_c_bound()        : 0
  n = 2 : _prec_bounds = [+Infinity, 1, 1, 1, 1] ; summands = (p-1)*p^(n-1) = 726756
  series runtime    : 23.67 s
  c_2               : 701 + O(853)
  c_2 precision     : O(p^1)   (= p^(n-1), the certified modulus)
  v_p(c_2(p))       : 0
  c_2 digits        : [701]   (p^0 first, up to O(p^1))
  INPUT AVAILABLE   : leading digit 701 nonzero, rigorous to O(p^1);
                      by lem:c0c1 this is lambda_an = 2, mu_an = 0.
                      NOT A CERTIFICATE: no Reg_p cross-check, no
                      eq:match5 comparison, no check_agreement.py.
MACHINE reach.p853 v=0 prec=1 digits=[853, 2, 726756, 1, 701, 23666]
-------------------------------------------------------------------------------
p                 : 857
a_p               : -8   #Etilde(F_p) = 866
ordinary          : True
anomalous         : False
Warning : Curve outside Cremona's table. Computations of modular symbol space might take very long !
padic_lseries obj : 0.002 s   <-- cache hit on the level-12544 symbols
_c_bound()        : 0
  n = 2 : _prec_bounds = [+Infinity, 1, 1, 1, 1] ; summands = (p-1)*p^(n-1) = 733592
  series runtime    : 23.97 s
  c_2               : 673 + O(857)
  c_2 precision     : O(p^1)   (= p^(n-1), the certified modulus)
  v_p(c_2(p))       : 0
  c_2 digits        : [673]   (p^0 first, up to O(p^1))
  INPUT AVAILABLE   : leading digit 673 nonzero, rigorous to O(p^1);
                      by lem:c0c1 this is lambda_an = 2, mu_an = 0.
                      NOT A CERTIFICATE: no Reg_p cross-check, no
                      eq:match5 comparison, no check_agreement.py.
MACHINE reach.p857 v=0 prec=1 digits=[857, 2, 733592, 1, 673, 23969]
-------------------------------------------------------------------------------
p                 : 877
a_p               : -12   #Etilde(F_p) = 890
ordinary          : True
anomalous         : False
Warning : Curve outside Cremona's table. Computations of modular symbol space might take very long !
padic_lseries obj : 0.002 s   <-- cache hit on the level-12544 symbols
_c_bound()        : 0
  n = 2 : _prec_bounds = [+Infinity, 1, 1, 1, 1] ; summands = (p-1)*p^(n-1) = 768252
  series runtime    : 25.18 s
  c_2               : 202 + O(877)
  c_2 precision     : O(p^1)   (= p^(n-1), the certified modulus)
  v_p(c_2(p))       : 0
  c_2 digits        : [202]   (p^0 first, up to O(p^1))
  INPUT AVAILABLE   : leading digit 202 nonzero, rigorous to O(p^1);
                      by lem:c0c1 this is lambda_an = 2, mu_an = 0.
                      NOT A CERTIFICATE: no Reg_p cross-check, no
                      eq:match5 comparison, no check_agreement.py.
MACHINE reach.p877 v=0 prec=1 digits=[877, 2, 768252, 1, 202, 25179]
-------------------------------------------------------------------------------
p                 : 881
a_p               : 32   #Etilde(F_p) = 850
ordinary          : True
anomalous         : False
Warning : Curve outside Cremona's table. Computations of modular symbol space might take very long !
padic_lseries obj : 0.001 s   <-- cache hit on the level-12544 symbols
_c_bound()        : 0
  n = 2 : _prec_bounds = [+Infinity, 1, 1, 1, 1] ; summands = (p-1)*p^(n-1) = 775280
  series runtime    : 25.40 s
  c_2               : 240 + O(881)
  c_2 precision     : O(p^1)   (= p^(n-1), the certified modulus)
  v_p(c_2(p))       : 0
  c_2 digits        : [240]   (p^0 first, up to O(p^1))
  INPUT AVAILABLE   : leading digit 240 nonzero, rigorous to O(p^1);
                      by lem:c0c1 this is lambda_an = 2, mu_an = 0.
                      NOT A CERTIFICATE: no Reg_p cross-check, no
                      eq:match5 comparison, no check_agreement.py.
MACHINE reach.p881 v=0 prec=1 digits=[881, 2, 775280, 1, 240, 25395]
-------------------------------------------------------------------------------
p                 : 929
a_p               : -40   #Etilde(F_p) = 970
ordinary          : True
anomalous         : False
Warning : Curve outside Cremona's table. Computations of modular symbol space might take very long !
padic_lseries obj : 0.003 s   <-- cache hit on the level-12544 symbols
_c_bound()        : 0
  n = 2 : _prec_bounds = [+Infinity, 1, 1, 1, 1] ; summands = (p-1)*p^(n-1) = 862112
  series runtime    : 28.14 s
  c_2               : 421 + O(929)
  c_2 precision     : O(p^1)   (= p^(n-1), the certified modulus)
  v_p(c_2(p))       : 0
  c_2 digits        : [421]   (p^0 first, up to O(p^1))
  INPUT AVAILABLE   : leading digit 421 nonzero, rigorous to O(p^1);
                      by lem:c0c1 this is lambda_an = 2, mu_an = 0.
                      NOT A CERTIFICATE: no Reg_p cross-check, no
                      eq:match5 comparison, no check_agreement.py.
MACHINE reach.p929 v=0 prec=1 digits=[929, 2, 862112, 1, 421, 28144]
-------------------------------------------------------------------------------
p                 : 937
a_p               : 48   #Etilde(F_p) = 890
ordinary          : True
anomalous         : False
Warning : Curve outside Cremona's table. Computations of modular symbol space might take very long !
padic_lseries obj : 0.002 s   <-- cache hit on the level-12544 symbols
_c_bound()        : 0
  n = 2 : _prec_bounds = [+Infinity, 1, 1, 1, 1] ; summands = (p-1)*p^(n-1) = 877032
  series runtime    : 28.16 s
  c_2               : 64 + O(937)
  c_2 precision     : O(p^1)   (= p^(n-1), the certified modulus)
  v_p(c_2(p))       : 0
  c_2 digits        : [64]   (p^0 first, up to O(p^1))
  INPUT AVAILABLE   : leading digit 64 nonzero, rigorous to O(p^1);
                      by lem:c0c1 this is lambda_an = 2, mu_an = 0.
                      NOT A CERTIFICATE: no Reg_p cross-check, no
                      eq:match5 comparison, no check_agreement.py.
MACHINE reach.p937 v=0 prec=1 digits=[937, 2, 877032, 1, 64, 28157]
-------------------------------------------------------------------------------
p                 : 941
a_p               : -58   #Etilde(F_p) = 1000
ordinary          : True
anomalous         : False
Warning : Curve outside Cremona's table. Computations of modular symbol space might take very long !
padic_lseries obj : 0.002 s   <-- cache hit on the level-12544 symbols
_c_bound()        : 0
  n = 2 : _prec_bounds = [+Infinity, 1, 1, 1, 1] ; summands = (p-1)*p^(n-1) = 884540
  series runtime    : 28.96 s
  c_2               : 678 + O(941)
  c_2 precision     : O(p^1)   (= p^(n-1), the certified modulus)
  v_p(c_2(p))       : 0
  c_2 digits        : [678]   (p^0 first, up to O(p^1))
  INPUT AVAILABLE   : leading digit 678 nonzero, rigorous to O(p^1);
                      by lem:c0c1 this is lambda_an = 2, mu_an = 0.
                      NOT A CERTIFICATE: no Reg_p cross-check, no
                      eq:match5 comparison, no check_agreement.py.
MACHINE reach.p941 v=0 prec=1 digits=[941, 2, 884540, 1, 678, 28960]
-------------------------------------------------------------------------------
p                 : 953
a_p               : -26   #Etilde(F_p) = 980
ordinary          : True
anomalous         : False
Warning : Curve outside Cremona's table. Computations of modular symbol space might take very long !
padic_lseries obj : 0.002 s   <-- cache hit on the level-12544 symbols
_c_bound()        : 0
  n = 2 : _prec_bounds = [+Infinity, 1, 1, 1, 1] ; summands = (p-1)*p^(n-1) = 907256
  series runtime    : 30.21 s
  c_2               : 101 + O(953)
  c_2 precision     : O(p^1)   (= p^(n-1), the certified modulus)
  v_p(c_2(p))       : 0
  c_2 digits        : [101]   (p^0 first, up to O(p^1))
  INPUT AVAILABLE   : leading digit 101 nonzero, rigorous to O(p^1);
                      by lem:c0c1 this is lambda_an = 2, mu_an = 0.
                      NOT A CERTIFICATE: no Reg_p cross-check, no
                      eq:match5 comparison, no check_agreement.py.
MACHINE reach.p953 v=0 prec=1 digits=[953, 2, 907256, 1, 101, 30211]
-------------------------------------------------------------------------------
p                 : 977
a_p               : -62   #Etilde(F_p) = 1040
ordinary          : True
anomalous         : False
Warning : Curve outside Cremona's table. Computations of modular symbol space might take very long !
padic_lseries obj : 0.002 s   <-- cache hit on the level-12544 symbols
_c_bound()        : 0
  n = 2 : _prec_bounds = [+Infinity, 1, 1, 1, 1] ; summands = (p-1)*p^(n-1) = 953552
  series runtime    : 31.85 s
  c_2               : 967 + O(977)
  c_2 precision     : O(p^1)   (= p^(n-1), the certified modulus)
  v_p(c_2(p))       : 0
  c_2 digits        : [967]   (p^0 first, up to O(p^1))
  INPUT AVAILABLE   : leading digit 967 nonzero, rigorous to O(p^1);
                      by lem:c0c1 this is lambda_an = 2, mu_an = 0.
                      NOT A CERTIFICATE: no Reg_p cross-check, no
                      eq:match5 comparison, no check_agreement.py.
MACHINE reach.p977 v=0 prec=1 digits=[977, 2, 953552, 1, 967, 31845]
-------------------------------------------------------------------------------
p                 : 997
a_p               : 62   #Etilde(F_p) = 936
ordinary          : True
anomalous         : False
Warning : Curve outside Cremona's table. Computations of modular symbol space might take very long !
padic_lseries obj : 0.002 s   <-- cache hit on the level-12544 symbols
_c_bound()        : 0
  n = 2 : _prec_bounds = [+Infinity, 1, 1, 1, 1] ; summands = (p-1)*p^(n-1) = 993012
  series runtime    : 33.25 s
  c_2               : 916 + O(997)
  c_2 precision     : O(p^1)   (= p^(n-1), the certified modulus)
  v_p(c_2(p))       : 0
  c_2 digits        : [916]   (p^0 first, up to O(p^1))
  INPUT AVAILABLE   : leading digit 916 nonzero, rigorous to O(p^1);
                      by lem:c0c1 this is lambda_an = 2, mu_an = 0.
                      NOT A CERTIFICATE: no Reg_p cross-check, no
                      eq:match5 comparison, no check_agreement.py.
MACHINE reach.p997 v=0 prec=1 digits=[997, 2, 993012, 1, 916, 33252]

===============================================================================
SUMMARY -- reach measurement
===============================================================================
one-off setup (level 12544 modular symbols) : 0.64 s
one-off Galois representation               : 0.04 s
total per-prime scan time                   : 756.15 s
stop reason                                 : range exhausted

   p     n   summands   cert mod   v_p(c_2(p))   wall (s)   verdict
   53     2       2756        p^1             0       0.13   v_p(c_2(p)) = 0
   61     2       3660        p^1             0       0.14   v_p(c_2(p)) = 0
   73     2       5256        p^1             0       0.16   v_p(c_2(p)) = 0
   89     2       7832        p^1             0       0.24   v_p(c_2(p)) = 0
   97     2       9312        p^1             0       0.28   v_p(c_2(p)) = 0
  101     2      10100        p^1             0       0.30   v_p(c_2(p)) = 0
  109     2      11772        p^1             0       0.35   v_p(c_2(p)) = 0
  113     2      12656        p^1             0       0.38   v_p(c_2(p)) = 0
  137     2      18632        p^1             0       0.56   v_p(c_2(p)) = 0
  149     2      22052        p^1             0       0.66   v_p(c_2(p)) = 0
  157     2      24492        p^1             0       0.74   v_p(c_2(p)) = 0
  173     2      29756        p^1             0       0.91   v_p(c_2(p)) = 0
  181     2      32580        p^1             0       0.99   v_p(c_2(p)) = 0
  193     2      37056        p^1             0       1.12   v_p(c_2(p)) = 0
  197     2      38612        p^1             0       1.16   v_p(c_2(p)) = 0
  229     2      52212        p^1             0       1.58   v_p(c_2(p)) = 0
  233     2      54056        p^1             0       1.65   v_p(c_2(p)) = 0
  241     2      57840        p^1             0       1.76   v_p(c_2(p)) = 0
  257     2      65792        p^1             0       2.01   v_p(c_2(p)) = 0
  269     2      72092        p^1             0       2.20   v_p(c_2(p)) = 0
  277     2      76452        p^1             0       2.34   v_p(c_2(p)) = 0
  281     2      78680        p^1             0       2.40   v_p(c_2(p)) = 0
  293     2      85556        p^1             0       2.61   v_p(c_2(p)) = 0
  313     2      97656        p^1             0       2.96   v_p(c_2(p)) = 0
  317     2     100172        p^1             0       3.07   v_p(c_2(p)) = 0
  337     2     113232        p^1             0       3.45   v_p(c_2(p)) = 0
  349     2     121452        p^1             0       3.78   v_p(c_2(p)) = 0
  353     2     124256        p^1             0       3.81   v_p(c_2(p)) = 0
  373     2     138756        p^1             0       4.29   v_p(c_2(p)) = 0
  389     2     150932        p^1             0       4.65   v_p(c_2(p)) = 0
  397     2     157212        p^1             0       4.88   v_p(c_2(p)) = 0
  401     2     160400        p^1             0       5.03   v_p(c_2(p)) = 0
  409     2     166872        p^1             0       5.26   v_p(c_2(p)) = 0
  421     2     176820        p^1             0       5.54   v_p(c_2(p)) = 0
  433     2     187056        p^1             0       5.86   v_p(c_2(p)) = 0
  449     2     201152        p^1             0       6.28   v_p(c_2(p)) = 0
  457     2     208392        p^1             0       6.56   v_p(c_2(p)) = 0
  461     2     212060        p^1             0       6.59   v_p(c_2(p)) = 0
  509     2     258572        p^1             0       8.09   v_p(c_2(p)) = 0
  521     2     270920        p^1             0       8.44   v_p(c_2(p)) = 0
  541     2     292140        p^1             0       9.11   v_p(c_2(p)) = 0
  557     2     309692        p^1             0       9.66   v_p(c_2(p)) = 0
  569     2     323192        p^1             0      10.10   v_p(c_2(p)) = 0
  577     2     332352        p^1             0      10.38   v_p(c_2(p)) = 0
  593     2     351056        p^1             0      11.02   v_p(c_2(p)) = 0
  601     2     360600        p^1             0      11.28   v_p(c_2(p)) = 0
  613     2     375156        p^1             0      11.79   v_p(c_2(p)) = 0
  617     2     380072        p^1             0      12.07   v_p(c_2(p)) = 0
  641     2     410240        p^1             0      12.79   v_p(c_2(p)) = 0
  653     2     425756        p^1             0      13.34   v_p(c_2(p)) = 0
  661     2     436260        p^1             0      13.91   v_p(c_2(p)) = 0
  673     2     452256        p^1             0      14.31   v_p(c_2(p)) = 0
  677     2     457652        p^1             0      14.59   v_p(c_2(p)) = 0
  701     2     490700        p^1             0      15.81   v_p(c_2(p)) = 0
  709     2     501972        p^1             0      16.16   v_p(c_2(p)) = 0
  733     2     536556        p^1             0      17.29   v_p(c_2(p)) = 0
  757     2     572292        p^1             0      18.43   v_p(c_2(p)) = 0
  761     2     578360        p^1             0      18.70   v_p(c_2(p)) = 0
  769     2     590592        p^1             0      19.03   v_p(c_2(p)) = 0
  773     2     596756        p^1             0      19.12   v_p(c_2(p)) = 0
  797     2     634412        p^1             0      20.21   v_p(c_2(p)) = 0
  809     2     653672        p^1             0      20.92   v_p(c_2(p)) = 0
  821     2     673220        p^1             0      21.71   v_p(c_2(p)) = 0
  829     2     686412        p^1             0      22.31   v_p(c_2(p)) = 0
  853     2     726756        p^1             0      23.67   v_p(c_2(p)) = 0
  857     2     733592        p^1             0      23.97   v_p(c_2(p)) = 0
  877     2     768252        p^1             0      25.18   v_p(c_2(p)) = 0
  881     2     775280        p^1             0      25.40   v_p(c_2(p)) = 0
  929     2     862112        p^1             0      28.14   v_p(c_2(p)) = 0
  937     2     877032        p^1             0      28.16   v_p(c_2(p)) = 0
  941     2     884540        p^1             0      28.96   v_p(c_2(p)) = 0
  953     2     907256        p^1             0      30.21   v_p(c_2(p)) = 0
  977     2     953552        p^1             0      31.85   v_p(c_2(p)) = 0
  997     2     993012        p^1             0      33.25   v_p(c_2(p)) = 0

primes with v_p(c_2(p)) = 0 in this scan    : [53, 61, 73, 89, 97, 101, 109, 113, 137, 149, 157, 173, 181, 193, 197, 229, 233, 241, 257, 269, 277, 281, 293, 313, 317, 337, 349, 353, 373, 389, 397, 401, 409, 421, 433, 449, 457, 461, 509, 521, 541, 557, 569, 577, 593, 601, 613, 617, 641, 653, 661, 673, 677, 701, 709, 733, 757, 761, 769, 773, 797, 809, 821, 829, 853, 857, 877, 881, 929, 937, 941, 953, 977, 997]
primes with v_p(c_2(p)) != 0 in this scan   : []
largest split prime reached                 : 997
total per-prime wall time over those primes : 756.01 s
MACHINE reach.summary v=0 prec=0 digits=[997, 74, 756010, 637]

REMINDER: this is a cost-and-reach measurement, not a certificate.  The
theorem of sec:certificates is claimed only at p = 5, 13, 17, 29, 37, 41,
where the full pipeline of ssec:repro was run.
exit status     : 0

=== END reach 43 .. 1000 ===
