# command : nice -n 10 timeout 900 /usr/local/bin/magma -b lo:=1 hi:=400 $HOME/fsr2_descent/scan.m
# magma   : V2.29-9
# date    : 2026-08-20T15:05:05Z (UTC), host remote-host, timeout 900s, nice 10
# scan of y^2 = x^3 + A*x for A in [1..400]
# A  N  #badprimes  analytic_rank  Sha_an(if rank 0)  tors  prodcv
A=1 N=64 nbad=1 bad=[ 2 ] rank=0 Sha_an=1.00000 tors=2 cv=1
A=2 N=256 nbad=1 bad=[ 2 ] rank=0 Sha_an=1.00000 tors=2 cv=2
A=3 N=288 nbad=2 bad=[ 2, 3 ] rank=1 Sha_an=? tors=2 cv=4
A=4 N=32 nbad=1 bad=[ 2 ] rank=0 Sha_an=0.999998 tors=4 cv=4
A=5 N=1600 nbad=2 bad=[ 2, 5 ] rank=1 Sha_an=? tors=2 cv=2
A=6 N=2304 nbad=2 bad=[ 2, 3 ] rank=0 Sha_an=1.00000 tors=2 cv=4
A=7 N=1568 nbad=2 bad=[ 2, 7 ] rank=0 Sha_an=1.00000 tors=2 cv=4
A=8 N=256 nbad=1 bad=[ 2 ] rank=1 Sha_an=? tors=2 cv=2
A=9 N=576 nbad=2 bad=[ 2, 3 ] rank=1 Sha_an=? tors=2 cv=2
A=10 N=6400 nbad=2 bad=[ 2, 5 ] rank=0 Sha_an=1.00000 tors=2 cv=4
A=11 N=3872 nbad=2 bad=[ 2, 11 ] rank=0 Sha_an=0.999998 tors=2 cv=4
A=12 N=576 nbad=2 bad=[ 2, 3 ] rank=0 Sha_an=1.00000 tors=2 cv=4
A=13 N=10816 nbad=2 bad=[ 2, 13 ] rank=1 Sha_an=? tors=2 cv=2
A=14 N=12544 nbad=2 bad=[ 2, 7 ] rank=2 Sha_an=? tors=2 cv=4
A=15 N=7200 nbad=3 bad=[ 2, 3, 5 ] rank=1 Sha_an=? tors=2 cv=8
A=17 N=18496 nbad=2 bad=[ 2, 17 ] rank=0 Sha_an=4.00000 tors=2 cv=2
A=18 N=2304 nbad=2 bad=[ 2, 3 ] rank=1 Sha_an=? tors=2 cv=8
A=19 N=11552 nbad=2 bad=[ 2, 19 ] rank=1 Sha_an=? tors=2 cv=4
A=20 N=800 nbad=2 bad=[ 2, 5 ] rank=1 Sha_an=? tors=2 cv=4
A=21 N=28224 nbad=3 bad=[ 2, 3, 7 ] rank=1 Sha_an=? tors=2 cv=4
A=22 N=30976 nbad=2 bad=[ 2, 11 ] rank=0 Sha_an=1.00000 tors=2 cv=4
A=23 N=16928 nbad=2 bad=[ 2, 23 ] rank=0 Sha_an=1.00000 tors=2 cv=4
A=24 N=2304 nbad=2 bad=[ 2, 3 ] rank=1 Sha_an=? tors=2 cv=4
A=25 N=1600 nbad=2 bad=[ 2, 5 ] rank=0 Sha_an=1.00000 tors=2 cv=4
A=26 N=43264 nbad=2 bad=[ 2, 13 ] rank=0 Sha_an=1.00000 tors=2 cv=4
A=27 N=288 nbad=2 bad=[ 2, 3 ] rank=0 Sha_an=1.00000 tors=2 cv=4
A=28 N=3136 nbad=2 bad=[ 2, 7 ] rank=1 Sha_an=? tors=2 cv=8
A=29 N=53824 nbad=2 bad=[ 2, 29 ] rank=1 Sha_an=? tors=2 cv=2
A=30 N=57600 nbad=3 bad=[ 2, 3, 5 ] rank=0 Sha_an=1.00000 tors=2 cv=8
A=31 N=30752 nbad=2 bad=[ 2, 31 ] rank=1 Sha_an=? tors=2 cv=4
A=33 N=69696 nbad=3 bad=[ 2, 3, 11 ] rank=2 Sha_an=? tors=2 cv=4
A=34 N=73984 nbad=2 bad=[ 2, 17 ] rank=2 Sha_an=? tors=2 cv=4
A=35 N=39200 nbad=3 bad=[ 2, 5, 7 ] rank=1 Sha_an=? tors=2 cv=8
A=36 N=288 nbad=2 bad=[ 2, 3 ] rank=0 Sha_an=1.00000 tors=2 cv=4
A=37 N=87616 nbad=2 bad=[ 2, 37 ] rank=1 Sha_an=? tors=2 cv=2
A=38 N=92416 nbad=2 bad=[ 2, 19 ] rank=0 Sha_an=1.00000 tors=2 cv=4
A=39 N=48672 nbad=3 bad=[ 2, 3, 13 ] rank=2 Sha_an=? tors=2 cv=8
A=40 N=6400 nbad=2 bad=[ 2, 5 ] rank=1 Sha_an=? tors=2 cv=4
A=41 N=107584 nbad=2 bad=[ 2, 41 ] rank=0 Sha_an=4.00000 tors=2 cv=2
A=42 N=112896 nbad=3 bad=[ 2, 3, 7 ] rank=0 Sha_an=1.00000 tors=2 cv=8
A=43 N=59168 nbad=2 bad=[ 2, 43 ] rank=0 Sha_an=1.00000 tors=2 cv=4
A=44 N=7744 nbad=2 bad=[ 2, 11 ] rank=0 Sha_an=0.999999 tors=2 cv=4
A=45 N=14400 nbad=3 bad=[ 2, 3, 5 ] rank=0 Sha_an=1.00000 tors=2 cv=8
A=46 N=135424 nbad=2 bad=[ 2, 23 ] rank=2 Sha_an=? tors=2 cv=4
A=47 N=70688 nbad=2 bad=[ 2, 47 ] rank=1 Sha_an=? tors=2 cv=4
A=49 N=3136 nbad=2 bad=[ 2, 7 ] rank=1 Sha_an=? tors=2 cv=2
A=50 N=6400 nbad=2 bad=[ 2, 5 ] rank=0 Sha_an=1.00000 tors=2 cv=4
A=51 N=83232 nbad=3 bad=[ 2, 3, 17 ] rank=1 Sha_an=? tors=2 cv=8
A=52 N=5408 nbad=2 bad=[ 2, 13 ] rank=0 Sha_an=1.00000 tors=2 cv=8
A=53 N=179776 nbad=2 bad=[ 2, 53 ] rank=1 Sha_an=? tors=2 cv=2
A=54 N=2304 nbad=2 bad=[ 2, 3 ] rank=0 Sha_an=1.00000 tors=2 cv=4
A=55 N=96800 nbad=3 bad=[ 2, 5, 11 ] rank=2 Sha_an=? tors=2 cv=8
A=56 N=12544 nbad=2 bad=[ 2, 7 ] rank=1 Sha_an=? tors=2 cv=4
A=57 N=207936 nbad=3 bad=[ 2, 3, 19 ] rank=0 Sha_an=4.00000 tors=2 cv=4
A=58 N=215296 nbad=2 bad=[ 2, 29 ] rank=0 Sha_an=1.00000 tors=2 cv=4
A=59 N=111392 nbad=2 bad=[ 2, 59 ] rank=0 Sha_an=1.00000 tors=2 cv=4
A=60 N=14400 nbad=3 bad=[ 2, 3, 5 ] rank=1 Sha_an=? tors=2 cv=16
A=61 N=238144 nbad=2 bad=[ 2, 61 ] rank=1 Sha_an=? tors=2 cv=2
A=62 N=246016 nbad=2 bad=[ 2, 31 ] rank=0 Sha_an=4.00000 tors=2 cv=4
A=63 N=14112 nbad=3 bad=[ 2, 3, 7 ] rank=2 Sha_an=? tors=2 cv=8
A=67 N=143648 nbad=2 bad=[ 2, 67 ] rank=1 Sha_an=? tors=2 cv=4
A=68 N=9248 nbad=2 bad=[ 2, 17 ] rank=2 Sha_an=? tors=2 cv=8
A=71 N=161312 nbad=2 bad=[ 2, 71 ] rank=0 Sha_an=1.00000 tors=2 cv=4
A=72 N=2304 nbad=2 bad=[ 2, 3 ] rank=0 Sha_an=1.00000 tors=2 cv=8
A=75 N=7200 nbad=3 bad=[ 2, 3, 5 ] rank=0 Sha_an=1.00000 tors=2 cv=8
A=76 N=23104 nbad=2 bad=[ 2, 19 ] rank=0 Sha_an=1.00000 tors=2 cv=4
A=79 N=199712 nbad=2 bad=[ 2, 79 ] rank=1 Sha_an=? tors=2 cv=4
A=83 N=220448 nbad=2 bad=[ 2, 83 ] rank=1 Sha_an=? tors=2 cv=4
A=84 N=14112 nbad=3 bad=[ 2, 3, 7 ] rank=1 Sha_an=? tors=2 cv=8
A=87 N=242208 nbad=3 bad=[ 2, 3, 29 ] rank=0 Sha_an=1.00000 tors=2 cv=8
A=88 N=30976 nbad=2 bad=[ 2, 11 ] rank=1 Sha_an=? tors=2 cv=4
A=90 N=57600 nbad=3 bad=[ 2, 3, 5 ] rank=1 Sha_an=? tors=2 cv=8
A=92 N=33856 nbad=2 bad=[ 2, 23 ] rank=1 Sha_an=? tors=2 cv=8
A=98 N=12544 nbad=2 bad=[ 2, 7 ] rank=1 Sha_an=? tors=2 cv=4
A=99 N=34848 nbad=3 bad=[ 2, 3, 11 ] rank=2 Sha_an=? tors=2 cv=16
A=100 N=800 nbad=2 bad=[ 2, 5 ] rank=1 Sha_an=? tors=2 cv=8
A=104 N=43264 nbad=2 bad=[ 2, 13 ] rank=1 Sha_an=? tors=2 cv=4
A=108 N=576 nbad=2 bad=[ 2, 3 ] rank=0 Sha_an=1.00000 tors=2 cv=4
A=116 N=26912 nbad=2 bad=[ 2, 29 ] rank=0 Sha_an=1.00000 tors=2 cv=8
A=117 N=97344 nbad=3 bad=[ 2, 3, 13 ] rank=0 Sha_an=4.00000 tors=2 cv=4
A=120 N=57600 nbad=3 bad=[ 2, 3, 5 ] rank=1 Sha_an=? tors=2 cv=8
A=121 N=7744 nbad=2 bad=[ 2, 11 ] rank=1 Sha_an=? tors=2 cv=2
A=124 N=61504 nbad=2 bad=[ 2, 31 ] rank=1 Sha_an=? tors=2 cv=8
A=125 N=1600 nbad=2 bad=[ 2, 5 ] rank=1 Sha_an=? tors=2 cv=2
A=126 N=112896 nbad=3 bad=[ 2, 3, 7 ] rank=1 Sha_an=? tors=2 cv=16
A=132 N=34848 nbad=3 bad=[ 2, 3, 11 ] rank=0 Sha_an=1.00000 tors=2 cv=16
A=135 N=7200 nbad=3 bad=[ 2, 3, 5 ] rank=0 Sha_an=1.00000 tors=2 cv=8
A=136 N=73984 nbad=2 bad=[ 2, 17 ] rank=1 Sha_an=? tors=2 cv=4
A=140 N=78400 nbad=3 bad=[ 2, 5, 7 ] rank=0 Sha_an=1.00000 tors=2 cv=8
A=147 N=14112 nbad=3 bad=[ 2, 3, 7 ] rank=0 Sha_an=0.999998 tors=2 cv=16
A=148 N=43808 nbad=2 bad=[ 2, 37 ] rank=1 Sha_an=? tors=2 cv=4
A=150 N=57600 nbad=3 bad=[ 2, 3, 5 ] rank=2 Sha_an=? tors=2 cv=16
A=152 N=92416 nbad=2 bad=[ 2, 19 ] rank=1 Sha_an=? tors=2 cv=4
A=153 N=166464 nbad=3 bad=[ 2, 3, 17 ] rank=1 Sha_an=? tors=2 cv=8
A=156 N=97344 nbad=3 bad=[ 2, 3, 13 ] rank=1 Sha_an=? tors=2 cv=16
A=164 N=53792 nbad=2 bad=[ 2, 41 ] rank=1 Sha_an=? tors=2 cv=4
A=168 N=112896 nbad=3 bad=[ 2, 3, 7 ] rank=1 Sha_an=? tors=2 cv=8
A=169 N=10816 nbad=2 bad=[ 2, 13 ] rank=0 Sha_an=1.00000 tors=2 cv=4
A=171 N=103968 nbad=3 bad=[ 2, 3, 19 ] rank=1 Sha_an=? tors=2 cv=8
A=172 N=118336 nbad=2 bad=[ 2, 43 ] rank=0 Sha_an=1.00000 tors=2 cv=4
A=175 N=39200 nbad=3 bad=[ 2, 5, 7 ] rank=1 Sha_an=? tors=2 cv=8
A=180 N=7200 nbad=3 bad=[ 2, 3, 5 ] rank=1 Sha_an=? tors=2 cv=32
A=184 N=135424 nbad=2 bad=[ 2, 23 ] rank=1 Sha_an=? tors=2 cv=4
A=188 N=141376 nbad=2 bad=[ 2, 47 ] rank=1 Sha_an=? tors=2 cv=8
A=189 N=28224 nbad=3 bad=[ 2, 3, 7 ] rank=1 Sha_an=? tors=2 cv=4
A=196 N=1568 nbad=2 bad=[ 2, 7 ] rank=1 Sha_an=? tors=2 cv=8
A=200 N=6400 nbad=2 bad=[ 2, 5 ] rank=1 Sha_an=? tors=2 cv=4
A=204 N=166464 nbad=3 bad=[ 2, 3, 17 ] rank=0 Sha_an=1.00000 tors=2 cv=8
A=207 N=152352 nbad=3 bad=[ 2, 3, 23 ] rank=0 Sha_an=1.00000 tors=2 cv=16
A=212 N=89888 nbad=2 bad=[ 2, 53 ] rank=1 Sha_an=? tors=2 cv=4
A=216 N=2304 nbad=2 bad=[ 2, 3 ] rank=1 Sha_an=? tors=2 cv=4
A=220 N=193600 nbad=3 bad=[ 2, 5, 11 ] rank=1 Sha_an=? tors=2 cv=16
A=225 N=14400 nbad=3 bad=[ 2, 3, 5 ] rank=1 Sha_an=? tors=2 cv=8
A=228 N=103968 nbad=3 bad=[ 2, 3, 19 ] rank=1 Sha_an=? tors=2 cv=8
A=232 N=215296 nbad=2 bad=[ 2, 29 ] rank=1 Sha_an=? tors=2 cv=4
A=236 N=222784 nbad=2 bad=[ 2, 59 ] rank=0 Sha_an=1.00000 tors=2 cv=4
A=242 N=30976 nbad=2 bad=[ 2, 11 ] rank=1 Sha_an=? tors=2 cv=8
A=244 N=119072 nbad=2 bad=[ 2, 61 ] rank=0 Sha_an=1.00000 tors=2 cv=8
A=245 N=78400 nbad=3 bad=[ 2, 5, 7 ] rank=0 Sha_an=1.00000 tors=2 cv=8
A=248 N=246016 nbad=2 bad=[ 2, 31 ] rank=1 Sha_an=? tors=2 cv=4
A=250 N=6400 nbad=2 bad=[ 2, 5 ] rank=0 Sha_an=1.00000 tors=2 cv=4
A=252 N=28224 nbad=3 bad=[ 2, 3, 7 ] rank=0 Sha_an=1.00000 tors=2 cv=16
A=260 N=135200 nbad=3 bad=[ 2, 5, 13 ] rank=2 Sha_an=? tors=2 cv=16
A=270 N=57600 nbad=3 bad=[ 2, 3, 5 ] rank=0 Sha_an=0.999999 tors=2 cv=8
A=275 N=96800 nbad=3 bad=[ 2, 5, 11 ] rank=1 Sha_an=? tors=2 cv=16
A=276 N=152352 nbad=3 bad=[ 2, 3, 23 ] rank=1 Sha_an=? tors=2 cv=8
A=289 N=18496 nbad=2 bad=[ 2, 17 ] rank=2 Sha_an=? tors=2 cv=4
A=292 N=170528 nbad=2 bad=[ 2, 73 ] rank=1 Sha_an=? tors=2 cv=4
A=294 N=112896 nbad=3 bad=[ 2, 3, 7 ] rank=1 Sha_an=? tors=2 cv=16
A=297 N=69696 nbad=3 bad=[ 2, 3, 11 ] rank=0 Sha_an=4.00000 tors=2 cv=4
A=300 N=14400 nbad=3 bad=[ 2, 3, 5 ] rank=0 Sha_an=1.00000 tors=2 cv=8
A=308 N=189728 nbad=3 bad=[ 2, 7, 11 ] rank=2 Sha_an=? tors=2 cv=16
A=338 N=43264 nbad=2 bad=[ 2, 13 ] rank=0 Sha_an=1.00000 tors=2 cv=4
A=340 N=231200 nbad=3 bad=[ 2, 5, 17 ] rank=1 Sha_an=? tors=2 cv=8
A=343 N=1568 nbad=2 bad=[ 2, 7 ] rank=0 Sha_an=1.00000 tors=2 cv=4
A=351 N=48672 nbad=3 bad=[ 2, 3, 13 ] rank=1 Sha_an=? tors=2 cv=8
A=360 N=57600 nbad=3 bad=[ 2, 3, 5 ] rank=2 Sha_an=? tors=2 cv=8
A=361 N=23104 nbad=2 bad=[ 2, 19 ] rank=1 Sha_an=? tors=2 cv=2
A=363 N=34848 nbad=3 bad=[ 2, 3, 11 ] rank=1 Sha_an=? tors=2 cv=8
A=375 N=7200 nbad=3 bad=[ 2, 3, 5 ] rank=0 Sha_an=1.00000 tors=2 cv=8
A=378 N=112896 nbad=3 bad=[ 2, 3, 7 ] rank=0 Sha_an=1.00000 tors=2 cv=8
A=392 N=12544 nbad=2 bad=[ 2, 7 ] rank=0 Sha_an=4.00000 tors=2 cv=4
A=396 N=69696 nbad=3 bad=[ 2, 3, 11 ] rank=1 Sha_an=? tors=2 cv=16
# scan complete
