=== m2_katz.gp : the p-adic side of the criterion class, C1a ===
pari version      : [2, 17, 2]
curve             : E : y^2 = x^3 - 56x   [0,0,0,-56,0]
conductor         : 12544
realprecision     : 404
g2, g3            : 224, 0   (g3 = 0 : lemniscatic)
s2 = 0 gate       : |eta(w1) - conj(w1)/A| = 2^-1339 , |eta(w2) - conj(w2)/A| = 2^-1340
                  : PASS
classes of D_E    : 384   (expect 384)
                  : PASS
eq:EKclosed gate  : worst relative discrepancy over 384 points and 6 slots = 2^-1344
                  : PASS
                  : (4.500000000000000000000000000000000000000000000000000000000000000000000000000000000000000000000000000000000000000000000000000000000000000000000000000000000000000000000000000000000000000000000000000000000000000000000000000000000000000000000000000000000000000000000000000000000000000000000000000000000000000000000000000000000000000000000000000000000000000000000000000000000000000000000000000000000000000 s)

--- BK-indexed class sums  S[k,l] = sum_g eps(g)^{-(k+l+1)} c_{k,l}(t_g) ---
    (BK Prop. 3.1/3.3:  int x^k y^l d mu = Omega_p^{k+l} S[k,l])
S[0,0] = 0        residual 2^-1332
S[0,1] = -32        residual 2^-1327
S[0,2] = -144        residual 2^-1323
S[0,3] = 9/35        residual 2^-1317
S[0,4] = 79200/49        residual 2^-1315
S[1,0] = -3584        residual 2^-1327
S[1,1] = 0        residual 2^-1322
S[1,2] = 0        residual 2^-1317
S[1,3] = 1152        residual 2^-1313
S[1,4] = -5168/7        residual 2^-1304
S[2,0] = 451584        residual 2^-1323
S[2,1] = -21504        residual 2^-1317
S[2,2] = 2048        residual 2^-1310
S[2,3] = -24832/7        residual 2^-1302
S[2,4] = -119328/7        residual 2^-1296
S[3,0] = -68812800        residual 2^-1312
S[3,1] = 3612672        residual 2^-1313
S[3,2] = -397312        residual 2^-1301
S[3,3] = 0        residual 2^-1294
S[3,4] = 0        residual 2^-1287
S[4,0] = 15895756800        residual 2^-1309
S[4,1] = -1037238272        residual 2^-1302
S[4,2] = 53458944        residual 2^-1295
S[4,3] = -2408448        residual 2^-1286
S[4,4] = 3686400/7        residual 2^-1276
exactness gate    : PASS

--- the same sums in the central-twist normalisation (BK Prop. 3.13) ---
    SC[k,l] = sum_{alpha in (O_K/f)^x} eps(alpha) c_{k,l}(t_alpha)
    mu_K selection rule: SC[k,l] = 4 S[k,l] if 4 | k+l+2, and 0 otherwise
SC[0,0] = 0
SC[0,1] = 0
SC[0,2] = -576
SC[0,3] = 0
SC[0,4] = 0
SC[1,0] = 0
SC[1,1] = 0
SC[1,2] = 0
SC[1,3] = 0
SC[1,4] = 0
SC[2,0] = 1806336
SC[2,1] = 0
SC[2,2] = 0
SC[2,3] = 0
SC[2,4] = -477312/7
SC[3,0] = 0
SC[3,1] = 0
SC[3,2] = 0
SC[3,3] = 0
SC[3,4] = 0
SC[4,0] = 0
SC[4,1] = 0
SC[4,2] = 213835776
SC[4,3] = 0
SC[4,4] = 0
selection rule    : worst relative discrepancy from the rule = 2^-1276
                  : PASS

m_{0,0} zero gate : S[0,0] = 1.2333817594247208246 E-401 - 9.167026590318870994 E-403*I , log2|S[0,0]| = -1332
                  : S[0,0] is the mass int d mu_psi, = the paper's S_{0,1},
                  : a unit multiple of L(psibar_E,1) = L(E,1) = 0 (rank two).
                  : PASS at full working precision

--- agreement with the S_{a,b} table of numerics.tex ---
paper S_{0,1}/A^0 = 0   ->  S[0,0] predicted 0 , computed 0   diff 2^-1332
paper S_{0,2}/A^0 = 3584   ->  S[1,0] predicted -3584 , computed -3584   diff 2^-1327
paper S_{1,1}/A^1 = 32   ->  S[0,1] predicted -32 , computed -32   diff 2^-1327
paper S_{0,3}/A^0 = 225792   ->  S[2,0] predicted 451584 , computed 451584   diff 2^-1323
paper S_{1,2}/A^1 = 0   ->  S[1,1] predicted 0 , computed 0   diff 2^-1322
paper S_{2,1}/A^2 = -144   ->  S[0,2] predicted -144 , computed -144   diff 2^-1323
dictionary gate   : PASS

--- split primes: eligibility, the fp-labelling, and the Omega_p obstruction ---
eligibility: p = 1 mod 4 (split), p not in {2,7} (good), p prime to 384 = #Cl_f(K),
             a_p not = 1 mod p (not anomalous), p not in S_E (S_E is inside {2,3,7}).
p = 5 | split 1 good 1 prime-to-384 1 a_p = -2 anomalous 0 outside S_E 1 | ELIGIBLE 1
      fp = (-1 + 2i) , iota_p : i -> 3 mod 5  [i_p^2 = -1 and iota_p(pi) = 0 mod p : 1] , eps(pi) = i^0
      psi(fp) = eps(pi) pi , iota_p(psi(fp)) = 0 mod p (must be 0) ; unit root alpha = 3 mod 5 ; alpha = iota_p(conj psi(fp)) mod p^8 : 1
      alpha^(p-1) = 1 : 0   ord(alpha) in (Z/p^3)^x = 100   [= the unramified degree the assembly would need]
      S[k,l] mod p^5, the l >= 0 window slots (k,l) : (0,0)=0  (1,0)=2666  (2,0)=1584
p = 13 | split 1 good 1 prime-to-384 1 a_p = -6 anomalous 0 outside S_E 1 | ELIGIBLE 1
      fp = (3 + 2i) , iota_p : i -> 5 mod 13  [i_p^2 = -1 and iota_p(pi) = 0 mod p : 1] , eps(pi) = i^2
      psi(fp) = eps(pi) pi , iota_p(psi(fp)) = 0 mod p (must be 0) ; unit root alpha = 7 mod 13 ; alpha = iota_p(conj psi(fp)) mod p^8 : 1
      alpha^(p-1) = 1 : 0   ord(alpha) in (Z/p^3)^x = 2028   [= the unramified degree the assembly would need]
      S[k,l] mod p^5, the l >= 0 window slots (k,l) : (0,0)=0  (1,0)=367709  (2,0)=80291
p = 17 | split 1 good 1 prime-to-384 1 a_p = -8 anomalous 0 outside S_E 1 | ELIGIBLE 1
      fp = (1 + 4i) , iota_p : i -> 4 mod 17  [i_p^2 = -1 and iota_p(pi) = 0 mod p : 1] , eps(pi) = i^1
      psi(fp) = eps(pi) pi , iota_p(psi(fp)) = 0 mod p (must be 0) ; unit root alpha = 9 mod 17 ; alpha = iota_p(conj psi(fp)) mod p^8 : 1
      alpha^(p-1) = 1 : 0   ord(alpha) in (Z/p^3)^x = 2312   [= the unramified degree the assembly would need]
      S[k,l] mod p^5, the l >= 0 window slots (k,l) : (0,0)=0  (1,0)=1416273  (2,0)=451584
p = 29 | split 1 good 1 prime-to-384 1 a_p = 4 anomalous 0 outside S_E 1 | ELIGIBLE 1
      fp = (-5 + 2i) , iota_p : i -> 17 mod 29  [i_p^2 = -1 and iota_p(pi) = 0 mod p : 1] , eps(pi) = i^3
      psi(fp) = eps(pi) pi , iota_p(psi(fp)) = 0 mod p (must be 0) ; unit root alpha = 4 mod 29 ; alpha = iota_p(conj psi(fp)) mod p^8 : 1
      alpha^(p-1) = 1 : 0   ord(alpha) in (Z/p^3)^x = 11774   [= the unramified degree the assembly would need]
      S[k,l] mod p^5, the l >= 0 window slots (k,l) : (0,0)=0  (1,0)=20507565  (2,0)=451584
p = 37 | split 1 good 1 prime-to-384 1 a_p = -12 anomalous 0 outside S_E 1 | ELIGIBLE 1
      fp = (-1 + 6i) , iota_p : i -> 31 mod 37  [i_p^2 = -1 and iota_p(pi) = 0 mod p : 1] , eps(pi) = i^1
      psi(fp) = eps(pi) pi , iota_p(psi(fp)) = 0 mod p (must be 0) ; unit root alpha = 25 mod 37 ; alpha = iota_p(conj psi(fp)) mod p^8 : 1
      alpha^(p-1) = 1 : 0   ord(alpha) in (Z/p^3)^x = 24642   [= the unramified degree the assembly would need]
      S[k,l] mod p^5, the l >= 0 window slots (k,l) : (0,0)=0  (1,0)=69340373  (2,0)=451584
p = 41 | split 1 good 1 prime-to-384 1 a_p = -8 anomalous 0 outside S_E 1 | ELIGIBLE 1
      fp = (5 + 4i) , iota_p : i -> 9 mod 41  [i_p^2 = -1 and iota_p(pi) = 0 mod p : 1] , eps(pi) = i^1
      psi(fp) = eps(pi) pi , iota_p(psi(fp)) = 0 mod p (must be 0) ; unit root alpha = 33 mod 41 ; alpha = iota_p(conj psi(fp)) mod p^8 : 1
      alpha^(p-1) = 1 : 0   ord(alpha) in (Z/p^3)^x = 33620   [= the unramified degree the assembly would need]
      S[k,l] mod p^5, the l >= 0 window slots (k,l) : (0,0)=0  (1,0)=115852617  (2,0)=451584
p = 53 | split 1 good 1 prime-to-384 1 a_p = -4 anomalous 0 outside S_E 1 | ELIGIBLE 1
      fp = (7 + 2i) , iota_p : i -> 23 mod 53  [i_p^2 = -1 and iota_p(pi) = 0 mod p : 1] , eps(pi) = i^1
      psi(fp) = eps(pi) pi , iota_p(psi(fp)) = 0 mod p (must be 0) ; unit root alpha = 49 mod 53 ; alpha = iota_p(conj psi(fp)) mod p^8 : 1
      alpha^(p-1) = 1 : 0   ord(alpha) in (Z/p^3)^x = 36517   [= the unramified degree the assembly would need]
      S[k,l] mod p^5, the l >= 0 window slots (k,l) : (0,0)=0  (1,0)=418191909  (2,0)=451584
p = 61 | split 1 good 1 prime-to-384 1 a_p = -10 anomalous 0 outside S_E 1 | ELIGIBLE 1
      fp = (-5 + 6i) , iota_p : i -> 11 mod 61  [i_p^2 = -1 and iota_p(pi) = 0 mod p : 1] , eps(pi) = i^0
      psi(fp) = eps(pi) pi , iota_p(psi(fp)) = 0 mod p (must be 0) ; unit root alpha = 51 mod 61 ; alpha = iota_p(conj psi(fp)) mod p^8 : 1
      alpha^(p-1) = 1 : 0   ord(alpha) in (Z/p^3)^x = 223260   [= the unramified degree the assembly would need]
      S[k,l] mod p^5, the l >= 0 window slots (k,l) : (0,0)=0  (1,0)=844592717  (2,0)=451584
p = 73 | split 1 good 1 prime-to-384 1 a_p = -16 anomalous 0 outside S_E 1 | ELIGIBLE 1
      fp = (-3 + 8i) , iota_p : i -> 46 mod 73  [i_p^2 = -1 and iota_p(pi) = 0 mod p : 1] , eps(pi) = i^1
      psi(fp) = eps(pi) pi , iota_p(psi(fp)) = 0 mod p (must be 0) ; unit root alpha = 57 mod 73 ; alpha = iota_p(conj psi(fp)) mod p^8 : 1
      alpha^(p-1) = 1 : 0   ord(alpha) in (Z/p^3)^x = 95922   [= the unramified degree the assembly would need]
      S[k,l] mod p^5, the l >= 0 window slots (k,l) : (0,0)=0  (1,0)=2073068009  (2,0)=451584
p = 89 | split 1 good 1 prime-to-384 1 a_p = -16 anomalous 0 outside S_E 1 | ELIGIBLE 1
      fp = (5 + 8i) , iota_p : i -> 55 mod 89  [i_p^2 = -1 and iota_p(pi) = 0 mod p : 1] , eps(pi) = i^1
      psi(fp) = eps(pi) pi , iota_p(psi(fp)) = 0 mod p (must be 0) ; unit root alpha = 73 mod 89 ; alpha = iota_p(conj psi(fp)) mod p^8 : 1
      alpha^(p-1) = 1 : 0   ord(alpha) in (Z/p^3)^x = 174262   [= the unramified degree the assembly would need]
      S[k,l] mod p^5, the l >= 0 window slots (k,l) : (0,0)=0  (1,0)=5584055865  (2,0)=451584
p = 97 | split 1 good 1 prime-to-384 1 a_p = 8 anomalous 0 outside S_E 1 | ELIGIBLE 1
      fp = (9 + 4i) , iota_p : i -> 22 mod 97  [i_p^2 = -1 and iota_p(pi) = 0 mod p : 1] , eps(pi) = i^3
      psi(fp) = eps(pi) pi , iota_p(psi(fp)) = 0 mod p (must be 0) ; unit root alpha = 8 mod 97 ; alpha = iota_p(conj psi(fp)) mod p^8 : 1
      alpha^(p-1) = 1 : 0   ord(alpha) in (Z/p^3)^x = 150544   [= the unramified degree the assembly would need]
      S[k,l] mod p^5, the l >= 0 window slots (k,l) : (0,0)=0  (1,0)=8587336673  (2,0)=451584
p = 101 | split 1 good 1 prime-to-384 1 a_p = -2 anomalous 0 outside S_E 1 | ELIGIBLE 1
      fp = (-1 + 10i) , iota_p : i -> 91 mod 101  [i_p^2 = -1 and iota_p(pi) = 0 mod p : 1] , eps(pi) = i^0
      psi(fp) = eps(pi) pi , iota_p(psi(fp)) = 0 mod p (must be 0) ; unit root alpha = 99 mod 101 ; alpha = iota_p(conj psi(fp)) mod p^8 : 1
      alpha^(p-1) = 1 : 0   ord(alpha) in (Z/p^3)^x = 1020100   [= the unramified degree the assembly would need]
      S[k,l] mod p^5, the l >= 0 window slots (k,l) : (0,0)=0  (1,0)=10510096917  (2,0)=451584
p = 109 | split 1 good 1 prime-to-384 1 a_p = 20 anomalous 0 outside S_E 1 | ELIGIBLE 1
      fp = (3 + 10i) , iota_p : i -> 76 mod 109  [i_p^2 = -1 and iota_p(pi) = 0 mod p : 1] , eps(pi) = i^3
      psi(fp) = eps(pi) pi , iota_p(psi(fp)) = 0 mod p (must be 0) ; unit root alpha = 20 mod 109 ; alpha = iota_p(conj psi(fp)) mod p^8 : 1
      alpha^(p-1) = 1 : 0   ord(alpha) in (Z/p^3)^x = 641574   [= the unramified degree the assembly would need]
      S[k,l] mod p^5, the l >= 0 window slots (k,l) : (0,0)=0  (1,0)=15386235965  (2,0)=451584
p = 113 | split 1 good 1 prime-to-384 1 a_p = -14 anomalous 0 outside S_E 1 | ELIGIBLE 1
      fp = (-7 + 8i) , iota_p : i -> 15 mod 113  [i_p^2 = -1 and iota_p(pi) = 0 mod p : 1] , eps(pi) = i^0
      psi(fp) = eps(pi) pi , iota_p(psi(fp)) = 0 mod p (must be 0) ; unit root alpha = 99 mod 113 ; alpha = iota_p(conj psi(fp)) mod p^8 : 1
      alpha^(p-1) = 1 : 0   ord(alpha) in (Z/p^3)^x = 357532   [= the unramified degree the assembly would need]
      S[k,l] mod p^5, the l >= 0 window slots (k,l) : (0,0)=0  (1,0)=18424348209  (2,0)=451584
alpha labelling   : PASS at every prime listed

--- the Omega_p obstruction (why p^{-2}M_2 is not assembled here) ---
BK p. 272: Ehat = Gm-hat over W via eta_p(t) = exp[Omega_p^{-1} lambda(t)] - 1,
with Omega_p in W^x a p-adic period.  For E/Q ordinary at p the Galois action
on T_p(Ehat) is the cyclotomic character times the unramified character sending
Frobenius to alpha^{-1}, so Frob(Omega_p)/Omega_p = alpha^{+-1}.  A solution of
Frob(X) = cX with c in Z_p^x lies in W(F_{p^d})/p^N only if c^d = 1 mod p^N.
The lines above show alpha^(p-1) != 1, so Omega_p lies in no finite unramified
extension of Z_p; and the criterion class divides by p^2, so the assembly needs
Omega_p mod p^3, hence unramified degree ord(alpha) in (Z/p^3)^x -- the last
column above -- on top of the ramified Z_p[zeta_p] the level-p Fourier
resolution of the Teichmueller twists needs.  That is the blocker.

gates passed      : 8 of 8
